C51 COMPILER V9.01   BEEP                                                                  03/30/2023 10:09:09 PAGE 1   


C51 COMPILER V9.01, COMPILATION OF MODULE BEEP
OBJECT MODULE PLACED IN .\Output\beep.obj
COMPILER INVOKED BY: D:\Keil\C51\BIN\C51.EXE ..\driver\beep.c LARGE OPTIMIZE(7,SPEED) BROWSE INCDIR(..\Library\Device\In
                    -clude;..\Library\StdDriver\inc;..\user;..\driver;..\bsp;..\Include;..\common) DEBUG OBJECTEXTEND PRINT(.\LST\beep.lst) T
                    -ABS(2) OBJECT(.\Output\beep.obj)

line level    source

   1          /*
   2           * beep.c
   3           *
   4           *  Created on: 2019Äê7ÔÂ3ÈÕ
   5           *      Author: Administrator
   6           */
   7          
   8          #ifndef DRIVER_BEEP_C_
   9          #define DRIVER_BEEP_C_
  10          #include "common.h"
  11          #include "beep.h"
  12          #include "pwm_simple.h"
  13          
  14          
  15          #define BEEP_DISABLE()  {PWM1DutyCycle(0);}
  16          #define BEEP_ENABLE()   {PWM1DutyCycle(500);}
  17          
  18          
  19          
  20          
  21          static u8 cnt=0;
  22          static u16 on=0,off=0;
  23          static u16 ticks=0;
  24          
  25          void beep_force_stop(void)
  26          {
  27   1        cnt=0+1;
  28   1        BEEP_DISABLE();
  29   1      }
  30          
  31          
  32          void beep_set(u8 count,u16 on_ticks,u16 off_ticks)
  33          {
  34   1      #if(0)
                if(count==0){cnt=0;BEEP_DISABLE();return;}
                on=on_ticks;
                off=off_ticks;
                BEEP_ENABLE();
                cnt=count+1;
                ticks=0;
              #else
  42   1        if(count==0){cnt=0;BEEP_DISABLE();return;}
  43   1        if(cnt){return;}
  44   1        on=on_ticks;
  45   1        off=off_ticks;
  46   1        BEEP_ENABLE();
  47   1        cnt=count+1;
  48   1        ticks=0;
  49   1      #endif
  50   1      }
  51          
  52          
  53          
C51 COMPILER V9.01   BEEP                                                                  03/30/2023 10:09:09 PAGE 2   

  54          
  55          
  56          void beep_sound_proc(void)
  57          {
  58   1        if(cnt==1)
  59   1        {
  60   2          BEEP_DISABLE();
  61   2          cnt=0;
  62   2        }
  63   1        else if(cnt>1)
  64   1        {
  65   2          if(ticks==on)
  66   2          {
  67   3            BEEP_DISABLE();
  68   3            cnt--;
  69   3          }
  70   2          else if(ticks>(off+on))
  71   2          {
  72   3            if(cnt>1){BEEP_ENABLE();}
  73   3            ticks=0xffff;
  74   3          }
  75   2          ticks++;
  76   2        }
  77   1        else{}
  78   1      
  79   1      }
  80          
  81          
  82          
  83          
  84          
  85          #endif /* DRIVER_BEEP_C_ */


MODULE INFORMATION:   STATIC OVERLAYABLE
   CODE SIZE        =    236    ----
   CONSTANT SIZE    =   ----    ----
   XDATA SIZE       =      7       5
   PDATA SIZE       =   ----    ----
   DATA SIZE        =   ----    ----
   IDATA SIZE       =   ----    ----
   BIT SIZE         =   ----    ----
END OF MODULE INFORMATION.


C51 COMPILATION COMPLETE.  0 WARNING(S),  0 ERROR(S)
