BL51 BANKED LINKER/LOCATER V6.22                                                        03/30/2023  10:09:10  PAGE 1


BL51 BANKED LINKER/LOCATER V6.22, INVOKED BY:
D:\KEIL\C51\BIN\BL51.EXE .\Output\STARTUP.obj, .\Output\7_segment.obj, .\Output\aip1628.obj, .\Output\indecate.obj, .\Ou
>> tput\led_disp.obj, .\Output\keypad.obj, .\Output\keypad_fun.obj, .\Output\beep.obj, .\Output\main.obj, .\Output\queue
>> .obj, .\Output\uart_frame.obj, .\Output\treadmills.obj, .\Output\param.obj, .\Output\isr.obj, .\Output\PWM_simple.obj
>> , .\Output\Timer01_M1.obj, .\Output\uart.obj, .\Output\ee_param.obj, .\Output\IAP_EEPROM.obj, .\Output\Delay.obj, .\O
>> utput\Common.obj TO .\Output\C1_SK_beepswitch_trans_param PRINT (.\LST\C1_SK_beepswitch_trans_param.m51) RAMSIZE (256
>> ) DISABLEWARNING (16)


MEMORY MODEL: LARGE WITH FLOATING POINT ARITHMETIC


INPUT MODULES INCLUDED:
  .\Output\STARTUP.obj (?C_STARTUP)
  .\Output\7_segment.obj (7_SEGMENT)
  .\Output\aip1628.obj (AIP1628)
  .\Output\indecate.obj (INDECATE)
  .\Output\led_disp.obj (LED_DISP)
  .\Output\keypad.obj (KEYPAD)
  .\Output\keypad_fun.obj (KEYPAD_FUN)
  .\Output\beep.obj (BEEP)
  .\Output\main.obj (MAIN)
  .\Output\queue.obj (QUEUE)
  .\Output\uart_frame.obj (UART_FRAME)
  .\Output\treadmills.obj (TREADMILLS)
  .\Output\param.obj (PARAM)
  .\Output\isr.obj (ISR)
  .\Output\PWM_simple.obj (PWM_SIMPLE)
  .\Output\Timer01_M1.obj (TIMER01_M1)
  .\Output\uart.obj (UART)
  .\Output\ee_param.obj (EE_PARAM)
  .\Output\IAP_EEPROM.obj (IAP_EEPROM)
  .\Output\Delay.obj (DELAY)
  .\Output\Common.obj (COMMON)
  D:\KEIL\C51\LIB\C51FPL.LIB (?C?FPADD)
  D:\KEIL\C51\LIB\C51FPL.LIB (?C?FPMUL)
  D:\KEIL\C51\LIB\C51FPL.LIB (?C?FPDIV)
  D:\KEIL\C51\LIB\C51FPL.LIB (?C?FPCMP)
  D:\KEIL\C51\LIB\C51FPL.LIB (?C?FCAST)
  D:\KEIL\C51\LIB\C51FPL.LIB (?C?CASTF)
  D:\KEIL\C51\LIB\C51FPL.LIB (?C?FPGETOPN)
  D:\KEIL\C51\LIB\C51L.LIB (?C_INIT)
  D:\KEIL\C51\LIB\C51L.LIB (?C?CLDPTR)
  D:\KEIL\C51\LIB\C51L.LIB (?C?CLDOPTR)
  D:\KEIL\C51\LIB\C51L.LIB (?C?CSTPTR)
  D:\KEIL\C51\LIB\C51L.LIB (?C?CSTOPTR)
  D:\KEIL\C51\LIB\C51L.LIB (?C?UIDIV)
  D:\KEIL\C51\LIB\C51L.LIB (?C?ULDIV)
  D:\KEIL\C51\LIB\C51L.LIB (?C?LNEG)
  D:\KEIL\C51\LIB\C51L.LIB (?C?ULCMP)
  D:\KEIL\C51\LIB\C51L.LIB (?C?ULSHR)
  D:\KEIL\C51\LIB\C51L.LIB (?C?LLDOPTR)
  D:\KEIL\C51\LIB\C51L.LIB (?C?LSTOPTR)
  D:\KEIL\C51\LIB\C51L.LIB (?C?LLDOPTR0)
  D:\KEIL\C51\LIB\C51L.LIB (?C?LSTXDATA)
  D:\KEIL\C51\LIB\C51L.LIB (?C?LSTKXDATA)
  D:\KEIL\C51\LIB\C51L.LIB (?C?LSTKOPTR)
  D:\KEIL\C51\LIB\C51L.LIB (?C?PLDPTR)
BL51 BANKED LINKER/LOCATER V6.22                                                      03/30/2023  10:09:10  PAGE 2


  D:\KEIL\C51\LIB\C51L.LIB (?C?PSTPTR)
  D:\KEIL\C51\LIB\C51L.LIB (?C?LLDIDATA)
  D:\KEIL\C51\LIB\C51L.LIB (?C?LLDXDATA)
  D:\KEIL\C51\LIB\C51L.LIB (?C?LLDPDATA)
  D:\KEIL\C51\LIB\C51L.LIB (?C?LLDCODE)
  D:\KEIL\C51\LIB\C51L.LIB (?C?LLDIDATA0)
  D:\KEIL\C51\LIB\C51L.LIB (?C?LLDXDATA0)
  D:\KEIL\C51\LIB\C51L.LIB (?C?LLDPDATA0)
  D:\KEIL\C51\LIB\C51L.LIB (?C?LLDCODE0)
  D:\KEIL\C51\LIB\C51L.LIB (?C?LSTIDATA)
  D:\KEIL\C51\LIB\C51L.LIB (?C?LSTPDATA)
  D:\KEIL\C51\LIB\C51L.LIB (?C?LSTKIDATA)
  D:\KEIL\C51\LIB\C51L.LIB (?C?LSTKPDATA)
  D:\KEIL\C51\LIB\C51L.LIB (?C?PLDIDATA)
  D:\KEIL\C51\LIB\C51L.LIB (?C?PSTIDATA)
  D:\KEIL\C51\LIB\C51L.LIB (?C?PLDXDATA)
  D:\KEIL\C51\LIB\C51L.LIB (?C?PSTXDATA)
  D:\KEIL\C51\LIB\C51L.LIB (?C?PLDPDATA)
  D:\KEIL\C51\LIB\C51L.LIB (?C?PSTPDATA)
  D:\KEIL\C51\LIB\C51L.LIB (?C?PLDCODE)


LINK MAP OF MODULE:  .\Output\C1_SK_beepswitch_trans_param (?C_STARTUP)


            TYPE    BASE      LENGTH    RELOCATION   SEGMENT NAME
            -----------------------------------------------------

            * * * * * * *   D A T A   M E M O R Y   * * * * * * *
            REG     0000H     0008H     ABSOLUTE     "REG BANK 0"
            DATA    0008H     0002H     UNIT         _DATA_GROUP_
                    000AH     0016H                  *** GAP ***
            BIT     0020H.0   0000H.1   UNIT         ?BI?KEYPAD_FUN
            BIT     0020H.1   0000H.1   UNIT         ?BI?MAIN
            BIT     0020H.2   0000H.1   UNIT         ?BI?DELAY
                    0020H.3   0000H.5                *** GAP ***
            IDATA   0021H     0001H     UNIT         ?STACK

            * * * * * * *  X D A T A   M E M O R Y  * * * * * * *
            XDATA   0000H     0152H     UNIT         ?XD?UART_FRAME
            XDATA   0152H     0046H     UNIT         ?XD?TREADMILLS
            XDATA   0198H     0012H     UNIT         _XDATA_GROUP_
            XDATA   01AAH     000EH     UNIT         ?XD?LED_DISP
            XDATA   01B8H     000DH     UNIT         ?XD?7_SEGMENT
            XDATA   01C5H     000DH     UNIT         ?XD?ISR
            XDATA   01D2H     000BH     UNIT         ?XD?KEYPAD
            XDATA   01DDH     0007H     UNIT         ?XD?BEEP
            XDATA   01E4H     0006H     UNIT         ?XD?INDECATE
            XDATA   01EAH     0005H     UNIT         ?XD?_AIP1628_WRITE_NBYTES?AIP1628
            XDATA   01EFH     0004H     UNIT         ?XD?PARAM
            XDATA   01F3H     0004H     UNIT         ?XD?_TIMER0_DELAY100US?DELAY
            XDATA   01F7H     0004H     UNIT         ?XD?_TIMER0_DELAY1MS?DELAY
            XDATA   01FBH     0004H     UNIT         ?XD?_TIMER1_DELAY10MS?DELAY
            XDATA   01FFH     0004H     UNIT         ?XD?_TIMER2_DELAY500US?DELAY
            XDATA   0203H     0004H     UNIT         ?XD?_TIMER3_DELAY100MS?DELAY
            XDATA   0207H     0004H     UNIT         ?XD?_TIMER3_DELAY10US?DELAY
            XDATA   020BH     0002H     UNIT         ?XD?_SET_SEG_TOGGLE_VAL?LED_DISP
BL51 BANKED LINKER/LOCATER V6.22                                                      03/30/2023  10:09:10  PAGE 3


            XDATA   020DH     0002H     UNIT         ?XD?MAIN
            XDATA   020FH     0002H     UNIT         ?XD?EE_PARAM
            XDATA   0211H     0001H     UNIT         ?XD?_UART_SEND_VALUE?UART

            * * * * * * *   C O D E   M E M O R Y   * * * * * * *
            CODE    0000H     0003H     ABSOLUTE     
            CODE    0003H     0007H     UNIT         ?PR?EE_PARAM_INIT?EE_PARAM
            CODE    000AH     0001H     UNIT         ?PR?KEYPAD_ALL_REALSE_PROC?KEYPAD_FUN
            CODE    000BH     0003H     ABSOLUTE     
            CODE    000EH     0014H     UNIT         ?PR?_WT_BYTE?AIP1628
            CODE    0022H     0001H     UNIT         ?PR?KEYPAD_LONG_PROC?KEYPAD_FUN
            CODE    0023H     0003H     ABSOLUTE     
            CODE    0026H     07E3H     UNIT         ?C?LIB_CODE
            CODE    0809H     0725H     UNIT         ?PR?KEYPAD_SHORT_PROC?KEYPAD_FUN
            CODE    0F2EH     039AH     UNIT         ?PR?TREADMILLS_PROC_LOOP?TREADMILLS
            CODE    12C8H     02F8H     UNIT         ?PR?_TREADMILLS_DISPLAY?TREADMILLS
            CODE    15C0H     02D8H     UNIT         ?PR?TREADMILLS_PARAM_CALC?TREADMILLS
            CODE    1898H     01CEH     UNIT         ?PR?SEG_DISP_PROC?LED_DISP
            CODE    1A66H     015BH     UNIT         ?PR?UART_FRAME_LOOP?UART_FRAME
            CODE    1BC1H     0135H     UNIT         ?PR?CMD_PROC?UART_FRAME
            CODE    1CF6H     012FH     UNIT         ?PR?_SET_SEG_TOGGLE_VAL?LED_DISP
            CODE    1E25H     0113H     UNIT         ?PR?KEYPAD_SCAN?KEYPAD
            CODE    1F38H     0105H     UNIT         ?PR?SEND_DEFAULT_PARAM?MAIN
            CODE    203DH     0102H     UNIT         ?PR?MAIN?MAIN
            CODE    213FH     00D6H     UNIT         ?PR?_SET_SEG_VAL?LED_DISP
            CODE    2215H     00CBH     UNIT         ?C_INITSEG
            CODE    22E0H     00BAH     UNIT         ?PR?_WRITE_APROM_PAGE?IAP_EEPROM
            CODE    239AH     00B5H     UNIT         ?PR?TIMER0_ISR?ISR
            CODE    244FH     00ACH     UNIT         ?C_C51STARTUP
            CODE    24FBH     00A7H     UNIT         ?PR?MODIFY_HIRC_166?MAIN
            CODE    25A2H     0095H     UNIT         ?PR?_UART_SEND_VALUE?UART
            CODE    2637H     008DH     UNIT         ?PR?_DENTER_QUEUE?QUEUE
            CODE    26C4H     0089H     UNIT         ?PR?DISP_SPEED_ADC_PARAM?KEYPAD_FUN
            CODE    274DH     0084H     UNIT         ?PR?BEEP_SOUND_PROC?BEEP
            CODE    27D1H     0080H     UNIT         ?PR?_ENTER_QUEUE?QUEUE
            CODE    2851H     007DH     UNIT         ?PR?_INITIALUART0_TIMER3?COMMON
            CODE    28CEH     007BH     UNIT         ?PR?_SET_SEG_TWO?LED_DISP
            CODE    2949H     007BH     UNIT         ?PR?TREADMILLS_DISP_LOOP?TREADMILLS
            CODE    29C4H     0079H     UNIT         ?PR?COMMUNICATION_CHECKOUT?TREADMILLS
            CODE    2A3DH     0062H     UNIT         ?PR?_MAP_SPEED?TREADMILLS
            CODE    2A9FH     005DH     UNIT         ?PR?_ERASE_APROM_PAGE?IAP_EEPROM
            CODE    2AFCH     005CH     UNIT         ?PR?_CREATE_QUEUE?QUEUE
            CODE    2B58H     005CH     UNIT         ?PR?_TIMER2_DELAY500US?DELAY
            CODE    2BB4H     005BH     UNIT         ?PR?_BEEP_SET?BEEP
            CODE    2C0FH     005BH     UNIT         ?PR?_TIMER3_DELAY100MS?DELAY
            CODE    2C6AH     005BH     UNIT         ?PR?_TIMER3_DELAY10US?DELAY
            CODE    2CC5H     0059H     UNIT         ?PR?BOOT_TIME?TREADMILLS
            CODE    2D1EH     0059H     UNIT         ?PR?_TIMER0_DELAY100US?DELAY
            CODE    2D77H     0059H     UNIT         ?PR?_TIMER0_DELAY1MS?DELAY
            CODE    2DD0H     0059H     UNIT         ?PR?_TIMER1_DELAY10MS?DELAY
            CODE    2E29H     0057H     UNIT         ?PR?_IS_FULL_QUEUE?QUEUE
            CODE    2E80H     0051H     UNIT         ?PR?_READ_APROM_PAGE?IAP_EEPROM
            CODE    2ED1H     004AH     UNIT         ?PR?UART0_ISR?ISR
            CODE    2F1BH     003BH     UNIT         ?PR?PWM_INIT?PWM_SIMPLE
            CODE    2F56H     0039H     UNIT         ?PR?DISP_UPDATE?INDECATE
            CODE    2F8FH     0037H     UNIT         ?PR?_UART_FRAME_TX_2?UART_FRAME
            CODE    2FC6H     0036H     UNIT         ?PR?READ_PARAM?EE_PARAM
BL51 BANKED LINKER/LOCATER V6.22                                                      03/30/2023  10:09:10  PAGE 4


            CODE    2FFCH     0035H     UNIT         ?PR?UART_FRAME_INIT?UART_FRAME
            CODE    3031H     0032H     UNIT         ?PR?_UART_FRAME_TX?UART_FRAME
            CODE    3063H     002BH     UNIT         ?PR?_AIP1628_WRITE_NBYTES?AIP1628
            CODE    308EH     0024H     UNIT         ?PR?_UART_SEND_BUF?UART
            CODE    30B2H     001EH     UNIT         ?PR?TREADMILLS_INIT?TREADMILLS
            CODE    30D0H     001DH     UNIT         ?PR?WRITE_PARAM?EE_PARAM
            CODE    30EDH     001BH     UNIT         ?PR?_SET_BIT_SEG?LED_DISP
            CODE    3108H     001BH     UNIT         ?PR?_UART_SEND_DATA?UART
            CODE    3123H     001AH     UNIT         ?PR?_RECEIVE_DATA?UART
            CODE    313DH     001AH     UNIT         ?PR?SW_RESET?COMMON
            CODE    3157H     0018H     UNIT         ?PR?AIP1628_INIT?AIP1628
            CODE    316FH     0018H     UNIT         ?PR?_GET_KEY_STATUS?KEYPAD
            CODE    3187H     0018H     UNIT         ?PR?_IS_EMPTY_QUEUE?QUEUE
            CODE    319FH     0017H     UNIT         ?PR?_UART_SEND_STRING?UART
            CODE    31B6H     0014H     UNIT         ?PR?LED_DISPLAY_INIT?LED_DISP
            CODE    31CAH     0014H     UNIT         ?PR?TIMER0_INIT?TIMER01_M1
            CODE    31DEH     0011H     UNIT         ?PR?_AIP1628_WRITE_BYTE?AIP1628
            CODE    31EFH     0011H     UNIT         ?PR?SAVE_PARAM?MAIN
            CODE    3200H     0010H     UNIT         ?PR?_SET_SEG_MODE?LED_DISP
            CODE    3210H     000EH     UNIT         ?PR?UART0_INIT?UART_FRAME
            CODE    321EH     000EH     UNIT         ?PR?_PWM1DUTYCYCLE?PWM_SIMPLE
            CODE    322CH     000DH     UNIT         ?PR?_SET_SEG_FLASH_CNT?LED_DISP
            CODE    3239H     000DH     UNIT         ?PR?BEEP_FORCE_STOP?BEEP
            CODE    3246H     000CH     UNIT         ?PR?_SET_AIP1628_LIGHTE_SCALE?AIP1628
            CODE    3252H     000CH     UNIT         ?PR?READ_BEEP_STATUS?MAIN
            CODE    325EH     000CH     UNIT         ?PR?PARAM_INIT?PARAM
            CODE    326AH     0003H     UNIT         ?PR?TEST_IAPROM?IAP_EEPROM
            CODE    326DH     0001H     UNIT         ?PR?KEYPAD_CONTINUE_PROC?KEYPAD_FUN



OVERLAY MAP OF MODULE:   .\Output\C1_SK_beepswitch_trans_param (?C_STARTUP)


SEGMENT                                         DATA_GROUP          XDATA_GROUP
  +--> CALLED SEGMENT                         START    LENGTH     START    LENGTH
---------------------------------------------------------------------------------
?C_C51STARTUP                                 -----    -----      -----    -----
  +--> ?PR?MAIN?MAIN
  +--> ?C_INITSEG

?PR?MAIN?MAIN                                 -----    -----      -----    -----
  +--> ?PR?MODIFY_HIRC_166?MAIN
  +--> ?PR?LED_DISPLAY_INIT?LED_DISP
  +--> ?PR?AIP1628_INIT?AIP1628
  +--> ?PR?PWM_INIT?PWM_SIMPLE
  +--> ?PR?UART0_INIT?UART_FRAME
  +--> ?PR?TIMER0_INIT?TIMER01_M1
  +--> ?PR?UART_FRAME_INIT?UART_FRAME
  +--> ?PR?TREADMILLS_INIT?TREADMILLS
  +--> ?PR?PARAM_INIT?PARAM
  +--> ?PR?READ_BEEP_STATUS?MAIN
  +--> ?PR?_BEEP_SET?BEEP
  +--> ?PR?UART_FRAME_LOOP?UART_FRAME
  +--> ?PR?KEYPAD_SCAN?KEYPAD
  +--> ?PR?BEEP_SOUND_PROC?BEEP
  +--> ?PR?BOOT_TIME?TREADMILLS
BL51 BANKED LINKER/LOCATER V6.22                                                      03/30/2023  10:09:10  PAGE 5


  +--> ?PR?SEG_DISP_PROC?LED_DISP
  +--> ?PR?TREADMILLS_DISP_LOOP?TREADMILLS
  +--> ?PR?TREADMILLS_PROC_LOOP?TREADMILLS
  +--> ?PR?COMMUNICATION_CHECKOUT?TREADMILLS
  +--> ?PR?SEND_DEFAULT_PARAM?MAIN
  +--> ?PR?TREADMILLS_PARAM_CALC?TREADMILLS
  +--> ?PR?SAVE_PARAM?MAIN
  +--> ?PR?DISP_UPDATE?INDECATE

?PR?MODIFY_HIRC_166?MAIN                      0008H    0002H      -----    -----

?PR?LED_DISPLAY_INIT?LED_DISP                 -----    -----      -----    -----
  +--> ?PR?_SET_SEG_MODE?LED_DISP

?PR?AIP1628_INIT?AIP1628                      -----    -----      -----    -----
  +--> ?PR?_WT_BYTE?AIP1628
  +--> ?PR?_SET_AIP1628_LIGHTE_SCALE?AIP1628

?PR?_SET_AIP1628_LIGHTE_SCALE?AIP1628         -----    -----      -----    -----
  +--> ?PR?_WT_BYTE?AIP1628

?PR?UART0_INIT?UART_FRAME                     -----    -----      -----    -----
  +--> ?PR?_INITIALUART0_TIMER3?COMMON

?PR?_INITIALUART0_TIMER3?COMMON               -----    -----      0198H    0004H

?PR?UART_FRAME_INIT?UART_FRAME                -----    -----      -----    -----
  +--> ?PR?_CREATE_QUEUE?QUEUE

?PR?_CREATE_QUEUE?QUEUE                       -----    -----      0198H    000AH

?PR?READ_BEEP_STATUS?MAIN                     -----    -----      -----    -----
  +--> ?PR?READ_PARAM?EE_PARAM

?PR?READ_PARAM?EE_PARAM                       -----    -----      0198H    0002H
  +--> ?PR?_READ_APROM_PAGE?IAP_EEPROM

?PR?_READ_APROM_PAGE?IAP_EEPROM               -----    -----      019AH    0005H

?PR?_BEEP_SET?BEEP                            -----    -----      019AH    0005H
  +--> ?PR?_PWM1DUTYCYCLE?PWM_SIMPLE

?PR?UART_FRAME_LOOP?UART_FRAME                -----    -----      0198H    0001H
  +--> ?PR?_DENTER_QUEUE?QUEUE
  +--> ?PR?CMD_PROC?UART_FRAME

?PR?_DENTER_QUEUE?QUEUE                       -----    -----      0199H    0006H
  +--> ?PR?_IS_EMPTY_QUEUE?QUEUE

?PR?CMD_PROC?UART_FRAME                       -----    -----      -----    -----
  +--> ?PR?_BEEP_SET?BEEP
  +--> ?PR?_UART_SEND_BUF?UART
  +--> ?PR?_SET_SEG_VAL?LED_DISP
  +--> ?PR?_SET_SEG_MODE?LED_DISP

?PR?_UART_SEND_BUF?UART                       -----    -----      019AH    0005H
  +--> ?PR?_UART_SEND_DATA?UART
BL51 BANKED LINKER/LOCATER V6.22                                                      03/30/2023  10:09:10  PAGE 6



?PR?_SET_SEG_VAL?LED_DISP                     -----    -----      0199H    0002H

?PR?KEYPAD_SCAN?KEYPAD                        -----    -----      -----    -----
  +--> ?PR?KEYPAD_SHORT_PROC?KEYPAD_FUN
  +--> ?PR?KEYPAD_ALL_REALSE_PROC?KEYPAD_FUN
  +--> ?PR?KEYPAD_LONG_PROC?KEYPAD_FUN
  +--> ?PR?KEYPAD_CONTINUE_PROC?KEYPAD_FUN

?PR?KEYPAD_SHORT_PROC?KEYPAD_FUN              -----    -----      0198H    0002H
  +--> ?PR?_BEEP_SET?BEEP
  +--> ?PR?_TREADMILLS_DISPLAY?TREADMILLS
  +--> ?PR?_SET_SEG_MODE?LED_DISP
  +--> ?PR?DISP_SPEED_ADC_PARAM?KEYPAD_FUN
  +--> ?PR?_UART_SEND_BUF?UART
  +--> ?PR?_MAP_SPEED?TREADMILLS
  +--> ?PR?_UART_FRAME_TX?UART_FRAME

?PR?_TREADMILLS_DISPLAY?TREADMILLS            -----    -----      019AH    0009H
  +--> ?PR?_SET_SEG_TWO?LED_DISP
  +--> ?PR?_SET_BIT_SEG?LED_DISP

?PR?DISP_SPEED_ADC_PARAM?KEYPAD_FUN           -----    -----      019AH    0001H
  +--> ?PR?_SET_BIT_SEG?LED_DISP
  +--> ?PR?_SET_SEG_MODE?LED_DISP

?PR?_MAP_SPEED?TREADMILLS                     -----    -----      019AH    0004H

?PR?_UART_FRAME_TX?UART_FRAME                 -----    -----      -----    -----
  +--> ?PR?_UART_SEND_BUF?UART

?PR?BEEP_SOUND_PROC?BEEP                      -----    -----      -----    -----
  +--> ?PR?_PWM1DUTYCYCLE?PWM_SIMPLE

?PR?BOOT_TIME?TREADMILLS                      -----    -----      -----    -----
  +--> ?PR?_TREADMILLS_DISPLAY?TREADMILLS

?PR?TREADMILLS_DISP_LOOP?TREADMILLS           -----    -----      -----    -----
  +--> ?PR?_TREADMILLS_DISPLAY?TREADMILLS

?PR?TREADMILLS_PROC_LOOP?TREADMILLS           -----    -----      0198H    0001H
  +--> ?PR?_SET_BIT_SEG?LED_DISP
  +--> ?PR?_UART_SEND_BUF?UART
  +--> ?PR?_BEEP_SET?BEEP
  +--> ?PR?_MAP_SPEED?TREADMILLS
  +--> ?PR?_UART_FRAME_TX_2?UART_FRAME
  +--> ?PR?_TREADMILLS_DISPLAY?TREADMILLS
  +--> ?PR?_UART_FRAME_TX?UART_FRAME
  +--> ?PR?BEEP_FORCE_STOP?BEEP

?PR?_UART_FRAME_TX_2?UART_FRAME               -----    -----      -----    -----
  +--> ?PR?_UART_SEND_BUF?UART

?PR?BEEP_FORCE_STOP?BEEP                      -----    -----      -----    -----
  +--> ?PR?_PWM1DUTYCYCLE?PWM_SIMPLE

?PR?COMMUNICATION_CHECKOUT?TREADMILLS         -----    -----      -----    -----
BL51 BANKED LINKER/LOCATER V6.22                                                      03/30/2023  10:09:10  PAGE 7


  +--> ?PR?_UART_FRAME_TX?UART_FRAME
  +--> ?PR?_BEEP_SET?BEEP

?PR?SEND_DEFAULT_PARAM?MAIN                   -----    -----      0198H    0001H
  +--> ?PR?_UART_FRAME_TX?UART_FRAME

?PR?TREADMILLS_PARAM_CALC?TREADMILLS          -----    -----      -----    -----
  +--> ?PR?_BEEP_SET?BEEP
  +--> ?PR?_TREADMILLS_DISPLAY?TREADMILLS

?PR?SAVE_PARAM?MAIN                           -----    -----      0198H    0001H
  +--> ?PR?WRITE_PARAM?EE_PARAM

?PR?WRITE_PARAM?EE_PARAM                      -----    -----      -----    -----
  +--> ?PR?_ERASE_APROM_PAGE?IAP_EEPROM
  +--> ?PR?_WRITE_APROM_PAGE?IAP_EEPROM

?PR?_WRITE_APROM_PAGE?IAP_EEPROM              -----    -----      0199H    0007H

?PR?DISP_UPDATE?INDECATE                      -----    -----      -----    -----
  +--> ?PR?_AIP1628_WRITE_BYTE?AIP1628

?PR?_AIP1628_WRITE_BYTE?AIP1628               -----    -----      -----    -----
  +--> ?PR?_WT_BYTE?AIP1628

*** NEW ROOT ***************************************************

?PR?UART0_ISR?ISR                             -----    -----      -----    -----
  +--> ?PR?_ENTER_QUEUE?QUEUE

?PR?_ENTER_QUEUE?QUEUE                        -----    -----      01A3H    0004H
  +--> ?PR?_IS_FULL_QUEUE?QUEUE

?PR?_IS_FULL_QUEUE?QUEUE                      -----    -----      01A7H    0003H



SYMBOL TABLE OF MODULE:  .\Output\C1_SK_beepswitch_trans_param (?C_STARTUP)

  VALUE           TYPE          NAME
  ----------------------------------

  -------         MODULE        ?C_STARTUP
  C:244FH         SEGMENT       ?C_C51STARTUP
  I:0021H         SEGMENT       ?STACK
  C:0000H         PUBLIC        ?C_STARTUP
  D:00E0H         SYMBOL        ACC
  D:00F0H         SYMBOL        B
  D:0083H         SYMBOL        DPH
  D:0082H         SYMBOL        DPL
  N:0000H         SYMBOL        IBPSTACK
  N:0100H         SYMBOL        IBPSTACKTOP
  N:0080H         SYMBOL        IDATALEN
  C:2464H         SYMBOL        IDATALOOP
  N:0000H         SYMBOL        PBPSTACK
  N:0000H         SYMBOL        PBPSTACKTOP
  N:0000H         SYMBOL        PDATALEN
BL51 BANKED LINKER/LOCATER V6.22                                                      03/30/2023  10:09:10  PAGE 8


  N:0000H         SYMBOL        PDATASTART
  N:0000H         SYMBOL        PPAGE
  N:0000H         SYMBOL        PPAGEENABLE
  D:00A0H         SYMBOL        PPAGE_SFR
  D:0081H         SYMBOL        SP
  C:244FH         SYMBOL        STARTUP1
  N:0000H         SYMBOL        XBPSTACK
  N:0000H         SYMBOL        XBPSTACKTOP
  N:02FFH         SYMBOL        XDATALEN
  C:246FH         SYMBOL        XDATALOOP
  N:0000H         SYMBOL        XDATASTART
  C:0000H         LINE#         94
  C:244FH         LINE#         100
  C:2452H         LINE#         101
  C:2455H         LINE#         102
  C:2458H         LINE#         104
  C:245BH         LINE#         105
  C:245EH         LINE#         106
  C:2461H         LINE#         109
  C:2463H         LINE#         110
  C:2464H         LINE#         111
  C:2465H         LINE#         112
  C:2467H         LINE#         116
  C:246AH         LINE#         117
  C:246CH         LINE#         119
  C:246EH         LINE#         123
  C:246FH         LINE#         124
  C:2470H         LINE#         125
  C:2471H         LINE#         126
  C:2473H         LINE#         127
  C:2475H         LINE#         161
  C:2478H         LINE#         165
  -------         ENDMOD        ?C_STARTUP

  -------         MODULE        7_SEGMENT
  C:0000H         SYMBOL        _ICE_DUMMY_
  D:0080H         PUBLIC        P0
  D:0090H         PUBLIC        P1
  D:00A0H         PUBLIC        P2
  D:00B0H         PUBLIC        P3
  D:00D8H         PUBLIC        PWMCON0
  D:00A8H         PUBLIC        IE
  D:00B8H         PUBLIC        IP
  D:0098H         PUBLIC        SCON
  D:0088H         PUBLIC        TCON
  D:00F8H         PUBLIC        SCON_1
  D:00E8H         PUBLIC        ADCCON0
  D:00C0H         PUBLIC        I2CON
  D:00C8H         PUBLIC        T2CON
  X:01B8H         PUBLIC        seg_num
  D:00D0H         PUBLIC        PSW
  -------         ENDMOD        7_SEGMENT

  -------         MODULE        AIP1628
  C:0000H         SYMBOL        _ICE_DUMMY_
  D:0080H         PUBLIC        P0
  D:0090H         PUBLIC        P1
BL51 BANKED LINKER/LOCATER V6.22                                                      03/30/2023  10:09:10  PAGE 9


  D:00A0H         PUBLIC        P2
  C:000EH         SYMBOL        _wt_byte
  D:00B0H         PUBLIC        P3
  D:00D8H         PUBLIC        PWMCON0
  C:3246H         PUBLIC        _set_aip1628_lighte_scale
  D:00A8H         PUBLIC        IE
  C:3063H         PUBLIC        _aip1628_write_nbytes
  D:00B8H         PUBLIC        IP
  C:3157H         PUBLIC        aip1628_init
  B:0090H.1       PUBLIC        P11
  B:0090H.2       PUBLIC        P12
  C:31DEH         PUBLIC        _aip1628_write_byte
  B:0090H.3       PUBLIC        P13
  D:0098H         PUBLIC        SCON
  D:0088H         PUBLIC        TCON
  D:00F8H         PUBLIC        SCON_1
  D:00E8H         PUBLIC        ADCCON0
  D:00C0H         PUBLIC        I2CON
  D:00C8H         PUBLIC        T2CON
  D:00D0H         PUBLIC        PSW
  -------         PROC          _WT_BYTE
  D:0007H         SYMBOL        dat
  -------         DO            
  D:0006H         SYMBOL        i
  -------         ENDDO         
  C:000EH         LINE#         26
  C:000EH         LINE#         27
  C:000EH         LINE#         29
  C:0010H         LINE#         30
  C:0010H         LINE#         31
  C:0012H         LINE#         32
  C:0016H         LINE#         33
  C:001AH         LINE#         34
  C:001CH         LINE#         36
  C:0021H         LINE#         37
  -------         ENDPROC       _WT_BYTE
  -------         PROC          _AIP1628_WRITE_BYTE
  D:0007H         SYMBOL        addr
  D:0005H         SYMBOL        dat
  C:31DEH         LINE#         42
  C:31DEH         LINE#         43
  C:31DEH         LINE#         44
  C:31E0H         LINE#         45
  C:31E7H         LINE#         46
  C:31ECH         LINE#         48
  C:31EEH         LINE#         50
  -------         ENDPROC       _AIP1628_WRITE_BYTE
  -------         PROC          _AIP1628_WRITE_NBYTES
  D:0007H         SYMBOL        addr
  D:0001H         SYMBOL        p
  X:01EEH         SYMBOL        len
  C:3063H         LINE#         53
  C:3063H         LINE#         54
  C:3063H         LINE#         55
  C:3065H         LINE#         56
  C:306CH         LINE#         57
  C:3075H         LINE#         58
BL51 BANKED LINKER/LOCATER V6.22                                                      03/30/2023  10:09:10  PAGE 10


  C:3075H         LINE#         59
  C:307CH         LINE#         60
  C:3083H         LINE#         61
  C:308BH         LINE#         62
  C:308DH         LINE#         63
  -------         ENDPROC       _AIP1628_WRITE_NBYTES
  -------         PROC          _SET_AIP1628_LIGHTE_SCALE
  D:0007H         SYMBOL        scale
  C:3246H         LINE#         66
  C:3246H         LINE#         67
  C:3246H         LINE#         69
  C:3248H         LINE#         70
  C:324FH         LINE#         71
  C:3251H         LINE#         72
  -------         ENDPROC       _SET_AIP1628_LIGHTE_SCALE
  -------         PROC          AIP1628_INIT
  C:3157H         LINE#         76
  C:3157H         LINE#         77
  C:3157H         LINE#         80
  C:3159H         LINE#         81
  C:315EH         LINE#         82
  C:3160H         LINE#         85
  C:3162H         LINE#         86
  C:3167H         LINE#         87
  C:3169H         LINE#         90
  C:316EH         LINE#         91
  -------         ENDPROC       AIP1628_INIT
  -------         ENDMOD        AIP1628

  -------         MODULE        INDECATE
  C:0000H         SYMBOL        _ICE_DUMMY_
  D:0080H         PUBLIC        P0
  D:0090H         PUBLIC        P1
  D:00A0H         PUBLIC        P2
  D:00B0H         PUBLIC        P3
  D:00D8H         PUBLIC        PWMCON0
  D:00A8H         PUBLIC        IE
  D:00B8H         PUBLIC        IP
  C:2F56H         PUBLIC        disp_update
  X:01E4H         PUBLIC        indecate_update_flag
  D:0098H         PUBLIC        SCON
  D:0088H         PUBLIC        TCON
  X:01E5H         PUBLIC        indecate
  D:00F8H         PUBLIC        SCON_1
  D:00E8H         PUBLIC        ADCCON0
  D:00C0H         PUBLIC        I2CON
  D:00C8H         PUBLIC        T2CON
  D:00D0H         PUBLIC        PSW
  -------         PROC          DISP_UPDATE
  C:2F56H         LINE#         22
  C:2F56H         LINE#         23
  C:2F56H         LINE#         24
  C:2F5CH         LINE#         25
  C:2F5CH         LINE#         26
  C:2F5EH         LINE#         27
  C:2F66H         LINE#         28
  C:2F70H         LINE#         29
BL51 BANKED LINKER/LOCATER V6.22                                                      03/30/2023  10:09:10  PAGE 11


  C:2F7AH         LINE#         30
  C:2F84H         LINE#         31
  C:2F8EH         LINE#         32
  C:2F8EH         LINE#         34
  -------         ENDPROC       DISP_UPDATE
  -------         ENDMOD        INDECATE

  -------         MODULE        LED_DISP
  C:0000H         SYMBOL        _ICE_DUMMY_
  D:0080H         PUBLIC        P0
  D:0090H         PUBLIC        P1
  D:00A0H         PUBLIC        P2
  D:00B0H         PUBLIC        P3
  X:01AAH         SYMBOL        _mode
  D:00D8H         PUBLIC        PWMCON0
  C:322CH         PUBLIC        _set_seg_flash_cnt
  D:00A8H         PUBLIC        IE
  C:30EDH         PUBLIC        _set_bit_seg
  C:213FH         PUBLIC        _set_seg_val
  X:01ABH         SYMBOL        ptrseg
  D:00B8H         PUBLIC        IP
  C:31B6H         PUBLIC        led_display_init
  C:28CEH         PUBLIC        _set_seg_two
  D:0098H         PUBLIC        SCON
  D:0088H         PUBLIC        TCON
  X:01AEH         SYMBOL        flash_cnt
  X:01AFH         SYMBOL        buf
  D:00F8H         PUBLIC        SCON_1
  X:01B7H         SYMBOL        cnt
  D:00E8H         PUBLIC        ADCCON0
  D:00C0H         PUBLIC        I2CON
  D:00C8H         PUBLIC        T2CON
  C:1898H         PUBLIC        seg_disp_proc
  C:3200H         PUBLIC        _set_seg_mode
  C:1CF6H         PUBLIC        _set_seg_toggle_val
  D:00D0H         PUBLIC        PSW
  -------         PROC          LED_DISPLAY_INIT
  C:31B6H         LINE#         19
  C:31B6H         LINE#         20
  C:31B6H         LINE#         21
  C:31C4H         LINE#         22
  C:31C9H         LINE#         24
  -------         ENDPROC       LED_DISPLAY_INIT
  -------         PROC          _SET_BIT_SEG
  D:0007H         SYMBOL        index
  D:0005H         SYMBOL        dat
  C:30EDH         LINE#         26
  C:30EDH         LINE#         27
  C:30EDH         LINE#         28
  C:3101H         LINE#         29
  C:3107H         LINE#         30
  -------         ENDPROC       _SET_BIT_SEG
  -------         PROC          _SET_SEG_VAL
  X:0199H         SYMBOL        val
  -------         DO            
  D:0007H         SYMBOL        dat
  -------         ENDDO         
BL51 BANKED LINKER/LOCATER V6.22                                                      03/30/2023  10:09:10  PAGE 12


  C:213FH         LINE#         32
  C:2147H         LINE#         33
  C:2147H         LINE#         34
  C:214EH         LINE#         35
  C:2152H         LINE#         36
  C:216DH         LINE#         37
  C:21A7H         LINE#         38
  C:21E1H         LINE#         39
  C:220EH         LINE#         41
  C:2214H         LINE#         42
  -------         ENDPROC       _SET_SEG_VAL
  -------         PROC          _SET_SEG_TWO
  D:0007H         SYMBOL        hi2
  D:0005H         SYMBOL        lo2
  -------         DO            
  D:0006H         SYMBOL        dat
  -------         ENDDO         
  C:28CEH         LINE#         45
  C:28CEH         LINE#         46
  C:28CEH         LINE#         47
  C:28D4H         LINE#         48
  C:28D7H         LINE#         49
  C:28F2H         LINE#         50
  C:2916H         LINE#         52
  C:292BH         LINE#         53
  C:2942H         LINE#         55
  C:2948H         LINE#         56
  -------         ENDPROC       _SET_SEG_TWO
  -------         PROC          _SET_SEG_MODE
  D:0007H         SYMBOL        mode
  C:3200H         LINE#         60
  C:3200H         LINE#         61
  C:3200H         LINE#         62
  C:3205H         LINE#         63
  C:320AH         LINE#         64
  C:320FH         LINE#         65
  -------         ENDPROC       _SET_SEG_MODE
  -------         PROC          _SET_SEG_TOGGLE_VAL
  X:020BH         SYMBOL        val0
  D:0002H         SYMBOL        val1
  -------         DO            
  D:0007H         SYMBOL        dat
  -------         ENDDO         
  C:1CF6H         LINE#         67
  C:1D02H         LINE#         68
  C:1D02H         LINE#         70
  C:1D11H         LINE#         71
  C:1D15H         LINE#         72
  C:1D24H         LINE#         73
  C:1D4FH         LINE#         74
  C:1D7AH         LINE#         75
  C:1D98H         LINE#         78
  C:1DA3H         LINE#         79
  C:1DA7H         LINE#         80
  C:1DB6H         LINE#         81
  C:1DDDH         LINE#         82
  C:1E04H         LINE#         83
BL51 BANKED LINKER/LOCATER V6.22                                                      03/30/2023  10:09:10  PAGE 13


  C:1E1EH         LINE#         85
  C:1E24H         LINE#         86
  -------         ENDPROC       _SET_SEG_TOGGLE_VAL
  -------         PROC          _SET_SEG_FLASH_CNT
  D:0007H         SYMBOL        cnt
  C:322CH         LINE#         89
  C:322CH         LINE#         90
  C:322CH         LINE#         91
  C:3232H         LINE#         92
  C:3238H         LINE#         93
  -------         ENDPROC       _SET_SEG_FLASH_CNT
  -------         PROC          SEG_DISP_PROC
  C:1898H         LINE#         96
  C:1898H         LINE#         97
  C:1898H         LINE#         98
  C:18A9H         LINE#         99
  C:18A9H         LINE#         100
  C:18A9H         LINE#         101
  C:18A9H         LINE#         102
  C:18A9H         LINE#         103
  C:18B0H         LINE#         104
  C:18B0H         LINE#         105
  C:18C2H         LINE#         106
  C:18CCH         LINE#         107
  C:18D6H         LINE#         108
  C:18E0H         LINE#         109
  C:18E3H         LINE#         110
  C:18E7H         LINE#         111
  C:18E7H         LINE#         112
  C:18F6H         LINE#         113
  C:1908H         LINE#         114
  C:190FH         LINE#         115
  C:1916H         LINE#         116
  C:191CH         LINE#         117
  C:191EH         LINE#         118
  C:1926H         LINE#         119
  C:1926H         LINE#         120
  C:193AH         LINE#         121
  C:1951H         LINE#         122
  C:195BH         LINE#         123
  C:1965H         LINE#         124
  C:196BH         LINE#         125
  C:1971H         LINE#         128
  C:1971H         LINE#         129
  C:1977H         LINE#         130
  C:1978H         LINE#         131
  C:1978H         LINE#         132
  C:197FH         LINE#         133
  C:197FH         LINE#         134
  C:1993H         LINE#         135
  C:19AAH         LINE#         136
  C:19B4H         LINE#         137
  C:19BEH         LINE#         138
  C:19C1H         LINE#         139
  C:19C6H         LINE#         140
  C:19C6H         LINE#         141
  C:19DAH         LINE#         142
BL51 BANKED LINKER/LOCATER V6.22                                                      03/30/2023  10:09:10  PAGE 14


  C:19F1H         LINE#         143
  C:19FBH         LINE#         144
  C:1A05H         LINE#         145
  C:1A0BH         LINE#         146
  C:1A0DH         LINE#         147
  C:1A15H         LINE#         148
  C:1A15H         LINE#         149
  C:1A29H         LINE#         150
  C:1A40H         LINE#         151
  C:1A4AH         LINE#         152
  C:1A54H         LINE#         153
  C:1A5AH         LINE#         154
  C:1A5FH         LINE#         155
  C:1A5FH         LINE#         156
  C:1A65H         LINE#         157
  C:1A65H         LINE#         158
  C:1A65H         LINE#         159
  C:1A65H         LINE#         160
  C:1A65H         LINE#         161
  -------         ENDPROC       SEG_DISP_PROC
  -------         ENDMOD        LED_DISP

  -------         MODULE        KEYPAD
  C:0000H         SYMBOL        _ICE_DUMMY_
  D:0080H         PUBLIC        P0
  D:0090H         PUBLIC        P1
  D:00A0H         PUBLIC        P2
  D:00B0H         PUBLIC        P3
  D:00D8H         PUBLIC        PWMCON0
  D:00A8H         PUBLIC        IE
  D:00B8H         PUBLIC        IP
  X:01D2H         SYMBOL        flag
  X:01D3H         SYMBOL        state
  C:1E25H         PUBLIC        KeyPad_Scan
  B:0080H.0       PUBLIC        P00
  B:0080H.1       PUBLIC        P01
  B:0090H.0       PUBLIC        P10
  B:0080H.3       PUBLIC        P03
  D:0098H         PUBLIC        SCON
  D:0088H         PUBLIC        TCON
  X:01D4H         SYMBOL        cont
  X:01D5H         SYMBOL        trig
  X:01D6H         SYMBOL        old
  D:00F8H         PUBLIC        SCON_1
  X:01D7H         SYMBOL        cnt
  X:01D8H         PUBLIC        key
  X:01D9H         SYMBOL        new
  X:01DAH         PUBLIC        key_mask
  D:00E8H         PUBLIC        ADCCON0
  D:00C0H         PUBLIC        I2CON
  X:01DBH         SYMBOL        cont_cnt
  D:00C8H         PUBLIC        T2CON
  X:01DCH         PUBLIC        key_cnt
  C:316FH         PUBLIC        _get_key_status
  D:00D0H         PUBLIC        PSW
  -------         PROC          _GET_KEY_STATUS
  D:0007H         SYMBOL        btn
BL51 BANKED LINKER/LOCATER V6.22                                                      03/30/2023  10:09:10  PAGE 15


  -------         DO            
  D:0006H         SYMBOL        status
  -------         ENDDO         
  C:316FH         LINE#         71
  C:316FH         LINE#         72
  C:316FH         LINE#         73
  C:3171H         LINE#         75
  C:3178H         LINE#         76
  C:3178H         LINE#         77
  C:3182H         LINE#         78
  C:3184H         LINE#         80
  C:3184H         LINE#         81
  C:3186H         LINE#         82
  -------         ENDPROC       _GET_KEY_STATUS
  -------         PROC          KEYPAD_SCAN
  C:1E25H         LINE#         84
  C:1E25H         LINE#         85
  C:1E25H         LINE#         92
  C:1E2AH         LINE#         93
  C:1E31H         LINE#         94
  C:1E3BH         LINE#         95
  C:1E45H         LINE#         96
  C:1E4FH         LINE#         98
  C:1E5CH         LINE#         99
  C:1E5CH         LINE#         100
  C:1E5CH         LINE#         101
  C:1E69H         LINE#         102
  C:1E69H         LINE#         103
  C:1E6EH         LINE#         104
  C:1E70H         LINE#         106
  C:1E70H         LINE#         107
  C:1E76H         LINE#         108
  C:1E7CH         LINE#         109
  C:1E7CH         LINE#         110
  C:1E82H         LINE#         111
  C:1E87H         LINE#         112
  C:1E8CH         LINE#         113
  C:1E8CH         LINE#         114
  C:1E8CH         LINE#         115
  C:1E91H         LINE#         116
  C:1E92H         LINE#         118
  C:1E92H         LINE#         119
  C:1EA1H         LINE#         120
  C:1EA6H         LINE#         122
  C:1EABH         LINE#         123
  C:1EB2H         LINE#         124
  C:1EBCH         LINE#         125
  C:1EC6H         LINE#         126
  C:1ED0H         LINE#         128
  C:1ED6H         LINE#         129
  C:1ED6H         LINE#         130
  C:1EDBH         LINE#         131
  C:1EDFH         LINE#         132
  C:1EE5H         LINE#         133
  C:1EE5H         LINE#         134
  C:1EE8H         LINE#         135
  C:1EEAH         LINE#         137
BL51 BANKED LINKER/LOCATER V6.22                                                      03/30/2023  10:09:10  PAGE 16


  C:1EEAH         LINE#         138
  C:1EEDH         LINE#         139
  C:1EEDH         LINE#         140
  C:1EEFH         LINE#         142
  C:1EEFH         LINE#         143
  C:1EF5H         LINE#         145
  C:1EFBH         LINE#         146
  C:1EFBH         LINE#         147
  C:1F04H         LINE#         148
  C:1F04H         LINE#         149
  C:1F0AH         LINE#         150
  C:1F0FH         LINE#         151
  C:1F12H         LINE#         152
  C:1F12H         LINE#         153
  C:1F14H         LINE#         155
  C:1F14H         LINE#         156
  C:1F1DH         LINE#         157
  C:1F1DH         LINE#         158
  C:1F1FH         LINE#         159
  C:1F22H         LINE#         160
  C:1F22H         LINE#         161
  C:1F22H         LINE#         162
  C:1F22H         LINE#         165
  C:1F37H         LINE#         166
  C:1F37H         LINE#         167
  C:1F37H         LINE#         168
  C:1F37H         LINE#         169
  C:1F37H         LINE#         171
  -------         ENDPROC       KEYPAD_SCAN
  -------         ENDMOD        KEYPAD

  -------         MODULE        KEYPAD_FUN
  C:0000H         SYMBOL        _ICE_DUMMY_
  D:0080H         PUBLIC        P0
  D:0090H         PUBLIC        P1
  D:00A0H         PUBLIC        P2
  D:00B0H         PUBLIC        P3
  D:00D8H         PUBLIC        PWMCON0
  D:00A8H         PUBLIC        IE
  C:000AH         PUBLIC        keypad_all_realse_proc
  D:00B8H         PUBLIC        IP
  C:26C4H         SYMBOL        disp_speed_adc_param
  B:0020H.0       PUBLIC        write_flag
  C:0022H         PUBLIC        keypad_long_proc
  C:0809H         PUBLIC        keypad_short_proc
  D:0098H         PUBLIC        SCON
  D:0088H         PUBLIC        TCON
  D:00F8H         PUBLIC        SCON_1
  D:00E8H         PUBLIC        ADCCON0
  D:00C0H         PUBLIC        I2CON
  C:326DH         PUBLIC        keypad_continue_proc
  D:00C8H         PUBLIC        T2CON
  D:00D0H         PUBLIC        PSW
  -------         PROC          KEYPAD_ALL_REALSE_PROC
  C:000AH         LINE#         30
  C:000AH         LINE#         31
  C:000AH         LINE#         34
BL51 BANKED LINKER/LOCATER V6.22                                                      03/30/2023  10:09:10  PAGE 17


  -------         ENDPROC       KEYPAD_ALL_REALSE_PROC
  -------         PROC          DISP_SPEED_ADC_PARAM
  -------         DO            
  X:019AH         SYMBOL        temp
  -------         ENDDO         
  C:26C4H         LINE#         37
  C:26C4H         LINE#         38
  C:26C4H         LINE#         39
  C:26C9H         LINE#         40
  C:26D0H         LINE#         41
  C:26D3H         LINE#         42
  C:26D6H         LINE#         43
  C:26D9H         LINE#         44
  C:26DCH         LINE#         45
  C:26DFH         LINE#         46
  C:26E2H         LINE#         48
  C:26E8H         LINE#         49
  C:26F3H         LINE#         50
  C:26F3H         LINE#         51
  C:26FAH         LINE#         52
  C:2704H         LINE#         53
  C:2706H         LINE#         55
  C:2706H         LINE#         56
  C:270DH         LINE#         57
  C:2715H         LINE#         58
  C:2715H         LINE#         60
  C:272DH         LINE#         61
  C:2747H         LINE#         63
  C:274CH         LINE#         64
  -------         ENDPROC       DISP_SPEED_ADC_PARAM
  -------         PROC          KEYPAD_SHORT_PROC
  -------         DO            
  X:0198H         SYMBOL        bitmap
  X:0199H         SYMBOL        tar_speed
  -------         ENDDO         
  C:0809H         LINE#         70
  C:0809H         LINE#         71
  C:0809H         LINE#         72
  C:0811H         LINE#         74
  C:081CH         LINE#         75
  C:081CH         LINE#         77
  C:0827H         LINE#         78
  C:0827H         LINE#         80
  C:0835H         LINE#         81
  C:0835H         LINE#         83
  C:0846H         LINE#         85
  C:084EH         LINE#         86
  C:084EH         LINE#         87
  C:0854H         LINE#         89
  C:085AH         LINE#         90
  C:085AH         LINE#         91
  C:085DH         LINE#         92
  C:085DH         LINE#         94
  C:0863H         LINE#         95
  C:086AH         LINE#         96
  C:0870H         LINE#         98
  C:087AH         LINE#         99
BL51 BANKED LINKER/LOCATER V6.22                                                      03/30/2023  10:09:10  PAGE 18


  C:0884H         LINE#         100
  C:088EH         LINE#         102
  C:0895H         LINE#         103
  C:089AH         LINE#         104
  C:089AH         LINE#         105
  C:089AH         LINE#         107
  C:08AEH         LINE#         108
  C:08AEH         LINE#         110
  C:08B4H         LINE#         111
  C:08B4H         LINE#         112
  C:08C5H         LINE#         114
  C:08CBH         LINE#         115
  C:08D6H         LINE#         116
  C:08D9H         LINE#         117
  C:08DCH         LINE#         118
  C:08E4H         LINE#         119
  C:08E4H         LINE#         121
  C:08F5H         LINE#         123
  C:08FAH         LINE#         125
  C:0904H         LINE#         126
  C:0909H         LINE#         128
  C:090CH         LINE#         129
  C:0914H         LINE#         130
  C:0914H         LINE#         131
  C:0925H         LINE#         132
  C:094BH         LINE#         133
  C:094BH         LINE#         134
  C:096AH         LINE#         135
  C:096CH         LINE#         137
  C:096CH         LINE#         138
  C:0976H         LINE#         139
  C:0976H         LINE#         141
  C:0980H         LINE#         142
  C:0985H         LINE#         144
  C:0988H         LINE#         145
  C:0990H         LINE#         146
  C:0990H         LINE#         147
  C:09A1H         LINE#         148
  C:09BFH         LINE#         150
  C:09DCH         LINE#         151
  C:09DCH         LINE#         152
  C:09E6H         LINE#         153
  C:09E6H         LINE#         154
  C:09F0H         LINE#         155
  C:09F5H         LINE#         156
  C:09F7H         LINE#         157
  C:09FFH         LINE#         158
  C:09FFH         LINE#         159
  C:0A10H         LINE#         161
  C:0A30H         LINE#         162
  C:0A4CH         LINE#         163
  C:0A56H         LINE#         164
  C:0A60H         LINE#         165
  C:0A65H         LINE#         166
  C:0A65H         LINE#         167
  C:0A65H         LINE#         168
  C:0A65H         LINE#         170
BL51 BANKED LINKER/LOCATER V6.22                                                      03/30/2023  10:09:10  PAGE 19


  C:0A79H         LINE#         171
  C:0A79H         LINE#         172
  C:0A7FH         LINE#         173
  C:0A7FH         LINE#         174
  C:0A90H         LINE#         175
  C:0A96H         LINE#         176
  C:0AA1H         LINE#         177
  C:0AA4H         LINE#         178
  C:0AA7H         LINE#         179
  C:0AAFH         LINE#         180
  C:0AAFH         LINE#         181
  C:0AC0H         LINE#         183
  C:0AC6H         LINE#         185
  C:0AD0H         LINE#         186
  C:0AD5H         LINE#         188
  C:0AD8H         LINE#         189
  C:0AE0H         LINE#         190
  C:0AE0H         LINE#         191
  C:0AF1H         LINE#         192
  C:0B0BH         LINE#         193
  C:0B0BH         LINE#         194
  C:0B2DH         LINE#         195
  C:0B2FH         LINE#         197
  C:0B2FH         LINE#         198
  C:0B39H         LINE#         199
  C:0B39H         LINE#         200
  C:0B43H         LINE#         201
  C:0B48H         LINE#         202
  C:0B4BH         LINE#         203
  C:0B53H         LINE#         204
  C:0B53H         LINE#         205
  C:0B64H         LINE#         206
  C:0B7EH         LINE#         207
  C:0B7EH         LINE#         208
  C:0B9CH         LINE#         209
  C:0B9EH         LINE#         211
  C:0B9EH         LINE#         212
  C:0BA8H         LINE#         213
  C:0BA8H         LINE#         215
  C:0BB2H         LINE#         216
  C:0BB7H         LINE#         217
  C:0BB9H         LINE#         218
  C:0BC1H         LINE#         219
  C:0BC1H         LINE#         220
  C:0BD2H         LINE#         222
  C:0BEDH         LINE#         223
  C:0BEDH         LINE#         224
  C:0C0FH         LINE#         225
  C:0C11H         LINE#         227
  C:0C11H         LINE#         228
  C:0C1BH         LINE#         229
  C:0C1BH         LINE#         230
  C:0C25H         LINE#         231
  C:0C2AH         LINE#         232
  C:0C2AH         LINE#         233
  C:0C2AH         LINE#         234
  C:0C2AH         LINE#         237
BL51 BANKED LINKER/LOCATER V6.22                                                      03/30/2023  10:09:10  PAGE 20


  C:0C3EH         LINE#         238
  C:0C3EH         LINE#         239
  C:0C4FH         LINE#         240
  C:0C54H         LINE#         241
  C:0C59H         LINE#         243
  C:0C5BH         LINE#         245
  C:0C93H         LINE#         248
  C:0C93H         LINE#         249
  C:0C99H         LINE#         250
  C:0C9BH         LINE#         252
  C:0C9BH         LINE#         253
  C:0CA0H         LINE#         254
  C:0CA0H         LINE#         256
  C:0CA6H         LINE#         257
  C:0CA6H         LINE#         259
  C:0CACH         LINE#         260
  C:0CB0H         LINE#         261
  C:0CB8H         LINE#         262
  C:0CBBH         LINE#         263
  C:0CCCH         LINE#         264
  C:0CD1H         LINE#         265
  C:0CD7H         LINE#         266
  C:0CD8H         LINE#         268
  C:0CD8H         LINE#         269
  C:0CDEH         LINE#         270
  C:0CDEH         LINE#         271
  C:0CE4H         LINE#         272
  C:0CEAH         LINE#         273
  C:0CEBH         LINE#         275
  C:0CEBH         LINE#         276
  C:0CF0H         LINE#         277
  C:0CF6H         LINE#         278
  C:0CF6H         LINE#         279
  C:0CF6H         LINE#         280
  C:0CF6H         LINE#         281
  C:0CF7H         LINE#         283
  C:0CF7H         LINE#         285
  C:0D05H         LINE#         286
  C:0D05H         LINE#         288
  C:0D0CH         LINE#         289
  C:0D0CH         LINE#         291
  C:0D0FH         LINE#         292
  C:0D20H         LINE#         293
  C:0D26H         LINE#         294
  C:0D28H         LINE#         295
  C:0D2FH         LINE#         296
  C:0D2FH         LINE#         298
  C:0D32H         LINE#         299
  C:0D37H         LINE#         300
  C:0D48H         LINE#         301
  C:0D4AH         LINE#         302
  C:0D51H         LINE#         303
  C:0D51H         LINE#         305
  C:0D54H         LINE#         306
  C:0D59H         LINE#         308
  C:0D5FH         LINE#         309
  C:0D5FH         LINE#         310
BL51 BANKED LINKER/LOCATER V6.22                                                      03/30/2023  10:09:10  PAGE 21


  C:0D6AH         LINE#         311
  C:0D6AH         LINE#         313
  C:0D6AH         LINE#         316
  C:0D6AH         LINE#         317
  C:0D6AH         LINE#         319
  C:0D6AH         LINE#         322
  C:0D7EH         LINE#         323
  C:0D7EH         LINE#         325
  C:0D8FH         LINE#         326
  C:0D97H         LINE#         327
  C:0D97H         LINE#         328
  C:0D9DH         LINE#         329
  C:0DA3H         LINE#         330
  C:0DA3H         LINE#         331
  C:0DA6H         LINE#         332
  C:0DA6H         LINE#         334
  C:0DAEH         LINE#         336
  C:0DB8H         LINE#         337
  C:0DC2H         LINE#         338
  C:0DCCH         LINE#         340
  C:0DD2H         LINE#         341
  C:0DD9H         LINE#         342
  C:0DDFH         LINE#         343
  C:0DE4H         LINE#         344
  C:0DEAH         LINE#         346
  C:0DEAH         LINE#         348
  C:0DF2H         LINE#         349
  C:0DF2H         LINE#         350
  C:0DFFH         LINE#         351
  C:0DFFH         LINE#         352
  C:0E05H         LINE#         353
  C:0E0AH         LINE#         354
  C:0E0CH         LINE#         356
  C:0E0CH         LINE#         357
  C:0E12H         LINE#         358
  C:0E16H         LINE#         359
  C:0E16H         LINE#         360
  C:0E18H         LINE#         361
  C:0E18H         LINE#         363
  C:0E1EH         LINE#         365
  C:0E27H         LINE#         366
  C:0E27H         LINE#         367
  C:0E2BH         LINE#         368
  C:0E30H         LINE#         369
  C:0E30H         LINE#         370
  C:0E30H         LINE#         371
  C:0E30H         LINE#         373
  C:0E30H         LINE#         375
  C:0E3BH         LINE#         377
  C:0E49H         LINE#         378
  C:0E49H         LINE#         379
  C:0E5AH         LINE#         380
  C:0E69H         LINE#         381
  C:0E69H         LINE#         382
  C:0E75H         LINE#         383
  C:0E8AH         LINE#         384
  C:0E8FH         LINE#         388
BL51 BANKED LINKER/LOCATER V6.22                                                      03/30/2023  10:09:10  PAGE 22


  C:0E8FH         LINE#         390
  C:0E94H         LINE#         392
  C:0E98H         LINE#         394
  C:0E98H         LINE#         397
  C:0EACH         LINE#         398
  C:0EACH         LINE#         399
  C:0EBDH         LINE#         400
  C:0ECCH         LINE#         401
  C:0ECCH         LINE#         402
  C:0ED8H         LINE#         403
  C:0EEDH         LINE#         404
  C:0EF2H         LINE#         408
  C:0EF2H         LINE#         409
  C:0EF7H         LINE#         411
  C:0EFBH         LINE#         413
  C:0EFBH         LINE#         415
  C:0EFBH         LINE#         416
  C:0EFCH         LINE#         417
  C:0F04H         LINE#         418
  C:0F04H         LINE#         420
  C:0F1CH         LINE#         421
  C:0F1CH         LINE#         422
  C:0F22H         LINE#         423
  C:0F22H         LINE#         424
  C:0F2DH         LINE#         425
  C:0F2DH         LINE#         427
  C:0F2DH         LINE#         429
  C:0F2DH         LINE#         431
  C:0F2DH         LINE#         448
  C:0F2DH         LINE#         450
  C:0F2DH         LINE#         451
  -------         ENDPROC       KEYPAD_SHORT_PROC
  -------         PROC          KEYPAD_LONG_PROC
  C:0022H         LINE#         454
  C:0022H         LINE#         455
  C:0022H         LINE#         457
  -------         ENDPROC       KEYPAD_LONG_PROC
  -------         PROC          KEYPAD_CONTINUE_PROC
  C:326DH         LINE#         461
  C:326DH         LINE#         462
  C:326DH         LINE#         464
  -------         ENDPROC       KEYPAD_CONTINUE_PROC
  -------         ENDMOD        KEYPAD_FUN

  -------         MODULE        BEEP
  C:0000H         SYMBOL        _ICE_DUMMY_
  D:0080H         PUBLIC        P0
  D:0090H         PUBLIC        P1
  D:00A0H         PUBLIC        P2
  D:00B0H         PUBLIC        P3
  D:00D8H         PUBLIC        PWMCON0
  D:00A8H         PUBLIC        IE
  D:00B8H         PUBLIC        IP
  X:01DDH         SYMBOL        ticks
  D:0098H         PUBLIC        SCON
  D:0088H         PUBLIC        TCON
  C:3239H         PUBLIC        beep_force_stop
BL51 BANKED LINKER/LOCATER V6.22                                                      03/30/2023  10:09:10  PAGE 23


  X:01DFH         SYMBOL        off
  C:274DH         PUBLIC        beep_sound_proc
  D:00F8H         PUBLIC        SCON_1
  X:01E1H         SYMBOL        cnt
  C:2BB4H         PUBLIC        _beep_set
  D:00E8H         PUBLIC        ADCCON0
  D:00C0H         PUBLIC        I2CON
  X:01E2H         SYMBOL        on
  D:00C8H         PUBLIC        T2CON
  D:00D0H         PUBLIC        PSW
  -------         PROC          BEEP_FORCE_STOP
  C:3239H         LINE#         25
  C:3239H         LINE#         26
  C:3239H         LINE#         27
  C:323FH         LINE#         28
  C:3245H         LINE#         29
  -------         ENDPROC       BEEP_FORCE_STOP
  -------         PROC          _BEEP_SET
  X:019AH         SYMBOL        count
  X:019BH         SYMBOL        on_ticks
  X:019DH         SYMBOL        off_ticks
  C:2BB4H         LINE#         32
  C:2BC7H         LINE#         33
  C:2BC7H         LINE#         42
  C:2BD3H         LINE#         43
  C:2BD9H         LINE#         44
  C:2BE8H         LINE#         45
  C:2BF7H         LINE#         46
  C:2BFEH         LINE#         47
  C:2C07H         LINE#         48
  C:2C0EH         LINE#         50
  -------         ENDPROC       _BEEP_SET
  -------         PROC          BEEP_SOUND_PROC
  C:274DH         LINE#         56
  C:274DH         LINE#         57
  C:274DH         LINE#         58
  C:2754H         LINE#         59
  C:2754H         LINE#         60
  C:275AH         LINE#         61
  C:275FH         LINE#         62
  C:2760H         LINE#         63
  C:2769H         LINE#         64
  C:2769H         LINE#         65
  C:277BH         LINE#         66
  C:277BH         LINE#         67
  C:2781H         LINE#         68
  C:2787H         LINE#         69
  C:2789H         LINE#         70
  C:27AAH         LINE#         71
  C:27AAH         LINE#         72
  C:27BAH         LINE#         73
  C:27C2H         LINE#         74
  C:27C2H         LINE#         75
  C:27D0H         LINE#         76
  C:27D0H         LINE#         77
  C:27D0H         LINE#         79
  -------         ENDPROC       BEEP_SOUND_PROC
BL51 BANKED LINKER/LOCATER V6.22                                                      03/30/2023  10:09:10  PAGE 24


  -------         ENDMOD        BEEP

  -------         MODULE        MAIN
  C:0000H         SYMBOL        _ICE_DUMMY_
  D:00B1H         PUBLIC        P0M1
  D:00B3H         PUBLIC        P1M1
  D:00B2H         PUBLIC        P0M2
  D:0080H         PUBLIC        P0
  D:00B4H         PUBLIC        P1M2
  D:0090H         PUBLIC        P1
  D:00ACH         PUBLIC        P3M1
  D:00A0H         PUBLIC        P2
  D:00B0H         PUBLIC        P3
  D:00ADH         PUBLIC        P3M2
  D:0084H         PUBLIC        RCTRIM0
  D:0085H         PUBLIC        RCTRIM1
  B:00A8H.7       PUBLIC        EA
  D:00D8H         PUBLIC        PWMCON0
  D:00A8H         PUBLIC        IE
  D:00C7H         PUBLIC        TA
  B:0020H.1       SYMBOL        poweron_send_flag
  D:00B8H         PUBLIC        IP
  C:3252H         SYMBOL        read_beep_status
  C:31EFH         SYMBOL        save_param
  C:203DH         PUBLIC        main
  D:0087H         PUBLIC        PCON
  D:0098H         PUBLIC        SCON
  D:0088H         PUBLIC        TCON
  D:009FH         PUBLIC        CHPCON
  D:00F8H         PUBLIC        SCON_1
  D:00A4H         PUBLIC        IAPTRG
  C:24FBH         PUBLIC        MODIFY_HIRC_166
  D:00E8H         PUBLIC        ADCCON0
  D:00C0H         PUBLIC        I2CON
  D:00A7H         PUBLIC        IAPAH
  D:00AEH         PUBLIC        IAPFD
  D:00C8H         PUBLIC        T2CON
  D:00A6H         PUBLIC        IAPAL
  C:1F38H         SYMBOL        send_default_param
  D:00AFH         PUBLIC        IAPCN
  D:0095H         PUBLIC        CKDIV
  D:00D0H         PUBLIC        PSW
  -------         PROC          MODIFY_HIRC_166
  -------         DO            
  D:0008H         SYMBOL        hircmap0
  D:0009H         SYMBOL        hircmap1
  D:0006H         SYMBOL        trimvalue16bit
  -------         ENDDO         
  C:24FBH         LINE#         48
  C:24FBH         LINE#         49
  C:24FBH         LINE#         53
  C:2503H         LINE#         54
  C:2503H         LINE#         56
  C:2506H         LINE#         57
  C:2519H         LINE#         58
  C:251CH         LINE#         59
  C:251EH         LINE#         60
BL51 BANKED LINKER/LOCATER V6.22                                                      03/30/2023  10:09:10  PAGE 25


  C:2521H         LINE#         61
  C:2534H         LINE#         62
  C:2537H         LINE#         63
  C:253AH         LINE#         64
  C:253CH         LINE#         65
  C:254FH         LINE#         66
  C:2552H         LINE#         67
  C:2565H         LINE#         68
  C:2578H         LINE#         69
  C:2580H         LINE#         70
  C:2585H         LINE#         71
  C:258CH         LINE#         72
  C:258FH         LINE#         73
  C:2592H         LINE#         74
  C:2595H         LINE#         75
  C:2598H         LINE#         76
  C:259BH         LINE#         77
  C:259EH         LINE#         83
  C:25A1H         LINE#         84
  C:25A1H         LINE#         86
  -------         ENDPROC       MODIFY_HIRC_166
  -------         PROC          SAVE_PARAM
  -------         DO            
  X:0198H         SYMBOL        i
  -------         ENDDO         
  C:31EFH         LINE#         96
  C:31EFH         LINE#         97
  C:31EFH         LINE#         98
  C:31F4H         LINE#         101
  C:31FCH         LINE#         103
  C:31FFH         LINE#         105
  -------         ENDPROC       SAVE_PARAM
  -------         PROC          READ_BEEP_STATUS
  C:3252H         LINE#         115
  C:3252H         LINE#         116
  C:3252H         LINE#         117
  C:3255H         LINE#         118
  C:325DH         LINE#         120
  -------         ENDPROC       READ_BEEP_STATUS
  -------         PROC          SEND_DEFAULT_PARAM
  -------         DO            
  X:0198H         SYMBOL        i
  -------         ENDDO         
  C:1F38H         LINE#         123
  C:1F38H         LINE#         124
  C:1F38H         LINE#         125
  C:1F3DH         LINE#         127
  C:1F43H         LINE#         129
  C:1F4BH         LINE#         131
  C:1F4FH         LINE#         133
  C:1F53H         LINE#         135
  C:1F57H         LINE#         137
  C:1F5EH         LINE#         138
  C:1F65H         LINE#         139
  C:1F6CH         LINE#         140
  C:1F73H         LINE#         141
  C:1F7AH         LINE#         142
BL51 BANKED LINKER/LOCATER V6.22                                                      03/30/2023  10:09:10  PAGE 26


  C:1F81H         LINE#         143
  C:1F88H         LINE#         144
  C:1F8FH         LINE#         145
  C:1F96H         LINE#         146
  C:1F9DH         LINE#         147
  C:1FA4H         LINE#         148
  C:1FABH         LINE#         153
  C:1FB0H         LINE#         154
  C:1FB0H         LINE#         155
  C:1FBFH         LINE#         156
  C:1FC9H         LINE#         158
  C:1FDFH         LINE#         159
  C:1FF5H         LINE#         160
  C:1FFFH         LINE#         161
  C:2009H         LINE#         162
  C:2013H         LINE#         164
  C:2019H         LINE#         165
  C:2019H         LINE#         166
  C:2030H         LINE#         167
  C:203CH         LINE#         169
  -------         ENDPROC       SEND_DEFAULT_PARAM
  -------         PROC          MAIN
  -------         DO            
  D:0007H         SYMBOL        i
  X:020DH         SYMBOL        w_cnt
  X:020EH         SYMBOL        send_cnt
  -------         ENDDO         
  C:203DH         LINE#         176
  C:203DH         LINE#         177
  C:203DH         LINE#         178
  C:203FH         LINE#         182
  C:204EH         LINE#         183
  C:2051H         LINE#         184
  C:205EH         LINE#         193
  C:2061H         LINE#         194
  C:2064H         LINE#         196
  C:2067H         LINE#         197
  C:206AH         LINE#         206
  C:206EH         LINE#         208
  C:2071H         LINE#         209
  C:2074H         LINE#         210
  C:2077H         LINE#         211
  C:207AH         LINE#         212
  C:207DH         LINE#         213
  C:2080H         LINE#         214
  C:2083H         LINE#         215
  C:2086H         LINE#         216
  C:2089H         LINE#         217
  C:208CH         LINE#         219
  C:208FH         LINE#         220
  C:2092H         LINE#         222
  C:2098H         LINE#         225
  C:209AH         LINE#         226
  C:209AH         LINE#         227
  C:20A9H         LINE#         228
  C:20AEH         LINE#         229
  C:20B1H         LINE#         231
BL51 BANKED LINKER/LOCATER V6.22                                                      03/30/2023  10:09:10  PAGE 27


  C:20B3H         LINE#         234
  C:20B5H         LINE#         236
  C:20C6H         LINE#         238
  C:20C6H         LINE#         239
  C:20C6H         LINE#         243
  C:20C9H         LINE#         244
  C:20CFH         LINE#         245
  C:20CFH         LINE#         246
  C:20D1H         LINE#         247
  C:20D4H         LINE#         248
  C:20D7H         LINE#         249
  C:20DAH         LINE#         250
  C:20DAH         LINE#         255
  C:20E0H         LINE#         256
  C:20E0H         LINE#         257
  C:20E2H         LINE#         258
  C:20E5H         LINE#         259
  C:20E8H         LINE#         260
  C:20EBH         LINE#         261
  C:20EBH         LINE#         266
  C:20F1H         LINE#         267
  C:20F1H         LINE#         268
  C:20F3H         LINE#         270
  C:20F6H         LINE#         272
  C:20F9H         LINE#         273
  C:20F9H         LINE#         274
  C:20FFH         LINE#         275
  C:2105H         LINE#         276
  C:2105H         LINE#         277
  C:2108H         LINE#         278
  C:210DH         LINE#         279
  C:210FH         LINE#         280
  C:210FH         LINE#         281
  C:210FH         LINE#         283
  C:210FH         LINE#         288
  C:2115H         LINE#         289
  C:2115H         LINE#         290
  C:2117H         LINE#         291
  C:211AH         LINE#         293
  C:211DH         LINE#         294
  C:211DH         LINE#         295
  C:2128H         LINE#         296
  C:2128H         LINE#         297
  C:212BH         LINE#         298
  C:2130H         LINE#         299
  C:2132H         LINE#         300
  C:2132H         LINE#         301
  C:2134H         LINE#         303
  C:2134H         LINE#         304
  C:2139H         LINE#         305
  C:2139H         LINE#         307
  C:2139H         LINE#         312
  C:213CH         LINE#         313
  -------         ENDPROC       MAIN
  -------         ENDMOD        MAIN

  -------         MODULE        QUEUE
BL51 BANKED LINKER/LOCATER V6.22                                                      03/30/2023  10:09:10  PAGE 28


  C:0000H         SYMBOL        _ICE_DUMMY_
  D:0080H         PUBLIC        P0
  D:0090H         PUBLIC        P1
  D:00A0H         PUBLIC        P2
  D:00B0H         PUBLIC        P3
  D:00D8H         PUBLIC        PWMCON0
  C:27D1H         PUBLIC        _Enter_queue
  D:00A8H         PUBLIC        IE
  C:3187H         SYMBOL        _Is_Empty_Queue
  D:00B8H         PUBLIC        IP
  C:2E29H         PUBLIC        _Is_Full_Queue
  D:0098H         PUBLIC        SCON
  D:0088H         PUBLIC        TCON
  C:2AFCH         PUBLIC        _Create_Queue
  D:00F8H         PUBLIC        SCON_1
  D:00E8H         PUBLIC        ADCCON0
  D:00C0H         PUBLIC        I2CON
  D:00C8H         PUBLIC        T2CON
  C:2637H         PUBLIC        _Denter_queue
  D:00D0H         PUBLIC        PSW
  -------         PROC          _CREATE_QUEUE
  X:0198H         SYMBOL        Q
  X:019BH         SYMBOL        pbuff
  X:019EH         SYMBOL        maxsize
  C:2AFCH         LINE#         60
  C:2B07H         LINE#         61
  C:2B07H         LINE#         62
  C:2B24H         LINE#         63
  C:2B39H         LINE#         64
  C:2B43H         LINE#         65
  C:2B57H         LINE#         66
  -------         ENDPROC       _CREATE_QUEUE
  -------         PROC          _IS_FULL_QUEUE
  X:01A7H         SYMBOL        Q
  C:2E29H         LINE#         83
  C:2E34H         LINE#         84
  C:2E34H         LINE#         85
  C:2E7AH         LINE#         86
  C:2E7DH         LINE#         88
  C:2E7FH         LINE#         89
  -------         ENDPROC       _IS_FULL_QUEUE
  -------         PROC          _IS_EMPTY_QUEUE
  D:0001H         SYMBOL        Q
  C:3187H         LINE#         105
  C:3187H         LINE#         106
  C:3187H         LINE#         107
  C:3199H         LINE#         108
  C:319CH         LINE#         110
  C:319EH         LINE#         111
  -------         ENDPROC       _IS_EMPTY_QUEUE
  -------         PROC          _ENTER_QUEUE
  X:01A3H         SYMBOL        Q
  X:01A6H         SYMBOL        val
  C:27D1H         LINE#         128
  C:27E1H         LINE#         129
  C:27E1H         LINE#         130
  C:27E7H         LINE#         131
BL51 BANKED LINKER/LOCATER V6.22                                                      03/30/2023  10:09:10  PAGE 29


  C:27EAH         LINE#         133
  C:27EAH         LINE#         134
  C:280EH         LINE#         135
  C:284EH         LINE#         136
  C:2850H         LINE#         137
  C:2850H         LINE#         138
  -------         ENDPROC       _ENTER_QUEUE
  -------         PROC          _DENTER_QUEUE
  X:0199H         SYMBOL        Q
  X:019CH         SYMBOL        val
  C:2637H         LINE#         154
  C:2642H         LINE#         155
  C:2642H         LINE#         156
  C:2653H         LINE#         157
  C:2653H         LINE#         158
  C:2656H         LINE#         159
  C:2656H         LINE#         161
  C:2656H         LINE#         162
  C:2681H         LINE#         163
  C:26C1H         LINE#         164
  C:26C3H         LINE#         165
  C:26C3H         LINE#         166
  -------         ENDPROC       _DENTER_QUEUE
  -------         ENDMOD        QUEUE

  -------         MODULE        UART_FRAME
  C:0000H         SYMBOL        _ICE_DUMMY_
  D:0080H         PUBLIC        P0
  D:0090H         PUBLIC        P1
  D:00A0H         PUBLIC        P2
  D:00B0H         PUBLIC        P3
  C:3210H         PUBLIC        uart0_init
  D:00D8H         PUBLIC        PWMCON0
  X:0005H         PUBLIC        rx_buf
  C:2F8FH         PUBLIC        _uart_frame_tx_2
  D:00A8H         PUBLIC        IE
  B:00A8H.4       PUBLIC        ES
  D:00B8H         PUBLIC        IP
  X:0131H         PUBLIC        uart_frame
  D:0098H         PUBLIC        SCON
  B:0080H.5       PUBLIC        P05
  D:0088H         PUBLIC        TCON
  C:2FFCH         PUBLIC        uart_frame_init
  D:00F8H         PUBLIC        SCON_1
  C:1A66H         PUBLIC        uart_frame_loop
  C:1BC1H         PUBLIC        cmd_proc
  D:00E8H         PUBLIC        ADCCON0
  D:00C0H         PUBLIC        I2CON
  D:00C8H         PUBLIC        T2CON
  X:013AH         PUBLIC        rx_queue
  C:3031H         PUBLIC        _uart_frame_tx
  X:0149H         PUBLIC        uart_tx_frame
  D:00D0H         PUBLIC        PSW
  -------         PROC          UART0_INIT
  C:3210H         LINE#         35
  C:3210H         LINE#         36
  C:3210H         LINE#         37
BL51 BANKED LINKER/LOCATER V6.22                                                      03/30/2023  10:09:10  PAGE 30


  C:321BH         LINE#         38
  C:321DH         LINE#         39
  -------         ENDPROC       UART0_INIT
  -------         PROC          UART_FRAME_INIT
  C:2FFCH         LINE#         42
  C:2FFCH         LINE#         43
  C:2FFCH         LINE#         44
  C:301BH         LINE#         46
  C:3021H         LINE#         47
  C:3026H         LINE#         49
  C:302BH         LINE#         50
  C:3030H         LINE#         51
  -------         ENDPROC       UART_FRAME_INIT
  -------         PROC          _UART_FRAME_TX
  D:0007H         SYMBOL        cmd
  D:0005H         SYMBOL        dat
  -------         DO            
  D:0006H         SYMBOL        xor
  -------         ENDDO         
  C:3031H         LINE#         53
  C:3031H         LINE#         54
  C:3031H         LINE#         61
  C:3033H         LINE#         62
  C:3038H         LINE#         63
  C:3039H         LINE#         64
  C:303DH         LINE#         65
  C:303FH         LINE#         66
  C:3042H         LINE#         67
  C:3044H         LINE#         68
  C:3046H         LINE#         69
  C:3049H         LINE#         70
  C:304DH         LINE#         71
  C:3062H         LINE#         73
  -------         ENDPROC       _UART_FRAME_TX
  -------         PROC          _UART_FRAME_TX_2
  D:0007H         SYMBOL        cmd
  D:0005H         SYMBOL        dat0
  D:0003H         SYMBOL        dat1
  -------         DO            
  D:0006H         SYMBOL        xor
  -------         ENDDO         
  C:2F8FH         LINE#         75
  C:2F8FH         LINE#         76
  C:2F8FH         LINE#         77
  C:2F91H         LINE#         78
  C:2F96H         LINE#         79
  C:2F97H         LINE#         80
  C:2F9BH         LINE#         81
  C:2F9DH         LINE#         82
  C:2FA0H         LINE#         83
  C:2FA2H         LINE#         84
  C:2FA5H         LINE#         85
  C:2FA7H         LINE#         86
  C:2FA9H         LINE#         87
  C:2FACH         LINE#         88
  C:2FB0H         LINE#         89
  C:2FC5H         LINE#         90
BL51 BANKED LINKER/LOCATER V6.22                                                      03/30/2023  10:09:10  PAGE 31


  -------         ENDPROC       _UART_FRAME_TX_2
  -------         PROC          UART_FRAME_LOOP
  -------         DO            
  X:0000H         SYMBOL        sm
  X:0001H         SYMBOL        len
  X:0002H         SYMBOL        ptr
  X:0198H         SYMBOL        dat
  D:0007H         SYMBOL        ret
  -------         ENDDO         
  C:1A66H         LINE#         94
  C:1A66H         LINE#         95
  C:1A66H         LINE#         102
  C:1A7DH         LINE#         104
  C:1A83H         LINE#         105
  C:1A83H         LINE#         106
  C:1A9BH         LINE#         107
  C:1AB3H         LINE#         108
  C:1AB3H         LINE#         109
  C:1AB3H         LINE#         110
  C:1AB8H         LINE#         111
  C:1ABEH         LINE#         112
  C:1ABFH         LINE#         113
  C:1ABFH         LINE#         114
  C:1AC4H         LINE#         115
  C:1AC9H         LINE#         116
  C:1AC9H         LINE#         117
  C:1ACFH         LINE#         119
  C:1ACFH         LINE#         121
  C:1AD4H         LINE#         122
  C:1AE1H         LINE#         123
  C:1AE7H         LINE#         124
  C:1AE8H         LINE#         125
  C:1AE8H         LINE#         126
  C:1B05H         LINE#         127
  C:1B0BH         LINE#         128
  C:1B27H         LINE#         129
  C:1B27H         LINE#         130
  C:1B2DH         LINE#         131
  C:1B2DH         LINE#         132
  C:1B2EH         LINE#         133
  C:1B2EH         LINE#         134
  C:1B3DH         LINE#         135
  C:1B3DH         LINE#         136
  C:1B4CH         LINE#         137
  C:1B51H         LINE#         138
  C:1B6EH         LINE#         139
  C:1B6EH         LINE#         140
  C:1B91H         LINE#         141
  C:1B99H         LINE#         143
  C:1BB8H         LINE#         144
  C:1BB8H         LINE#         145
  C:1BBBH         LINE#         146
  C:1BBBH         LINE#         148
  C:1BBBH         LINE#         149
  C:1BBBH         LINE#         150
  C:1BC0H         LINE#         151
  C:1BC0H         LINE#         152
BL51 BANKED LINKER/LOCATER V6.22                                                      03/30/2023  10:09:10  PAGE 32


  C:1BC0H         LINE#         153
  C:1BC0H         LINE#         154
  C:1BC0H         LINE#         155
  C:1BC0H         LINE#         156
  -------         ENDPROC       UART_FRAME_LOOP
  -------         PROC          CMD_PROC
  C:1BC1H         LINE#         159
  C:1BC1H         LINE#         160
  C:1BC1H         LINE#         161
  C:1BDFH         LINE#         162
  C:1BDFH         LINE#         163
  C:1BDFH         LINE#         164
  C:1BDFH         LINE#         165
  C:1BDFH         LINE#         166
  C:1BE0H         LINE#         167
  C:1BE0H         LINE#         168
  C:1BE2H         LINE#         169
  C:1BE8H         LINE#         172
  C:1BE9H         LINE#         173
  C:1BE9H         LINE#         183
  C:1BE9H         LINE#         184
  C:1BE9H         LINE#         185
  C:1BEFH         LINE#         186
  C:1BF0H         LINE#         187
  C:1BF0H         LINE#         188
  C:1BF6H         LINE#         189
  C:1BFAH         LINE#         190
  C:1BFAH         LINE#         191
  C:1C02H         LINE#         192
  C:1C02H         LINE#         193
  C:1C08H         LINE#         194
  C:1C1CH         LINE#         196
  C:1C1DH         LINE#         197
  C:1C1DH         LINE#         198
  C:1C23H         LINE#         199
  C:1C27H         LINE#         200
  C:1C2FH         LINE#         201
  C:1C32H         LINE#         202
  C:1C43H         LINE#         203
  C:1C44H         LINE#         204
  C:1C44H         LINE#         206
  C:1C51H         LINE#         207
  C:1C51H         LINE#         208
  C:1C56H         LINE#         209
  C:1C57H         LINE#         211
  C:1C57H         LINE#         212
  C:1C5CH         LINE#         213
  C:1C5CH         LINE#         214
  C:1C5DH         LINE#         215
  C:1C5DH         LINE#         216
  C:1C6EH         LINE#         217
  C:1C74H         LINE#         218
  C:1C74H         LINE#         219
  C:1C7BH         LINE#         220
  C:1C7EH         LINE#         221
  C:1C81H         LINE#         222
  C:1C84H         LINE#         224
BL51 BANKED LINKER/LOCATER V6.22                                                      03/30/2023  10:09:10  PAGE 33


  C:1C87H         LINE#         225
  C:1C8AH         LINE#         226
  C:1C8DH         LINE#         227
  C:1C94H         LINE#         228
  C:1C99H         LINE#         229
  C:1C9AH         LINE#         230
  C:1CA2H         LINE#         231
  C:1CA2H         LINE#         232
  C:1CA9H         LINE#         233
  C:1CACH         LINE#         234
  C:1CAFH         LINE#         235
  C:1CB2H         LINE#         237
  C:1CB5H         LINE#         238
  C:1CB8H         LINE#         239
  C:1CBBH         LINE#         240
  C:1CC2H         LINE#         241
  C:1CC7H         LINE#         242
  C:1CC8H         LINE#         243
  C:1CD0H         LINE#         244
  C:1CD0H         LINE#         245
  C:1CD7H         LINE#         246
  C:1CDAH         LINE#         247
  C:1CDDH         LINE#         248
  C:1CE0H         LINE#         250
  C:1CE3H         LINE#         251
  C:1CE6H         LINE#         252
  C:1CE9H         LINE#         253
  C:1CF0H         LINE#         254
  C:1CF5H         LINE#         255
  C:1CF5H         LINE#         257
  C:1CF5H         LINE#         258
  C:1CF5H         LINE#         259
  C:1CF5H         LINE#         260
  C:1CF5H         LINE#         261
  -------         ENDPROC       CMD_PROC
  -------         ENDMOD        UART_FRAME

  -------         MODULE        TREADMILLS
  C:0000H         SYMBOL        _ICE_DUMMY_
  D:0080H         PUBLIC        P0
  D:0090H         PUBLIC        P1
  D:00A0H         PUBLIC        P2
  X:015DH         SYMBOL        run_disp_tab
  D:00B0H         PUBLIC        P3
  X:0160H         PUBLIC        booktime_cnt
  D:00D8H         PUBLIC        PWMCON0
  D:00A8H         PUBLIC        IE
  X:0161H         PUBLIC        booktime_en
  C:12C8H         PUBLIC        _treadmills_display
  D:00B8H         PUBLIC        IP
  C:15C0H         PUBLIC        treadmills_param_calc
  C:2A3DH         PUBLIC        _map_speed
  D:0098H         PUBLIC        SCON
  D:0088H         PUBLIC        TCON
  X:0162H         PUBLIC        treadmills
  C:29C4H         PUBLIC        communication_checkout
  D:00F8H         PUBLIC        SCON_1
BL51 BANKED LINKER/LOCATER V6.22                                                      03/30/2023  10:09:10  PAGE 34


  C:2CC5H         PUBLIC        boot_time
  C:30B2H         PUBLIC        treadmills_init
  D:00E8H         PUBLIC        ADCCON0
  D:00C0H         PUBLIC        I2CON
  X:0195H         SYMBOL        boot_disp_tab
  D:00C8H         PUBLIC        T2CON
  C:2949H         PUBLIC        treadmills_disp_loop
  C:0F2EH         PUBLIC        treadmills_proc_loop
  D:00D0H         PUBLIC        PSW
  -------         PROC          TREADMILLS_INIT
  C:30B2H         LINE#         26
  C:30B2H         LINE#         27
  C:30B2H         LINE#         28
  C:30B7H         LINE#         29
  C:30C1H         LINE#         30
  C:30CAH         LINE#         32
  C:30CFH         LINE#         33
  -------         ENDPROC       TREADMILLS_INIT
  -------         PROC          _MAP_SPEED
  D:0007H         SYMBOL        speed
  -------         DO            
  X:019AH         SYMBOL        voltage
  D:0007H         SYMBOL        tar_speed
  -------         ENDDO         
  C:2A3DH         LINE#         35
  C:2A3DH         LINE#         36
  C:2A3DH         LINE#         39
  C:2A64H         LINE#         41
  C:2A9EH         LINE#         42
  C:2A9EH         LINE#         43
  -------         ENDPROC       _MAP_SPEED
  -------         PROC          BOOT_TIME
  C:2CC5H         LINE#         70
  C:2CC5H         LINE#         71
  C:2CC5H         LINE#         72
  C:2CD0H         LINE#         73
  C:2CD6H         LINE#         74
  C:2CDCH         LINE#         75
  C:2CDCH         LINE#         76
  C:2CDEH         LINE#         77
  C:2CECH         LINE#         78
  C:2CECH         LINE#         79
  C:2CF8H         LINE#         80
  C:2CFAH         LINE#         82
  C:2CFAH         LINE#         83
  C:2D01H         LINE#         84
  C:2D01H         LINE#         85
  C:2D06H         LINE#         86
  C:2D0DH         LINE#         88
  C:2D17H         LINE#         89
  C:2D17H         LINE#         90
[...]
  D:0090H         PUBLIC        P1
  D:00A0H         PUBLIC        P2
  D:00B0H         PUBLIC        P3
  D:00D8H         PUBLIC        PWMCON0
  D:00A8H         PUBLIC        IE
  C:2FC6H         PUBLIC        read_param
  D:00B8H         PUBLIC        IP
  C:30D0H         PUBLIC        write_param
  D:0098H         PUBLIC        SCON
  D:0088H         PUBLIC        TCON
  X:020FH         PUBLIC        ee_param
  D:00F8H         PUBLIC        SCON_1
  C:0003H         PUBLIC        ee_param_init
  D:00E8H         PUBLIC        ADCCON0
  D:00C0H         PUBLIC        I2CON
  D:00C8H         PUBLIC        T2CON
  D:00D0H         PUBLIC        PSW
  -------         PROC          EE_PARAM_INIT
  C:0003H         LINE#         19
  C:0003H         LINE#         20
  C:0003H         LINE#         21
  C:0009H         LINE#         23
  -------         ENDPROC       EE_PARAM_INIT
  -------         PROC          READ_PARAM
  -------         DO            
  D:0007H         SYMBOL        i
  X:0198H         SYMBOL        buff
  D:0001H         SYMBOL        ee_param_ptr
  -------         ENDDO         
  C:2FC6H         LINE#         32
  C:2FC6H         LINE#         33
  C:2FC6H         LINE#         39
  C:2FC8H         LINE#         40
  C:2FC8H         LINE#         41
  C:2FD2H         LINE#         42
  C:2FD4H         LINE#         44
  C:2FE5H         LINE#         45
  C:2FEBH         LINE#         47
  C:2FF1H         LINE#         48
  C:2FF1H         LINE#         49
  C:2FFBH         LINE#         50
  C:2FFBH         LINE#         52
  C:2FFBH         LINE#         59
  C:2FFBH         LINE#         62
  -------         ENDPROC       READ_PARAM
  -------         PROC          WRITE_PARAM
  C:30D0H         LINE#         65
  C:30D0H         LINE#         66
  C:30D0H         LINE#         67
  C:30D5H         LINE#         70
  C:30DBH         LINE#         72
  C:30ECH         LINE#         77
  -------         ENDPROC       WRITE_PARAM
BL51 BANKED LINKER/LOCATER V6.22                                                      03/30/2023  10:09:10  PAGE 49


  -------         ENDMOD        EE_PARAM

  -------         MODULE        IAP_EEPROM
  C:0000H         SYMBOL        _ICE_DUMMY_
  D:0080H         PUBLIC        P0
  D:0090H         PUBLIC        P1
  D:00A0H         PUBLIC        P2
  D:00B0H         PUBLIC        P3
  B:00A8H.7       PUBLIC        EA
  D:00D8H         PUBLIC        PWMCON0
  D:00A8H         PUBLIC        IE
  D:00C7H         PUBLIC        TA
  C:2A9FH         PUBLIC        _erase_aprom_page
  D:00B8H         PUBLIC        IP
  C:2E80H         PUBLIC        _read_aprom_page
  C:326AH         PUBLIC        test_iaprom
  C:22E0H         PUBLIC        _write_aprom_page
  D:0098H         PUBLIC        SCON
  D:0088H         PUBLIC        TCON
  D:009FH         PUBLIC        CHPCON
  D:00A5H         PUBLIC        IAPUEN
  D:00F8H         PUBLIC        SCON_1
  D:00A4H         PUBLIC        IAPTRG
  D:00E8H         PUBLIC        ADCCON0
  D:00C0H         PUBLIC        I2CON
  D:00A7H         PUBLIC        IAPAH
  D:00AEH         PUBLIC        IAPFD
  D:00C8H         PUBLIC        T2CON
  D:00A6H         PUBLIC        IAPAL
  D:00AFH         PUBLIC        IAPCN
  D:00D0H         PUBLIC        PSW
  -------         PROC          _ERASE_APROM_PAGE
  D:0007H         SYMBOL        page
  -------         DO            
  D:0006H         SYMBOL        u16_addr
  -------         ENDDO         
  C:2A9FH         LINE#         12
  C:2A9FH         LINE#         13
  C:2A9FH         LINE#         14
  C:2AB6H         LINE#         15
  C:2AB9H         LINE#         16
  C:2ABCH         LINE#         17
  C:2ABFH         LINE#         18
  C:2AD2H         LINE#         19
  C:2AE5H         LINE#         20
  C:2AE8H         LINE#         21
  C:2AFBH         LINE#         22
  -------         ENDPROC       _ERASE_APROM_PAGE
  -------         PROC          _WRITE_APROM_PAGE
  D:0007H         SYMBOL        page
  X:019AH         SYMBOL        buf
  X:019DH         SYMBOL        len
  -------         DO            
  D:0005H         SYMBOL        i
  X:019EH         SYMBOL        u16_addr
  -------         ENDDO         
  C:22E0H         LINE#         25
BL51 BANKED LINKER/LOCATER V6.22                                                      03/30/2023  10:09:10  PAGE 50


  C:22EBH         LINE#         26
  C:22EBH         LINE#         29
  C:2308H         LINE#         30
  C:231BH         LINE#         31
  C:232EH         LINE#         36
  C:2331H         LINE#         37
  C:233DH         LINE#         38
  C:233DH         LINE#         39
  C:2345H         LINE#         40
  C:2348H         LINE#         41
  C:235DH         LINE#         42
  C:2370H         LINE#         43
  C:2373H         LINE#         47
  C:2386H         LINE#         48
  C:2399H         LINE#         52
  -------         ENDPROC       _WRITE_APROM_PAGE
  -------         PROC          _READ_APROM_PAGE
  D:0007H         SYMBOL        page
  X:019BH         SYMBOL        buf
  X:019EH         SYMBOL        len
  -------         DO            
  D:0005H         SYMBOL        i
  D:0006H         SYMBOL        ptr
  -------         ENDDO         
  C:2E80H         LINE#         56
  C:2E8BH         LINE#         57
  C:2E8BH         LINE#         59
  C:2EA2H         LINE#         60
  C:2EAEH         LINE#         61
  C:2EAEH         LINE#         62
  C:2ECDH         LINE#         63
  C:2ED0H         LINE#         64
  -------         ENDPROC       _READ_APROM_PAGE
  -------         PROC          TEST_IAPROM
  C:326AH         LINE#         72
  C:326AH         LINE#         73
  C:326AH         LINE#         110
  C:326CH         LINE#         113
  -------         ENDPROC       TEST_IAPROM
  -------         ENDMOD        IAP_EEPROM

  -------         MODULE        DELAY
  C:0000H         SYMBOL        _ICE_DUMMY_
  D:0080H         PUBLIC        P0
  D:0090H         PUBLIC        P1
  D:00A0H         PUBLIC        P2
  C:2D1EH         PUBLIC        _Timer0_Delay100us
  D:00B0H         PUBLIC        P3
  D:00D8H         PUBLIC        PWMCON0
  C:2B58H         PUBLIC        _Timer2_Delay500us
  D:00A8H         PUBLIC        IE
  D:00B8H         PUBLIC        IP
  C:2D77H         PUBLIC        _Timer0_Delay1ms
  B:0020H.2       PUBLIC        BIT_TMP
  D:0098H         PUBLIC        SCON
  D:0089H         PUBLIC        TMOD
  D:0088H         PUBLIC        TCON
BL51 BANKED LINKER/LOCATER V6.22                                                      03/30/2023  10:09:10  PAGE 51


  D:00F8H         PUBLIC        SCON_1
  B:0088H.5       PUBLIC        TF0
  C:2DD0H         PUBLIC        _Timer1_Delay10ms
  B:0088H.7       PUBLIC        TF1
  B:00C8H.7       PUBLIC        TF2
  D:008CH         PUBLIC        TH0
  D:00C6H         PUBLIC        RH3
  D:008DH         PUBLIC        TH1
  D:00CDH         PUBLIC        TH2
  D:008AH         PUBLIC        TL0
  D:00C5H         PUBLIC        RL3
  D:008BH         PUBLIC        TL1
  D:00CCH         PUBLIC        TL2
  C:2C6AH         PUBLIC        _Timer3_Delay10us
  B:0088H.4       PUBLIC        TR0
  B:0088H.6       PUBLIC        TR1
  B:00C8H.2       PUBLIC        TR2
  D:00E8H         PUBLIC        ADCCON0
  D:00C0H         PUBLIC        I2CON
  D:00C9H         PUBLIC        T2MOD
  D:00C8H         PUBLIC        T2CON
  D:00C4H         PUBLIC        T3CON
  D:008EH         PUBLIC        CKCON
  D:00D0H         PUBLIC        PSW
  C:2C0FH         PUBLIC        _Timer3_Delay100ms
  -------         PROC          _TIMER0_DELAY100US
  X:01F3H         SYMBOL        u32CNT
  C:2D1EH         LINE#         22
  C:2D24H         LINE#         23
  C:2D24H         LINE#         24
  C:2D27H         LINE#         25
  C:2D2AH         LINE#         26
  C:2D2CH         LINE#         27
  C:2D45H         LINE#         28
  C:2D45H         LINE#         29
  C:2D48H         LINE#         30
  C:2D4BH         LINE#         31
  C:2D4EH         LINE#         32
  C:2D50H         LINE#         33
  C:2D72H         LINE#         34
  C:2D74H         LINE#         35
  C:2D76H         LINE#         36
  -------         ENDPROC       _TIMER0_DELAY100US
  -------         PROC          _TIMER0_DELAY1MS
  X:01F7H         SYMBOL        u32CNT
  C:2D77H         LINE#         38
  C:2D7DH         LINE#         39
  C:2D7DH         LINE#         40
  C:2D80H         LINE#         41
  C:2D83H         LINE#         42
  C:2D85H         LINE#         43
  C:2D9EH         LINE#         44
  C:2D9EH         LINE#         45
  C:2DA1H         LINE#         46
  C:2DA4H         LINE#         47
  C:2DA7H         LINE#         48
  C:2DA9H         LINE#         49
BL51 BANKED LINKER/LOCATER V6.22                                                      03/30/2023  10:09:10  PAGE 52


  C:2DCBH         LINE#         50
  C:2DCDH         LINE#         51
  C:2DCFH         LINE#         52
  -------         ENDPROC       _TIMER0_DELAY1MS
  -------         PROC          _TIMER1_DELAY10MS
  X:01FBH         SYMBOL        u32CNT
  C:2DD0H         LINE#         55
  C:2DD6H         LINE#         56
  C:2DD6H         LINE#         57
  C:2DD9H         LINE#         58
  C:2DDCH         LINE#         59
  C:2DDEH         LINE#         60
  C:2DF7H         LINE#         61
  C:2DF7H         LINE#         62
  C:2DFAH         LINE#         63
  C:2DFDH         LINE#         64
  C:2E00H         LINE#         65
  C:2E02H         LINE#         66
  C:2E24H         LINE#         67
  C:2E26H         LINE#         68
  C:2E28H         LINE#         69
  -------         ENDPROC       _TIMER1_DELAY10MS
  -------         PROC          _TIMER2_DELAY500US
  X:01FFH         SYMBOL        u32CNT
  C:2B58H         LINE#         71
  C:2B5EH         LINE#         72
  C:2B5EH         LINE#         73
  C:2B61H         LINE#         74
  C:2B64H         LINE#         75
  C:2B67H         LINE#         76
  C:2B69H         LINE#         77
  C:2B82H         LINE#         78
  C:2B82H         LINE#         79
  C:2B85H         LINE#         80
  C:2B88H         LINE#         81
  C:2B8BH         LINE#         82
  C:2B8DH         LINE#         83
  C:2BAFH         LINE#         84
  C:2BB1H         LINE#         85
  C:2BB3H         LINE#         86
  -------         ENDPROC       _TIMER2_DELAY500US
  -------         PROC          _TIMER3_DELAY100MS
  X:0203H         SYMBOL        u32CNT
  C:2C0FH         LINE#         88
  C:2C15H         LINE#         89
  C:2C15H         LINE#         90
  C:2C18H         LINE#         91
  C:2C1BH         LINE#         92
  C:2C34H         LINE#         93
  C:2C34H         LINE#         94
  C:2C37H         LINE#         95
  C:2C3AH         LINE#         96
  C:2C3FH         LINE#         97
  C:2C42H         LINE#         98
  C:2C64H         LINE#         99
  C:2C66H         LINE#         100
  C:2C69H         LINE#         101
BL51 BANKED LINKER/LOCATER V6.22                                                      03/30/2023  10:09:10  PAGE 53


  -------         ENDPROC       _TIMER3_DELAY100MS
  -------         PROC          _TIMER3_DELAY10US
  X:0207H         SYMBOL        u32CNT
  C:2C6AH         LINE#         103
  C:2C70H         LINE#         104
  C:2C70H         LINE#         105
  C:2C73H         LINE#         106
  C:2C76H         LINE#         107
  C:2C8FH         LINE#         108
  C:2C8FH         LINE#         109
  C:2C92H         LINE#         110
  C:2C95H         LINE#         111
  C:2C9AH         LINE#         112
  C:2C9DH         LINE#         113
  C:2CBFH         LINE#         114
  C:2CC1H         LINE#         115
  C:2CC4H         LINE#         116
  -------         ENDPROC       _TIMER3_DELAY10US
  -------         ENDMOD        DELAY

  -------         MODULE        COMMON
  C:0000H         SYMBOL        _ICE_DUMMY_
  D:00B1H         PUBLIC        P0M1
  D:00B2H         PUBLIC        P0M2
  D:0080H         PUBLIC        P0
  D:0090H         PUBLIC        P1
  D:00A0H         PUBLIC        P2
  D:00B0H         PUBLIC        P3
  B:00A8H.7       PUBLIC        EA
  D:00D8H         PUBLIC        PWMCON0
  D:00A8H         PUBLIC        IE
  C:313DH         PUBLIC        SW_Reset
  D:00C7H         PUBLIC        TA
  D:00B8H         PUBLIC        IP
  B:0098H.1       PUBLIC        TI
  D:0087H         PUBLIC        PCON
  D:0098H         PUBLIC        SCON
  D:0088H         PUBLIC        TCON
  D:009FH         PUBLIC        CHPCON
  D:00F8H         PUBLIC        SCON_1
  D:00C6H         PUBLIC        RH3
  D:00C5H         PUBLIC        RL3
  C:2851H         PUBLIC        _InitialUART0_Timer3
  D:00E8H         PUBLIC        ADCCON0
  D:00C0H         PUBLIC        I2CON
  D:00C8H         PUBLIC        T2CON
  D:00C4H         PUBLIC        T3CON
  D:00D0H         PUBLIC        PSW
  -------         PROC          _INITIALUART0_TIMER3
  X:0198H         SYMBOL        u32Baudrate
  C:2851H         LINE#         25
  C:2857H         LINE#         26
  C:2857H         LINE#         27
  C:285DH         LINE#         28
  C:2863H         LINE#         30
  C:2866H         LINE#         31
  C:2869H         LINE#         32
BL51 BANKED LINKER/LOCATER V6.22                                                      03/30/2023  10:09:10  PAGE 54


  C:286CH         LINE#         33
  C:286FH         LINE#         40
  C:289DH         LINE#         41
  C:28C8H         LINE#         43
  C:28CBH         LINE#         44
  C:28CDH         LINE#         45
  -------         ENDPROC       _INITIALUART0_TIMER3
  -------         PROC          SW_RESET
  C:313DH         LINE#         50
  C:313DH         LINE#         51
  C:313DH         LINE#         52
  C:3140H         LINE#         53
  C:3143H         LINE#         54
  C:3156H         LINE#         55
  -------         ENDPROC       SW_RESET
  -------         ENDMOD        COMMON

  -------         MODULE        ?C?FPADD
  C:002DH         PUBLIC        ?C?FPADD
  C:0029H         PUBLIC        ?C?FPSUB
  -------         ENDMOD        ?C?FPADD

  -------         MODULE        ?C?FPMUL
  C:011EH         PUBLIC        ?C?FPMUL
  -------         ENDMOD        ?C?FPMUL

  -------         MODULE        ?C?FPDIV
  C:0227H         PUBLIC        ?C?FPDIV
  -------         ENDMOD        ?C?FPDIV

  -------         MODULE        ?C?FPCMP
  C:02C6H         PUBLIC        ?C?FPCMP
  C:02C4H         PUBLIC        ?C?FPCMP3
  -------         ENDMOD        ?C?FPCMP

  -------         MODULE        ?C?FCAST
  C:033BH         PUBLIC        ?C?FCASTC
  C:0336H         PUBLIC        ?C?FCASTI
  C:0331H         PUBLIC        ?C?FCASTL
  -------         ENDMOD        ?C?FCAST

  -------         MODULE        ?C?CASTF
  C:036FH         PUBLIC        ?C?CASTF
  -------         ENDMOD        ?C?CASTF

  -------         MODULE        ?C?CLDPTR
  C:03F0H         PUBLIC        ?C?CLDPTR
  -------         ENDMOD        ?C?CLDPTR

  -------         MODULE        ?C?CLDOPTR
  C:0409H         PUBLIC        ?C?CLDOPTR
  -------         ENDMOD        ?C?CLDOPTR

  -------         MODULE        ?C?CSTPTR
  C:0436H         PUBLIC        ?C?CSTPTR
  -------         ENDMOD        ?C?CSTPTR

BL51 BANKED LINKER/LOCATER V6.22                                                      03/30/2023  10:09:10  PAGE 55


  -------         MODULE        ?C?CSTOPTR
  C:0448H         PUBLIC        ?C?CSTOPTR
  -------         ENDMOD        ?C?CSTOPTR

  -------         MODULE        ?C?UIDIV
  C:046AH         PUBLIC        ?C?UIDIV
  -------         ENDMOD        ?C?UIDIV

  -------         MODULE        ?C?ULDIV
  C:04FBH         PUBLIC        ?C?ULDIV
  -------         ENDMOD        ?C?ULDIV

  -------         MODULE        ?C?LNEG
  C:058DH         PUBLIC        ?C?LNEG
  -------         ENDMOD        ?C?LNEG

  -------         MODULE        ?C?ULCMP
  C:059BH         PUBLIC        ?C?ULCMP
  -------         ENDMOD        ?C?ULCMP

  -------         MODULE        ?C?ULSHR
  C:05ACH         PUBLIC        ?C?ULSHR
  -------         ENDMOD        ?C?ULSHR

  -------         MODULE        ?C?LLDOPTR
  C:05BFH         PUBLIC        ?C?LLDOPTR
  -------         ENDMOD        ?C?LLDOPTR

  -------         MODULE        ?C?LSTOPTR
  C:05EFH         PUBLIC        ?C?LSTOPTR
  -------         ENDMOD        ?C?LSTOPTR

  -------         MODULE        ?C?LLDOPTR0
  C:0613H         PUBLIC        ?C?LLDOPTR0
  -------         ENDMOD        ?C?LLDOPTR0

  -------         MODULE        ?C?LSTXDATA
  C:0643H         PUBLIC        ?C?LSTXDATA
  -------         ENDMOD        ?C?LSTXDATA

  -------         MODULE        ?C?LSTKXDATA
  C:064FH         PUBLIC        ?C?LSTKXDATA
  -------         ENDMOD        ?C?LSTKXDATA

  -------         MODULE        ?C?LSTKOPTR
  C:0680H         PUBLIC        ?C?LSTKOPTR
  -------         ENDMOD        ?C?LSTKOPTR

  -------         MODULE        ?C?PLDPTR
  C:06A4H         PUBLIC        ?C?PLDPTR
  -------         ENDMOD        ?C?PLDPTR

  -------         MODULE        ?C?PSTPTR
  C:06C4H         PUBLIC        ?C?PSTPTR
  -------         ENDMOD        ?C?PSTPTR

  -------         MODULE        ?C?LLDIDATA
BL51 BANKED LINKER/LOCATER V6.22                                                      03/30/2023  10:09:10  PAGE 56


  C:0713H         PUBLIC        ?C?LLDIDATA
  -------         ENDMOD        ?C?LLDIDATA

  -------         MODULE        ?C?LLDXDATA
  C:071FH         PUBLIC        ?C?LLDXDATA
  -------         ENDMOD        ?C?LLDXDATA

  -------         MODULE        ?C?LLDPDATA
  C:072BH         PUBLIC        ?C?LLDPDATA
  -------         ENDMOD        ?C?LLDPDATA

  -------         MODULE        ?C?LLDCODE
  C:0737H         PUBLIC        ?C?LLDCODE
  -------         ENDMOD        ?C?LLDCODE

  -------         MODULE        ?C?LLDIDATA0
  C:0747H         PUBLIC        ?C?LLDIDATA0
  -------         ENDMOD        ?C?LLDIDATA0

  -------         MODULE        ?C?LLDXDATA0
  C:0754H         PUBLIC        ?C?LLDXDATA0
  -------         ENDMOD        ?C?LLDXDATA0

  -------         MODULE        ?C?LLDPDATA0
  C:0760H         PUBLIC        ?C?LLDPDATA0
  -------         ENDMOD        ?C?LLDPDATA0

  -------         MODULE        ?C?LLDCODE0
  C:076DH         PUBLIC        ?C?LLDCODE0
  -------         ENDMOD        ?C?LLDCODE0

  -------         MODULE        ?C?LSTIDATA
  C:077DH         PUBLIC        ?C?LSTIDATA
  -------         ENDMOD        ?C?LSTIDATA

  -------         MODULE        ?C?LSTPDATA
  C:0789H         PUBLIC        ?C?LSTPDATA
  -------         ENDMOD        ?C?LSTPDATA

  -------         MODULE        ?C?LSTKIDATA
  C:0795H         PUBLIC        ?C?LSTKIDATA
  -------         ENDMOD        ?C?LSTKIDATA

  -------         MODULE        ?C?LSTKPDATA
  C:07AEH         PUBLIC        ?C?LSTKPDATA
  -------         ENDMOD        ?C?LSTKPDATA

  -------         MODULE        ?C?PLDIDATA
  C:07C7H         PUBLIC        ?C?PLDIDATA
  -------         ENDMOD        ?C?PLDIDATA

  -------         MODULE        ?C?PSTIDATA
  C:07D0H         PUBLIC        ?C?PSTIDATA
  -------         ENDMOD        ?C?PSTIDATA

  -------         MODULE        ?C?PLDXDATA
  C:07D9H         PUBLIC        ?C?PLDXDATA
BL51 BANKED LINKER/LOCATER V6.22                                                      03/30/2023  10:09:10  PAGE 57


  -------         ENDMOD        ?C?PLDXDATA

  -------         MODULE        ?C?PSTXDATA
  C:07E2H         PUBLIC        ?C?PSTXDATA
  -------         ENDMOD        ?C?PSTXDATA

  -------         MODULE        ?C?PLDPDATA
  C:07EBH         PUBLIC        ?C?PLDPDATA
  -------         ENDMOD        ?C?PLDPDATA

  -------         MODULE        ?C?PSTPDATA
  C:07F4H         PUBLIC        ?C?PSTPDATA
  -------         ENDMOD        ?C?PSTPDATA

  -------         MODULE        ?C?PLDCODE
  C:07FDH         PUBLIC        ?C?PLDCODE
  -------         ENDMOD        ?C?PLDCODE

Program Size: data=11.3 xdata=530 code=12910
LINK/LOCATE RUN COMPLETE.  0 WARNING(S),  0 ERROR(S)
