C51 COMPILER V9.01   KEYPAD_FUN                                                            03/30/2023 10:09:09 PAGE 1   


C51 COMPILER V9.01, COMPILATION OF MODULE KEYPAD_FUN
OBJECT MODULE PLACED IN .\Output\keypad_fun.obj
COMPILER INVOKED BY: D:\Keil\C51\BIN\C51.EXE ..\driver\keypad_fun.c LARGE OPTIMIZE(7,SPEED) BROWSE INCDIR(..\Library\Dev
                    -ice\Include;..\Library\StdDriver\inc;..\user;..\driver;..\bsp;..\Include;..\common) DEBUG OBJECTEXTEND PRINT(.\LST\keypa
                    -d_fun.lst) TABS(2) OBJECT(.\Output\keypad_fun.obj)

line level    source

   1          /*
   2           * keypad_fun.c
   3           *
   4           *  Created on: 2018年8月2日
   5           *      Author: Administrator
   6           */
   7          #include "common.h"
   8          #include "keypad_fun.h"
   9          #include "beep.h"
  10          #include "led_disp.h"
  11          #include "uart_frame.h"
  12          #include "uart.h"
  13          #include "treadmills.h"
  14          #include "7_segment.h"
  15          #include "indecate.h"
  16          #include "treadmills.h"
  17          #include "param.h"
  18          #include "ee_param.h"
  19          
  20          bit write_flag = 0;
  21          //bit manual_to_auto = 0;
  22          //bit last_auto_flag =0;
  23          
  24          void keypad_short_proc(void);
  25          void keypad_long_proc(void);
  26          void keypad_continue_proc(void);
  27          void keypad_all_realse_proc(void);
  28          
  29          
  30          void keypad_all_realse_proc(void)
  31          {
  32   1      
  33   1      
  34   1      }
  35          
  36          
  37          static void disp_speed_adc_param(void)
  38          {
  39   1        u8 temp=0;
  40   1        indecate.led_speed=LED_OFF;
  41   1        indecate.led_distance=LED_OFF;
  42   1        indecate.led_calorie=LED_OFF;
  43   1        indecate.led_auto=LED_OFF;
  44   1        indecate.led_time=LED_OFF;
  45   1        indecate.led_updp=LED_OFF;
  46   1        indecate.led_downdp=LED_OFF;
  47   1      
  48   1        set_bit_seg(0,SEG_ALL_OFF);
  49   1        if(param.speed_adc<0)
  50   1        {
  51   2          set_bit_seg(1,SEG__);
  52   2          temp=-param.speed_adc;
  53   2        }
C51 COMPILER V9.01   KEYPAD_FUN                                                            03/30/2023 10:09:09 PAGE 2   

  54   1        else
  55   1        {
  56   2          set_bit_seg(1,SEG_ALL_OFF);
  57   2          temp=param.speed_adc;
  58   2        }
  59   1      
  60   1        set_bit_seg(2,seg_num[temp/10]);
  61   1        set_bit_seg(3,seg_num[temp%10]);
  62   1      
  63   1        set_seg_mode(SEG_MODE_FLASH_SELF);
  64   1      }
  65          
  66          
  67          
  68          
  69          
  70          void keypad_short_proc(void)
  71          {
  72   1        u8 bitmap = key;
  73   1          u8 tar_speed;
  74   1          if (1 == key_cnt) //单键
  75   1          {
  76   2      
  77   2            if(param.en==1)//进入参数设置模式
  78   2            {
  79   3      
  80   3              if((bitmap & BTN_MODE ) &&(key_mask & BTN_MODE))
  81   3              {
  82   4      
  83   4                BEEP_SWITCH_ON_1_CNT(); //2023.3.27
  84   4      
  85   4                if(treadmills.status==STATUS_WAIT)
  86   4                {
  87   5                  param.index++;
  88   5      
  89   5                  if(param.index>4) //2023.3.27
  90   5                  {
  91   6                    param.index=1;
  92   6                  }
  93   5      
  94   5                  param.en=1;
  95   5                  treadmills.display.index=param.index;
  96   5                  key_mask=0XFF;//打开所有键盘
  97   5      
  98   5                  treadmills.param.second=0;
  99   5                  treadmills.param.distance=0;
 100   5                  treadmills.param.calorie=0;
 101   5      
 102   5                  treadmills_display(param.index);
 103   5                  set_seg_mode(SEG_MODE_FLASH_SELF);
 104   5                }
 105   4              }
 106   3      
 107   3              if((bitmap & BTN_ADD) &&(key_mask & BTN_ADD))
 108   3              {
 109   4      
 110   4                if(param.index==PARAM_SET_SPEED_ADC)
 111   4                {
 112   5                  BEEP_SWITCH_ON_1_CNT(); //2023.3.27
 113   5      
 114   5                  param.speed_adc+=1;
 115   5                  if(param.speed_adc>SPEED_ADC_MAX){param.speed_adc=SPEED_ADC_MAX;}
C51 COMPILER V9.01   KEYPAD_FUN                                                            03/30/2023 10:09:09 PAGE 3   

 116   5                  disp_speed_adc_param();
 117   5                }
 118   4                else if( param.index == PARAM_SET_BEEP)      //2023.3.27
 119   4                {
 120   5                  
 121   5                  BEEP_SWITCH_ON_1_CNT();  //2023.3.27
 122   5       
 123   5                  treadmills.param.beep_status = BEEP_SWITCH_ON;
 124   5                  
 125   5                  treadmills_display(param.index);
 126   5                  set_seg_mode(SEG_MODE_FLASH_SELF);
 127   5      
 128   5                }
 129   4                else if(param.index==PARAM_SET_TIME)
 130   4                {
 131   5                  BEEP_SWITCH_ON_1_CNT(); //2023.3.27
 132   5                  if((treadmills.param.second+60)<=(TIME_MAX))
 133   5                  {
 134   6                    treadmills.param.second+=60;
 135   6                  }
 136   5                  else
 137   5                  {
 138   6                    treadmills.param.second=TIME_MAX;
 139   6                  }
 140   5      
 141   5                  treadmills_display(param.index);
 142   5                  set_seg_mode(SEG_MODE_FLASH_SELF);
 143   5      
 144   5                }
 145   4                else if(param.index==PARAM_SET_DISTANCE)
 146   4                {
 147   5                  BEEP_SWITCH_ON_1_CNT(); //2023.3.27
 148   5                  treadmills.param.distance+=1000;
 149   5      
 150   5                  if(treadmills.param.distance>DISTANCE_MAX)
 151   5                  {
 152   6                    treadmills.param.distance=DISTANCE_MAX;
 153   6                  }
 154   5                  treadmills_display(param.index);
 155   5                  set_seg_mode(SEG_MODE_FLASH_SELF);
 156   5                }
 157   4                else if(param.index==PARAM_SET_CALORIE)
 158   4                {
 159   5                  BEEP_SWITCH_ON_1_CNT(); //2023.3.27
 160   5                  //单位: 卡
 161   5                  treadmills.param.calorie+=1000;
 162   5                  if(treadmills.param.calorie>CALORIE_MAX)
 163   5                  {treadmills.param.calorie=CALORIE_MAX;}
 164   5                  treadmills_display(param.index);
 165   5                  set_seg_mode(SEG_MODE_FLASH_SELF);
 166   5                }
 167   4                else{}
 168   4              }
 169   3              
 170   3              if((bitmap & BTN_SUB) &&(key_mask & BTN_SUB))
 171   3              {
 172   4                if(param.index==PARAM_SET_SPEED_ADC)
 173   4                {
 174   5                  BEEP_SWITCH_ON_1_CNT(); //2023.3.27
 175   5                  param.speed_adc-=1;
 176   5                  if(param.speed_adc<SPEED_ADC_MIN){param.speed_adc=SPEED_ADC_MIN;}
 177   5                  disp_speed_adc_param();
C51 COMPILER V9.01   KEYPAD_FUN                                                            03/30/2023 10:09:09 PAGE 4   

 178   5                }
 179   4                else if( param.index == PARAM_SET_BEEP)      //2023.3.27
 180   4                {
 181   5                  BEEP_SWITCH_ON_1_CNT();  //2023.3.27
 182   5                  
 183   5                  treadmills.param.beep_status = BEEP_SWITCH_OFF;
 184   5                  
 185   5                  treadmills_display(param.index);
 186   5                  set_seg_mode(SEG_MODE_FLASH_SELF);
 187   5      
 188   5                }
 189   4                else if(param.index==PARAM_SET_TIME)
 190   4                {
 191   5                  BEEP_SWITCH_ON_1_CNT(); //2023.3.27
 192   5                  if(treadmills.param.second>=60)
 193   5                  {
 194   6                    treadmills.param.second-=60;
 195   6                  }
 196   5                  else
 197   5                  {
 198   6                    treadmills.param.second=0;
 199   6                  }
 200   5                  treadmills_display(param.index);
 201   5                  set_seg_mode(SEG_MODE_FLASH_SELF);
 202   5                }
 203   4                else if(param.index==PARAM_SET_DISTANCE)
 204   4                {
 205   5                  BEEP_SWITCH_ON_1_CNT(); //2023.3.27
 206   5                  if(treadmills.param.distance>=1000)
 207   5                  {
 208   6                    treadmills.param.distance-=1000;
 209   6                  }
 210   5                  else
 211   5                  {
 212   6                    treadmills.param.distance=DISTANCE_MIN;
 213   6                  }
 214   5      
 215   5                  treadmills_display(param.index);
 216   5                  set_seg_mode(SEG_MODE_FLASH_SELF);
 217   5                }
 218   4                else if(param.index==PARAM_SET_CALORIE)
 219   4                {
 220   5                  BEEP_SWITCH_ON_1_CNT(); //2023.3.27
 221   5                  //单位:卡
 222   5                  if(treadmills.param.calorie>=1000)
 223   5                  {
 224   6                    treadmills.param.calorie-=1000;
 225   6                  }
 226   5                  else
 227   5                  {
 228   6                    treadmills.param.calorie=CALORIE_MIN;
 229   6                  }
 230   5                  treadmills_display(param.index);
 231   5                  set_seg_mode(SEG_MODE_FLASH_SELF);
 232   5                }
 233   4                else{}
 234   4              }
 235   3      
 236   3              //------ 设置退出处理 ----------------------------
 237   3              if((bitmap & BTN_ONOFF) &&(key_mask & BTN_ONOFF))
 238   3              {
 239   4                BEEP_SWITCH_ON_1_CNT(); //2023.3.27
C51 COMPILER V9.01   KEYPAD_FUN                                                            03/30/2023 10:09:09 PAGE 5   

 240   4                param.en=0;
 241   4                set_seg_mode(SEG_MODE_NORMAL);
 242   4                
 243   4                write_flag = 1;
 244   4      
 245   4                if( (treadmills.param.second) \
 246   4                    ||(treadmills.param.distance) \
 247   4                    ||treadmills.param.calorie)
 248   4                {
 249   5                  param.book_en=1;
 250   5                }
 251   4                else
 252   4                {
 253   5                  param.book_en=0;
 254   5                }
 255   4      
 256   4                if(param.index==PARAM_SET_SPEED_ADC)
 257   4                {
 258   5                  //给主控发送参数指令，让其保存在FLASH中.
 259   5                  uart_tx_frame.cmd=CMD_WRITE_PARAM;
 260   5                  uart_tx_frame.len=2;
 261   5                  uart_tx_frame.buf[0]=(u8)param.speed_adc;
 262   5                  uart_tx_frame.buf[1]=(~(u8)param.speed_adc);
 263   5                  UART_Send_Buf(UART0,(UINT8*)&uart_tx_frame,sizeof(uart_tx_frame));
 264   5                  param.index=0;
 265   5                  treadmills.status=STATUS_STOP_OVER;
 266   5                }
 267   4                else
 268   4                {
 269   5                  if(param.book_en)
 270   5                  {
 271   6                    treadmills.status=STATUS_RUN;
 272   6                    key_mask =0xff;//打开所有按键
 273   6                  }
 274   5                  else
 275   5                  {
 276   6                    param.index=0;
 277   6                    treadmills.status=STATUS_STOP_OVER;
 278   6                  }
 279   5                }
 280   4              }
 281   3            }
 282   2            else//正常模式
 283   2            {
 284   3               // ON/OFF 按键
 285   3              if((bitmap & BTN_ONOFF) &&(key_mask & BTN_ONOFF))
 286   3              {
 287   4                
 288   4                if(treadmills.status==STATUS_WAIT)
 289   4                {
 290   5                  debug_printf("\r\n run");
 291   5                  treadmills.status=STATUS_RUN;
 292   5                  BEEP_SWITCH_ON_1_CNT(); //2023.3.27
 293   5                  key_mask =0xff;//打开所有按键
 294   5                }
 295   4                else if(treadmills.status==STATUS_RUN)//进入运行到计时间，但未真正的开始运行的时候。
 296   4                {
 297   5                  debug_printf("\r\n STATUS_STOP_OVER");
 298   5                  treadmills.status=STATUS_STOP_OVER;
 299   5                  key_mask=0x00;//禁止所有按键操作
 300   5                  BEEP_SWITCH_ON_1_CNT(); //2023.3.27
 301   5                }
C51 COMPILER V9.01   KEYPAD_FUN                                                            03/30/2023 10:09:09 PAGE 6   

 302   4                else if(treadmills.status==STATUS_RUNNING)//电机正在运行中
 303   4                {
 304   5                  debug_printf("\r\n stop");
 305   5                  treadmills.status=STATUS_STOP;
 306   5                  key_mask=0x00;//禁止所有按键操作
 307   5                  
 308   5                  if(treadmills.param.beep_status == BEEP_SWITCH_ON)
 309   5                  {
 310   6                    beep_set(2,DEFAULT_ON_TICKS,DEFAULT_OFF_TICKS);
 311   6                  }
 312   5                  else
 313   5                  {}            
 314   5      
 315   5                
 316   5                }
 317   4                else{}
 318   4                
 319   4              }
 320   3      
 321   3              // MODE 按键
 322   3              if((bitmap & BTN_MODE ) &&(key_mask & BTN_MODE))
 323   3              {
 324   4      
 325   4                BEEP_SWITCH_ON_1_CNT(); //2023.3.27
 326   4                if(treadmills.status==STATUS_WAIT)  
 327   4                {
 328   5                  param.index++;
 329   5                  if(param.index>4) //3
 330   5                  {
 331   6                    param.index=1;
 332   6                  }
 333   5      
 334   5                  treadmills.param.beep_status = ee_param.beep_status; //读取上次保存的beep_status,2023.3.27
 335   5                  
 336   5                  treadmills.param.second=0;
 337   5                  treadmills.param.distance=0;
 338   5                  treadmills.param.calorie=0;
 339   5      
 340   5                  param.en=1;
 341   5                  treadmills.display.index=param.index;
 342   5                  key_mask=0XFF;//打开所有键盘
 343   5                  treadmills_display(param.index);
 344   5                  set_seg_mode(SEG_MODE_FLASH_SELF);
 345   5                  return;
 346   5                }
 347   4      
 348   4                if(treadmills.status==STATUS_RUNNING)
 349   4                {
 350   5                  if((treadmills.display.mode==DISP_MODE_AUTO) || ( treadmills.display.mode ==DISP_MODE_TO_AUTO ))
 351   5                  {             
 352   6                    treadmills.display.mode=DISP_MODE_SINGLE;
 353   6                    treadmills.display.index=0;
 354   6                  }
 355   5                  else 
 356   5                  {
 357   6                       treadmills.display.index++;  
 358   6                       if( treadmills.display.index == 1)
 359   6                       {
 360   7                         treadmills.display.index++;
 361   7                       }
 362   6      
 363   6                      treadmills.display.mode=DISP_MODE_SINGLE;
C51 COMPILER V9.01   KEYPAD_FUN                                                            03/30/2023 10:09:09 PAGE 7   

 364   6      
 365   6                      if(treadmills.display.index>4) //  if(treadmills.display.index==4)
 366   6                      {
 367   7                        treadmills.display.mode=DISP_MODE_AUTO;
 368   7                        treadmills.display.index=0;                 
 369   7                      }
 370   6                  }
 371   5                }
 372   4      
 373   4              }
 374   3      
 375   3              if(treadmills.status!=STATUS_RUNNING){return;}//做一个条件限制
 376   3              // + 按键
 377   3              if((bitmap & BTN_ADD) &&(key_mask & BTN_ADD))
 378   3              {
 379   4                BEEP_SWITCH_ON_1_CNT(); //2023.3.27
 380   4                if(treadmills.param.speed < DEFAULT_SPEED_MAX)  //600
 381   4                {
 382   5                  treadmills.param.speed += DEFAULT_SPEED_STEP; //50
 383   5                  tar_speed=map_speed(treadmills.param.speed/10);
 384   5                  uart_frame_tx(CMD_SPEED,tar_speed);
 385   5      
 386   5                  debug_printf("\r\n speed(+)=");
 387   5                  debug_printf_d(treadmills.param.speed);
 388   5                }
 389   4      
 390   4                treadmills.display.index=0;
 391   4      //          treadmills.display.mode=DISP_MODE_SINGLE; 
 392   4                treadmills.display.mode=DISP_MODE_AUTO; //~~~~~~~~~~~~
 393   4      
 394   4              }
 395   3      
 396   3              // - 按键
 397   3              if((bitmap & BTN_SUB) &&(key_mask & BTN_SUB))
 398   3              {
 399   4                BEEP_SWITCH_ON_1_CNT(); //2023.3.27
 400   4                if(treadmills.param.speed>100)
 401   4                {
 402   5                  treadmills.param.speed -= DEFAULT_SPEED_STEP;  //50
 403   5                  tar_speed=map_speed(treadmills.param.speed/10);
 404   5                  uart_frame_tx(CMD_SPEED,tar_speed);
 405   5      
 406   5                  debug_printf("\r\n speed(-)=");
 407   5                  debug_printf_d(treadmills.param.speed);
 408   5                }
 409   4                treadmills.display.index=0;
 410   4      //          treadmills.display.mode=DISP_MODE_SINGLE;
 411   4                treadmills.display.mode=DISP_MODE_AUTO; //~~~~~~~~~~~~
 412   4      
 413   4              }
 414   3              
 415   3            }
 416   2          }
 417   1          else if(2 == key_cnt)//双键
 418   1          {
 419   2            //对码成功
 420   2            if(((bitmap & BTN_ADD) &&(key_mask & BTN_ADD))  && ((bitmap & BTN_MODE ) &&(key_mask & BTN_MODE)))
 421   2            {
 422   3              if(treadmills.param.beep_status == BEEP_SWITCH_ON)
 423   3              {
 424   4                beep_set(2,DEFAULT_ON_TICKS,DEFAULT_OFF_TICKS);
 425   4              }
C51 COMPILER V9.01   KEYPAD_FUN                                                            03/30/2023 10:09:09 PAGE 8   

 426   3              else
 427   3              {} 
 428   3      
 429   3            }
 430   2      
 431   2            if(treadmills.status !=STATUS_WAIT){return;}//表示当前不在WAIT状态 需要退出
 432   2      #if(PARAME_SET_EN)
                    //进入参数设置模式
                    if(((bitmap & BTN_ONOFF) &&(key_mask & BTN_ONOFF))  && ((bitmap & BTN_MODE ) &&(key_mask & BTN_MODE)))
                    {
                      if(treadmills.param.beep_status == BEEP_SWITCH_ON)
                      {
                        beep_set(2,DEFAULT_ON_TICKS,DEFAULT_OFF_TICKS);
                      }
                      else
                      {} 
                      param.en=1;
                      param.index=PARAM_SET_SPEED_ADC;
                      disp_speed_adc_param();
                      key_mask=0XFF;//打开所有键盘
                    }
              #endif
 448   2          }
 449   1          else
 450   1          {}
 451   1      }
 452          
 453          
 454          void keypad_long_proc(void)
 455          {
 456   1      
 457   1      }
 458          
 459          
 460          
 461          void keypad_continue_proc(void)
 462          {
 463   1      
 464   1      }
 465          
 466          
 467          
 468          
 469          
 470          
 471          
 472          


MODULE INFORMATION:   STATIC OVERLAYABLE
   CODE SIZE        =   1969    ----
   CONSTANT SIZE    =   ----    ----
   XDATA SIZE       =   ----       3
   PDATA SIZE       =   ----    ----
   DATA SIZE        =   ----    ----
   IDATA SIZE       =   ----    ----
   BIT SIZE         =      1    ----
END OF MODULE INFORMATION.


C51 COMPILATION COMPLETE.  0 WARNING(S),  0 ERROR(S)
