BL51 BANKED LINKER/LOCATER V6.22                                                        03/27/2023  15:27:35  PAGE 1


BL51 BANKED LINKER/LOCATER V6.22, INVOKED BY:
D:\KEIL\C51\BIN\BL51.EXE .\Output\STARTUP.obj, .\Output\7_segment.obj, .\Output\aip1628.obj, .\Output\indecate.obj, .\Ou
>> tput\led_disp.obj, .\Output\keypad.obj, .\Output\keypad_fun.obj, .\Output\beep.obj, .\Output\main.obj, .\Output\queue
>> .obj, .\Output\uart_frame.obj, .\Output\treadmills.obj, .\Output\param.obj, .\Output\isr.obj, .\Output\PWM_simple.obj
>> , .\Output\Timer01_M1.obj, .\Output\uart.obj, .\Output\ee_param.obj, .\Output\IAP_EEPROM.obj, .\Output\Delay.obj, .\O
>> utput\Common.obj TO .\Output\Timer0_M1 PRINT (.\LST\Timer0_M1.m51) RAMSIZE (256) DISABLEWARNING (16)


MEMORY MODEL: LARGE WITH FLOATING POINT ARITHMETIC


INPUT MODULES INCLUDED:
  .\Output\STARTUP.obj (?C_STARTUP)
  .\Output\7_segment.obj (7_SEGMENT)
  .\Output\aip1628.obj (AIP1628)
  .\Output\indecate.obj (INDECATE)
  .\Output\led_disp.obj (LED_DISP)
  .\Output\keypad.obj (KEYPAD)
  .\Output\keypad_fun.obj (KEYPAD_FUN)
  .\Output\beep.obj (BEEP)
  .\Output\main.obj (MAIN)
  .\Output\queue.obj (QUEUE)
  .\Output\uart_frame.obj (UART_FRAME)
  .\Output\treadmills.obj (TREADMILLS)
  .\Output\param.obj (PARAM)
  .\Output\isr.obj (ISR)
  .\Output\PWM_simple.obj (PWM_SIMPLE)
  .\Output\Timer01_M1.obj (TIMER01_M1)
  .\Output\uart.obj (UART)
  .\Output\ee_param.obj (EE_PARAM)
  .\Output\IAP_EEPROM.obj (IAP_EEPROM)
  .\Output\Delay.obj (DELAY)
  .\Output\Common.obj (COMMON)
  D:\KEIL\C51\LIB\C51FPL.LIB (?C?FPADD)
  D:\KEIL\C51\LIB\C51FPL.LIB (?C?FPMUL)
  D:\KEIL\C51\LIB\C51FPL.LIB (?C?FPDIV)
  D:\KEIL\C51\LIB\C51FPL.LIB (?C?FPCMP)
  D:\KEIL\C51\LIB\C51FPL.LIB (?C?FCAST)
  D:\KEIL\C51\LIB\C51FPL.LIB (?C?CASTF)
  D:\KEIL\C51\LIB\C51FPL.LIB (?C?FPGETOPN)
  D:\KEIL\C51\LIB\C51L.LIB (?C_INIT)
  D:\KEIL\C51\LIB\C51L.LIB (?C?CLDPTR)
  D:\KEIL\C51\LIB\C51L.LIB (?C?CLDOPTR)
  D:\KEIL\C51\LIB\C51L.LIB (?C?CSTPTR)
  D:\KEIL\C51\LIB\C51L.LIB (?C?CSTOPTR)
  D:\KEIL\C51\LIB\C51L.LIB (?C?UIDIV)
  D:\KEIL\C51\LIB\C51L.LIB (?C?ULDIV)
  D:\KEIL\C51\LIB\C51L.LIB (?C?LNEG)
  D:\KEIL\C51\LIB\C51L.LIB (?C?ULCMP)
  D:\KEIL\C51\LIB\C51L.LIB (?C?ULSHR)
  D:\KEIL\C51\LIB\C51L.LIB (?C?LLDOPTR)
  D:\KEIL\C51\LIB\C51L.LIB (?C?LSTOPTR)
  D:\KEIL\C51\LIB\C51L.LIB (?C?LLDOPTR0)
  D:\KEIL\C51\LIB\C51L.LIB (?C?LSTXDATA)
  D:\KEIL\C51\LIB\C51L.LIB (?C?LSTKXDATA)
  D:\KEIL\C51\LIB\C51L.LIB (?C?LSTKOPTR)
  D:\KEIL\C51\LIB\C51L.LIB (?C?PLDPTR)
  D:\KEIL\C51\LIB\C51L.LIB (?C?PSTPTR)
BL51 BANKED LINKER/LOCATER V6.22                                                      03/27/2023  15:27:35  PAGE 2


  D:\KEIL\C51\LIB\C51L.LIB (?C?LLDIDATA)
  D:\KEIL\C51\LIB\C51L.LIB (?C?LLDXDATA)
  D:\KEIL\C51\LIB\C51L.LIB (?C?LLDPDATA)
  D:\KEIL\C51\LIB\C51L.LIB (?C?LLDCODE)
  D:\KEIL\C51\LIB\C51L.LIB (?C?LLDIDATA0)
  D:\KEIL\C51\LIB\C51L.LIB (?C?LLDXDATA0)
  D:\KEIL\C51\LIB\C51L.LIB (?C?LLDPDATA0)
  D:\KEIL\C51\LIB\C51L.LIB (?C?LLDCODE0)
  D:\KEIL\C51\LIB\C51L.LIB (?C?LSTIDATA)
  D:\KEIL\C51\LIB\C51L.LIB (?C?LSTPDATA)
  D:\KEIL\C51\LIB\C51L.LIB (?C?LSTKIDATA)
  D:\KEIL\C51\LIB\C51L.LIB (?C?LSTKPDATA)
  D:\KEIL\C51\LIB\C51L.LIB (?C?PLDIDATA)
  D:\KEIL\C51\LIB\C51L.LIB (?C?PSTIDATA)
  D:\KEIL\C51\LIB\C51L.LIB (?C?PLDXDATA)
  D:\KEIL\C51\LIB\C51L.LIB (?C?PSTXDATA)
  D:\KEIL\C51\LIB\C51L.LIB (?C?PLDPDATA)
  D:\KEIL\C51\LIB\C51L.LIB (?C?PSTPDATA)
  D:\KEIL\C51\LIB\C51L.LIB (?C?PLDCODE)


LINK MAP OF MODULE:  .\Output\Timer0_M1 (?C_STARTUP)


            TYPE    BASE      LENGTH    RELOCATION   SEGMENT NAME
            -----------------------------------------------------

            * * * * * * *   D A T A   M E M O R Y   * * * * * * *
            REG     0000H     0008H     ABSOLUTE     "REG BANK 0"
            DATA    0008H     0002H     UNIT         _DATA_GROUP_
                    000AH     0016H                  *** GAP ***
            BIT     0020H.0   0000H.1   UNIT         ?BI?KEYPAD_FUN
            BIT     0020H.1   0000H.1   UNIT         ?BI?MAIN
            BIT     0020H.2   0000H.1   UNIT         ?BI?DELAY
                    0020H.3   0000H.5                *** GAP ***
            IDATA   0021H     0001H     UNIT         ?STACK

            * * * * * * *  X D A T A   M E M O R Y  * * * * * * *
            XDATA   0000H     0152H     UNIT         ?XD?UART_FRAME
            XDATA   0152H     0046H     UNIT         ?XD?TREADMILLS
            XDATA   0198H     0012H     UNIT         _XDATA_GROUP_
            XDATA   01AAH     000EH     UNIT         ?XD?LED_DISP
            XDATA   01B8H     000DH     UNIT         ?XD?7_SEGMENT
            XDATA   01C5H     000BH     UNIT         ?XD?KEYPAD
            XDATA   01D0H     000AH     UNIT         ?XD?ISR
            XDATA   01DAH     0007H     UNIT         ?XD?BEEP
            XDATA   01E1H     0006H     UNIT         ?XD?INDECATE
            XDATA   01E7H     0005H     UNIT         ?XD?_AIP1628_WRITE_NBYTES?AIP1628
            XDATA   01ECH     0004H     UNIT         ?XD?PARAM
            XDATA   01F0H     0004H     UNIT         ?XD?_TIMER0_DELAY100US?DELAY
            XDATA   01F4H     0004H     UNIT         ?XD?_TIMER0_DELAY1MS?DELAY
            XDATA   01F8H     0004H     UNIT         ?XD?_TIMER1_DELAY10MS?DELAY
            XDATA   01FCH     0004H     UNIT         ?XD?_TIMER2_DELAY500US?DELAY
            XDATA   0200H     0004H     UNIT         ?XD?_TIMER3_DELAY100MS?DELAY
            XDATA   0204H     0004H     UNIT         ?XD?_TIMER3_DELAY10US?DELAY
            XDATA   0208H     0002H     UNIT         ?XD?_SET_SEG_TOGGLE_VAL?LED_DISP
            XDATA   020AH     0002H     UNIT         ?XD?MAIN
BL51 BANKED LINKER/LOCATER V6.22                                                      03/27/2023  15:27:35  PAGE 3


            XDATA   020CH     0002H     UNIT         ?XD?EE_PARAM
            XDATA   020EH     0001H     UNIT         ?XD?_UART_SEND_VALUE?UART

            * * * * * * *   C O D E   M E M O R Y   * * * * * * *
            CODE    0000H     0003H     ABSOLUTE     
            CODE    0003H     0007H     UNIT         ?PR?EE_PARAM_INIT?EE_PARAM
            CODE    000AH     0001H     UNIT         ?PR?KEYPAD_ALL_REALSE_PROC?KEYPAD_FUN
            CODE    000BH     0003H     ABSOLUTE     
            CODE    000EH     0014H     UNIT         ?PR?_WT_BYTE?AIP1628
            CODE    0022H     0001H     UNIT         ?PR?KEYPAD_LONG_PROC?KEYPAD_FUN
            CODE    0023H     0003H     ABSOLUTE     
            CODE    0026H     07E3H     UNIT         ?C?LIB_CODE
            CODE    0809H     0726H     UNIT         ?PR?KEYPAD_SHORT_PROC?KEYPAD_FUN
            CODE    0F2FH     039AH     UNIT         ?PR?TREADMILLS_PROC_LOOP?TREADMILLS
            CODE    12C9H     02F8H     UNIT         ?PR?_TREADMILLS_DISPLAY?TREADMILLS
            CODE    15C1H     02D8H     UNIT         ?PR?TREADMILLS_PARAM_CALC?TREADMILLS
            CODE    1899H     01CEH     UNIT         ?PR?SEG_DISP_PROC?LED_DISP
            CODE    1A67H     015BH     UNIT         ?PR?UART_FRAME_LOOP?UART_FRAME
            CODE    1BC2H     0135H     UNIT         ?PR?CMD_PROC?UART_FRAME
            CODE    1CF7H     012FH     UNIT         ?PR?_SET_SEG_TOGGLE_VAL?LED_DISP
            CODE    1E26H     0113H     UNIT         ?PR?KEYPAD_SCAN?KEYPAD
            CODE    1F39H     010AH     UNIT         ?PR?MAIN?MAIN
            CODE    2043H     0105H     UNIT         ?PR?SEND_DEFAULT_PARAM?MAIN
            CODE    2148H     00D6H     UNIT         ?PR?_SET_SEG_VAL?LED_DISP
            CODE    221EH     00C2H     UNIT         ?C_INITSEG
            CODE    22E0H     00BAH     UNIT         ?PR?_WRITE_APROM_PAGE?IAP_EEPROM
            CODE    239AH     00ACH     UNIT         ?C_C51STARTUP
            CODE    2446H     00A7H     UNIT         ?PR?MODIFY_HIRC_166?MAIN
            CODE    24EDH     0095H     UNIT         ?PR?_UART_SEND_VALUE?UART
            CODE    2582H     008DH     UNIT         ?PR?_DENTER_QUEUE?QUEUE
            CODE    260FH     008DH     UNIT         ?PR?TIMER0_ISR?ISR
            CODE    269CH     0089H     UNIT         ?PR?DISP_SPEED_ADC_PARAM?KEYPAD_FUN
            CODE    2725H     0084H     UNIT         ?PR?BEEP_SOUND_PROC?BEEP
            CODE    27A9H     0080H     UNIT         ?PR?_ENTER_QUEUE?QUEUE
            CODE    2829H     007DH     UNIT         ?PR?_INITIALUART0_TIMER3?COMMON
            CODE    28A6H     007CH     UNIT         ?PR?TREADMILLS_DISP_LOOP?TREADMILLS
            CODE    2922H     007BH     UNIT         ?PR?_SET_SEG_TWO?LED_DISP
            CODE    299DH     0079H     UNIT         ?PR?COMMUNICATION_CHECKOUT?TREADMILLS
            CODE    2A16H     0061H     UNIT         ?PR?_MAP_SPEED?TREADMILLS
            CODE    2A77H     005DH     UNIT         ?PR?_ERASE_APROM_PAGE?IAP_EEPROM
            CODE    2AD4H     005CH     UNIT         ?PR?_CREATE_QUEUE?QUEUE
            CODE    2B30H     005CH     UNIT         ?PR?_TIMER2_DELAY500US?DELAY
            CODE    2B8CH     005BH     UNIT         ?PR?_BEEP_SET?BEEP
            CODE    2BE7H     005BH     UNIT         ?PR?_TIMER3_DELAY100MS?DELAY
            CODE    2C42H     005BH     UNIT         ?PR?_TIMER3_DELAY10US?DELAY
            CODE    2C9DH     0059H     UNIT         ?PR?BOOT_TIME?TREADMILLS
            CODE    2CF6H     0059H     UNIT         ?PR?_TIMER0_DELAY100US?DELAY
            CODE    2D4FH     0059H     UNIT         ?PR?_TIMER0_DELAY1MS?DELAY
            CODE    2DA8H     0059H     UNIT         ?PR?_TIMER1_DELAY10MS?DELAY
            CODE    2E01H     0057H     UNIT         ?PR?_IS_FULL_QUEUE?QUEUE
            CODE    2E58H     0051H     UNIT         ?PR?_READ_APROM_PAGE?IAP_EEPROM
            CODE    2EA9H     004AH     UNIT         ?PR?UART0_ISR?ISR
            CODE    2EF3H     003BH     UNIT         ?PR?PWM_INIT?PWM_SIMPLE
            CODE    2F2EH     0039H     UNIT         ?PR?DISP_UPDATE?INDECATE
            CODE    2F67H     0037H     UNIT         ?PR?_UART_FRAME_TX_2?UART_FRAME
            CODE    2F9EH     0036H     UNIT         ?PR?READ_PARAM?EE_PARAM
            CODE    2FD4H     0035H     UNIT         ?PR?UART_FRAME_INIT?UART_FRAME
BL51 BANKED LINKER/LOCATER V6.22                                                      03/27/2023  15:27:35  PAGE 4


            CODE    3009H     0032H     UNIT         ?PR?_UART_FRAME_TX?UART_FRAME
            CODE    303BH     002BH     UNIT         ?PR?_AIP1628_WRITE_NBYTES?AIP1628
            CODE    3066H     0024H     UNIT         ?PR?_UART_SEND_BUF?UART
            CODE    308AH     001EH     UNIT         ?PR?TREADMILLS_INIT?TREADMILLS
            CODE    30A8H     001DH     UNIT         ?PR?WRITE_PARAM?EE_PARAM
            CODE    30C5H     001BH     UNIT         ?PR?_SET_BIT_SEG?LED_DISP
            CODE    30E0H     001BH     UNIT         ?PR?_UART_SEND_DATA?UART
            CODE    30FBH     001AH     UNIT         ?PR?_RECEIVE_DATA?UART
            CODE    3115H     001AH     UNIT         ?PR?SW_RESET?COMMON
            CODE    312FH     0018H     UNIT         ?PR?AIP1628_INIT?AIP1628
            CODE    3147H     0018H     UNIT         ?PR?_GET_KEY_STATUS?KEYPAD
            CODE    315FH     0018H     UNIT         ?PR?_IS_EMPTY_QUEUE?QUEUE
            CODE    3177H     0017H     UNIT         ?PR?_UART_SEND_STRING?UART
            CODE    318EH     0014H     UNIT         ?PR?LED_DISPLAY_INIT?LED_DISP
            CODE    31A2H     0014H     UNIT         ?PR?TIMER0_INIT?TIMER01_M1
            CODE    31B6H     0011H     UNIT         ?PR?_AIP1628_WRITE_BYTE?AIP1628
            CODE    31C7H     0011H     UNIT         ?PR?SAVE_PARAM?MAIN
            CODE    31D8H     0010H     UNIT         ?PR?_SET_SEG_MODE?LED_DISP
            CODE    31E8H     000EH     UNIT         ?PR?UART0_INIT?UART_FRAME
            CODE    31F6H     000EH     UNIT         ?PR?_PWM1DUTYCYCLE?PWM_SIMPLE
            CODE    3204H     000DH     UNIT         ?PR?_SET_SEG_FLASH_CNT?LED_DISP
            CODE    3211H     000DH     UNIT         ?PR?BEEP_FORCE_STOP?BEEP
            CODE    321EH     000CH     UNIT         ?PR?_SET_AIP1628_LIGHTE_SCALE?AIP1628
            CODE    322AH     000CH     UNIT         ?PR?READ_BEEP_STATUS?MAIN
            CODE    3236H     000CH     UNIT         ?PR?PARAM_INIT?PARAM
            CODE    3242H     0003H     UNIT         ?PR?TEST_IAPROM?IAP_EEPROM
            CODE    3245H     0001H     UNIT         ?PR?KEYPAD_CONTINUE_PROC?KEYPAD_FUN



OVERLAY MAP OF MODULE:   .\Output\Timer0_M1 (?C_STARTUP)


SEGMENT                                         DATA_GROUP          XDATA_GROUP
  +--> CALLED SEGMENT                         START    LENGTH     START    LENGTH
---------------------------------------------------------------------------------
?C_C51STARTUP                                 -----    -----      -----    -----
  +--> ?PR?MAIN?MAIN
  +--> ?C_INITSEG

?PR?MAIN?MAIN                                 -----    -----      -----    -----
  +--> ?PR?MODIFY_HIRC_166?MAIN
  +--> ?PR?LED_DISPLAY_INIT?LED_DISP
  +--> ?PR?AIP1628_INIT?AIP1628
  +--> ?PR?PWM_INIT?PWM_SIMPLE
  +--> ?PR?UART0_INIT?UART_FRAME
  +--> ?PR?TIMER0_INIT?TIMER01_M1
  +--> ?PR?UART_FRAME_INIT?UART_FRAME
  +--> ?PR?TREADMILLS_INIT?TREADMILLS
  +--> ?PR?PARAM_INIT?PARAM
  +--> ?PR?READ_BEEP_STATUS?MAIN
  +--> ?PR?_BEEP_SET?BEEP
  +--> ?PR?UART_FRAME_LOOP?UART_FRAME
  +--> ?PR?KEYPAD_SCAN?KEYPAD
  +--> ?PR?BEEP_SOUND_PROC?BEEP
  +--> ?PR?BOOT_TIME?TREADMILLS
  +--> ?PR?SEG_DISP_PROC?LED_DISP
BL51 BANKED LINKER/LOCATER V6.22                                                      03/27/2023  15:27:35  PAGE 5


  +--> ?PR?TREADMILLS_DISP_LOOP?TREADMILLS
  +--> ?PR?TREADMILLS_PROC_LOOP?TREADMILLS
  +--> ?PR?COMMUNICATION_CHECKOUT?TREADMILLS
  +--> ?PR?SEND_DEFAULT_PARAM?MAIN
  +--> ?PR?TREADMILLS_PARAM_CALC?TREADMILLS
  +--> ?PR?SAVE_PARAM?MAIN
  +--> ?PR?DISP_UPDATE?INDECATE

?PR?MODIFY_HIRC_166?MAIN                      0008H    0002H      -----    -----

?PR?LED_DISPLAY_INIT?LED_DISP                 -----    -----      -----    -----
  +--> ?PR?_SET_SEG_MODE?LED_DISP

?PR?AIP1628_INIT?AIP1628                      -----    -----      -----    -----
  +--> ?PR?_WT_BYTE?AIP1628
  +--> ?PR?_SET_AIP1628_LIGHTE_SCALE?AIP1628

?PR?_SET_AIP1628_LIGHTE_SCALE?AIP1628         -----    -----      -----    -----
  +--> ?PR?_WT_BYTE?AIP1628

?PR?UART0_INIT?UART_FRAME                     -----    -----      -----    -----
  +--> ?PR?_INITIALUART0_TIMER3?COMMON

?PR?_INITIALUART0_TIMER3?COMMON               -----    -----      0198H    0004H

?PR?UART_FRAME_INIT?UART_FRAME                -----    -----      -----    -----
  +--> ?PR?_CREATE_QUEUE?QUEUE

?PR?_CREATE_QUEUE?QUEUE                       -----    -----      0198H    000AH

?PR?READ_BEEP_STATUS?MAIN                     -----    -----      -----    -----
  +--> ?PR?READ_PARAM?EE_PARAM

?PR?READ_PARAM?EE_PARAM                       -----    -----      0198H    0002H
  +--> ?PR?_READ_APROM_PAGE?IAP_EEPROM

?PR?_READ_APROM_PAGE?IAP_EEPROM               -----    -----      019AH    0005H

?PR?_BEEP_SET?BEEP                            -----    -----      019AH    0005H
  +--> ?PR?_PWM1DUTYCYCLE?PWM_SIMPLE

?PR?UART_FRAME_LOOP?UART_FRAME                -----    -----      0198H    0001H
  +--> ?PR?_DENTER_QUEUE?QUEUE
  +--> ?PR?CMD_PROC?UART_FRAME

?PR?_DENTER_QUEUE?QUEUE                       -----    -----      0199H    0006H
  +--> ?PR?_IS_EMPTY_QUEUE?QUEUE

?PR?CMD_PROC?UART_FRAME                       -----    -----      -----    -----
  +--> ?PR?_BEEP_SET?BEEP
  +--> ?PR?_UART_SEND_BUF?UART
  +--> ?PR?_SET_SEG_VAL?LED_DISP
  +--> ?PR?_SET_SEG_MODE?LED_DISP

?PR?_UART_SEND_BUF?UART                       -----    -----      019AH    0005H
  +--> ?PR?_UART_SEND_DATA?UART

BL51 BANKED LINKER/LOCATER V6.22                                                      03/27/2023  15:27:35  PAGE 6


?PR?_SET_SEG_VAL?LED_DISP                     -----    -----      0199H    0002H

?PR?KEYPAD_SCAN?KEYPAD                        -----    -----      -----    -----
  +--> ?PR?KEYPAD_SHORT_PROC?KEYPAD_FUN
  +--> ?PR?KEYPAD_ALL_REALSE_PROC?KEYPAD_FUN
  +--> ?PR?KEYPAD_LONG_PROC?KEYPAD_FUN
  +--> ?PR?KEYPAD_CONTINUE_PROC?KEYPAD_FUN

?PR?KEYPAD_SHORT_PROC?KEYPAD_FUN              -----    -----      0198H    0002H
  +--> ?PR?_BEEP_SET?BEEP
  +--> ?PR?_TREADMILLS_DISPLAY?TREADMILLS
  +--> ?PR?_SET_SEG_MODE?LED_DISP
  +--> ?PR?DISP_SPEED_ADC_PARAM?KEYPAD_FUN
  +--> ?PR?_UART_SEND_BUF?UART
  +--> ?PR?_MAP_SPEED?TREADMILLS
  +--> ?PR?_UART_FRAME_TX?UART_FRAME

?PR?_TREADMILLS_DISPLAY?TREADMILLS            -----    -----      019AH    0009H
  +--> ?PR?_SET_SEG_TWO?LED_DISP
  +--> ?PR?_SET_BIT_SEG?LED_DISP

?PR?DISP_SPEED_ADC_PARAM?KEYPAD_FUN           -----    -----      019AH    0001H
  +--> ?PR?_SET_BIT_SEG?LED_DISP
  +--> ?PR?_SET_SEG_MODE?LED_DISP

?PR?_MAP_SPEED?TREADMILLS                     -----    -----      019AH    0004H

?PR?_UART_FRAME_TX?UART_FRAME                 -----    -----      -----    -----
  +--> ?PR?_UART_SEND_BUF?UART

?PR?BEEP_SOUND_PROC?BEEP                      -----    -----      -----    -----
  +--> ?PR?_PWM1DUTYCYCLE?PWM_SIMPLE

?PR?BOOT_TIME?TREADMILLS                      -----    -----      -----    -----
  +--> ?PR?_TREADMILLS_DISPLAY?TREADMILLS

?PR?TREADMILLS_DISP_LOOP?TREADMILLS           -----    -----      -----    -----
  +--> ?PR?_TREADMILLS_DISPLAY?TREADMILLS

?PR?TREADMILLS_PROC_LOOP?TREADMILLS           -----    -----      0198H    0001H
  +--> ?PR?_SET_BIT_SEG?LED_DISP
  +--> ?PR?_UART_SEND_BUF?UART
  +--> ?PR?_BEEP_SET?BEEP
  +--> ?PR?_MAP_SPEED?TREADMILLS
  +--> ?PR?_UART_FRAME_TX_2?UART_FRAME
  +--> ?PR?_TREADMILLS_DISPLAY?TREADMILLS
  +--> ?PR?_UART_FRAME_TX?UART_FRAME
  +--> ?PR?BEEP_FORCE_STOP?BEEP

?PR?_UART_FRAME_TX_2?UART_FRAME               -----    -----      -----    -----
  +--> ?PR?_UART_SEND_BUF?UART

?PR?BEEP_FORCE_STOP?BEEP                      -----    -----      -----    -----
  +--> ?PR?_PWM1DUTYCYCLE?PWM_SIMPLE

?PR?COMMUNICATION_CHECKOUT?TREADMILLS         -----    -----      -----    -----
  +--> ?PR?_UART_FRAME_TX?UART_FRAME
BL51 BANKED LINKER/LOCATER V6.22                                                      03/27/2023  15:27:35  PAGE 7


  +--> ?PR?_BEEP_SET?BEEP

?PR?SEND_DEFAULT_PARAM?MAIN                   -----    -----      0198H    0001H
  +--> ?PR?_UART_FRAME_TX?UART_FRAME

?PR?TREADMILLS_PARAM_CALC?TREADMILLS          -----    -----      -----    -----
  +--> ?PR?_BEEP_SET?BEEP
  +--> ?PR?_TREADMILLS_DISPLAY?TREADMILLS

?PR?SAVE_PARAM?MAIN                           -----    -----      0198H    0001H
  +--> ?PR?WRITE_PARAM?EE_PARAM

?PR?WRITE_PARAM?EE_PARAM                      -----    -----      -----    -----
  +--> ?PR?_ERASE_APROM_PAGE?IAP_EEPROM
  +--> ?PR?_WRITE_APROM_PAGE?IAP_EEPROM

?PR?_WRITE_APROM_PAGE?IAP_EEPROM              -----    -----      0199H    0007H

?PR?DISP_UPDATE?INDECATE                      -----    -----      -----    -----
  +--> ?PR?_AIP1628_WRITE_BYTE?AIP1628

?PR?_AIP1628_WRITE_BYTE?AIP1628               -----    -----      -----    -----
  +--> ?PR?_WT_BYTE?AIP1628

*** NEW ROOT ***************************************************

?PR?UART0_ISR?ISR                             -----    -----      -----    -----
  +--> ?PR?_ENTER_QUEUE?QUEUE

?PR?_ENTER_QUEUE?QUEUE                        -----    -----      01A3H    0004H
  +--> ?PR?_IS_FULL_QUEUE?QUEUE

?PR?_IS_FULL_QUEUE?QUEUE                      -----    -----      01A7H    0003H



SYMBOL TABLE OF MODULE:  .\Output\Timer0_M1 (?C_STARTUP)

  VALUE           TYPE          NAME
  ----------------------------------

  -------         MODULE        ?C_STARTUP
  C:239AH         SEGMENT       ?C_C51STARTUP
  I:0021H         SEGMENT       ?STACK
  C:0000H         PUBLIC        ?C_STARTUP
  D:00E0H         SYMBOL        ACC
  D:00F0H         SYMBOL        B
  D:0083H         SYMBOL        DPH
  D:0082H         SYMBOL        DPL
  N:0000H         SYMBOL        IBPSTACK
  N:0100H         SYMBOL        IBPSTACKTOP
  N:0080H         SYMBOL        IDATALEN
  C:23AFH         SYMBOL        IDATALOOP
  N:0000H         SYMBOL        PBPSTACK
  N:0000H         SYMBOL        PBPSTACKTOP
  N:0000H         SYMBOL        PDATALEN
  N:0000H         SYMBOL        PDATASTART
BL51 BANKED LINKER/LOCATER V6.22                                                      03/27/2023  15:27:35  PAGE 8


  N:0000H         SYMBOL        PPAGE
  N:0000H         SYMBOL        PPAGEENABLE
  D:00A0H         SYMBOL        PPAGE_SFR
  D:0081H         SYMBOL        SP
  C:239AH         SYMBOL        STARTUP1
  N:0000H         SYMBOL        XBPSTACK
  N:0000H         SYMBOL        XBPSTACKTOP
  N:02FFH         SYMBOL        XDATALEN
  C:23BAH         SYMBOL        XDATALOOP
  N:0000H         SYMBOL        XDATASTART
  C:0000H         LINE#         94
  C:239AH         LINE#         100
  C:239DH         LINE#         101
  C:23A0H         LINE#         102
  C:23A3H         LINE#         104
  C:23A6H         LINE#         105
  C:23A9H         LINE#         106
  C:23ACH         LINE#         109
  C:23AEH         LINE#         110
  C:23AFH         LINE#         111
  C:23B0H         LINE#         112
  C:23B2H         LINE#         116
  C:23B5H         LINE#         117
  C:23B7H         LINE#         119
  C:23B9H         LINE#         123
  C:23BAH         LINE#         124
  C:23BBH         LINE#         125
  C:23BCH         LINE#         126
  C:23BEH         LINE#         127
  C:23C0H         LINE#         161
  C:23C3H         LINE#         165
  -------         ENDMOD        ?C_STARTUP

  -------         MODULE        7_SEGMENT
  C:0000H         SYMBOL        _ICE_DUMMY_
  D:0080H         PUBLIC        P0
  D:0090H         PUBLIC        P1
  D:00A0H         PUBLIC        P2
  D:00B0H         PUBLIC        P3
  D:00D8H         PUBLIC        PWMCON0
  D:00A8H         PUBLIC        IE
  D:00B8H         PUBLIC        IP
  D:0098H         PUBLIC        SCON
  D:0088H         PUBLIC        TCON
  D:00F8H         PUBLIC        SCON_1
  D:00E8H         PUBLIC        ADCCON0
  D:00C0H         PUBLIC        I2CON
  D:00C8H         PUBLIC        T2CON
  X:01B8H         PUBLIC        seg_num
  D:00D0H         PUBLIC        PSW
  -------         ENDMOD        7_SEGMENT

  -------         MODULE        AIP1628
  C:0000H         SYMBOL        _ICE_DUMMY_
  D:0080H         PUBLIC        P0
  D:0090H         PUBLIC        P1
  D:00A0H         PUBLIC        P2
BL51 BANKED LINKER/LOCATER V6.22                                                      03/27/2023  15:27:35  PAGE 9


  C:000EH         SYMBOL        _wt_byte
  D:00B0H         PUBLIC        P3
  D:00D8H         PUBLIC        PWMCON0
  C:321EH         PUBLIC        _set_aip1628_lighte_scale
  D:00A8H         PUBLIC        IE
  C:303BH         PUBLIC        _aip1628_write_nbytes
  D:00B8H         PUBLIC        IP
  C:312FH         PUBLIC        aip1628_init
  B:0090H.1       PUBLIC        P11
  B:0090H.2       PUBLIC        P12
  C:31B6H         PUBLIC        _aip1628_write_byte
  B:0090H.3       PUBLIC        P13
  D:0098H         PUBLIC        SCON
  D:0088H         PUBLIC        TCON
  D:00F8H         PUBLIC        SCON_1
  D:00E8H         PUBLIC        ADCCON0
  D:00C0H         PUBLIC        I2CON
  D:00C8H         PUBLIC        T2CON
  D:00D0H         PUBLIC        PSW
  -------         PROC          _WT_BYTE
  D:0007H         SYMBOL        dat
  -------         DO            
  D:0006H         SYMBOL        i
  -------         ENDDO         
  C:000EH         LINE#         26
  C:000EH         LINE#         27
  C:000EH         LINE#         29
  C:0010H         LINE#         30
  C:0010H         LINE#         31
  C:0012H         LINE#         32
  C:0016H         LINE#         33
  C:001AH         LINE#         34
  C:001CH         LINE#         36
  C:0021H         LINE#         37
  -------         ENDPROC       _WT_BYTE
  -------         PROC          _AIP1628_WRITE_BYTE
  D:0007H         SYMBOL        addr
  D:0005H         SYMBOL        dat
  C:31B6H         LINE#         42
  C:31B6H         LINE#         43
  C:31B6H         LINE#         44
  C:31B8H         LINE#         45
  C:31BFH         LINE#         46
  C:31C4H         LINE#         48
  C:31C6H         LINE#         50
  -------         ENDPROC       _AIP1628_WRITE_BYTE
  -------         PROC          _AIP1628_WRITE_NBYTES
  D:0007H         SYMBOL        addr
  D:0001H         SYMBOL        p
  X:01EBH         SYMBOL        len
  C:303BH         LINE#         53
  C:303BH         LINE#         54
  C:303BH         LINE#         55
  C:303DH         LINE#         56
  C:3044H         LINE#         57
  C:304DH         LINE#         58
  C:304DH         LINE#         59
BL51 BANKED LINKER/LOCATER V6.22                                                      03/27/2023  15:27:35  PAGE 10


  C:3054H         LINE#         60
  C:305BH         LINE#         61
  C:3063H         LINE#         62
  C:3065H         LINE#         63
  -------         ENDPROC       _AIP1628_WRITE_NBYTES
  -------         PROC          _SET_AIP1628_LIGHTE_SCALE
  D:0007H         SYMBOL        scale
  C:321EH         LINE#         66
  C:321EH         LINE#         67
  C:321EH         LINE#         69
  C:3220H         LINE#         70
  C:3227H         LINE#         71
  C:3229H         LINE#         72
  -------         ENDPROC       _SET_AIP1628_LIGHTE_SCALE
  -------         PROC          AIP1628_INIT
  C:312FH         LINE#         76
  C:312FH         LINE#         77
  C:312FH         LINE#         80
  C:3131H         LINE#         81
  C:3136H         LINE#         82
  C:3138H         LINE#         85
  C:313AH         LINE#         86
  C:313FH         LINE#         87
  C:3141H         LINE#         90
  C:3146H         LINE#         91
  -------         ENDPROC       AIP1628_INIT
  -------         ENDMOD        AIP1628

  -------         MODULE        INDECATE
  C:0000H         SYMBOL        _ICE_DUMMY_
  D:0080H         PUBLIC        P0
  D:0090H         PUBLIC        P1
  D:00A0H         PUBLIC        P2
  D:00B0H         PUBLIC        P3
  D:00D8H         PUBLIC        PWMCON0
  D:00A8H         PUBLIC        IE
  D:00B8H         PUBLIC        IP
  C:2F2EH         PUBLIC        disp_update
  X:01E1H         PUBLIC        indecate_update_flag
  D:0098H         PUBLIC        SCON
  D:0088H         PUBLIC        TCON
  X:01E2H         PUBLIC        indecate
  D:00F8H         PUBLIC        SCON_1
  D:00E8H         PUBLIC        ADCCON0
  D:00C0H         PUBLIC        I2CON
  D:00C8H         PUBLIC        T2CON
  D:00D0H         PUBLIC        PSW
  -------         PROC          DISP_UPDATE
  C:2F2EH         LINE#         22
  C:2F2EH         LINE#         23
  C:2F2EH         LINE#         24
  C:2F34H         LINE#         25
  C:2F34H         LINE#         26
  C:2F36H         LINE#         27
  C:2F3EH         LINE#         28
  C:2F48H         LINE#         29
  C:2F52H         LINE#         30
BL51 BANKED LINKER/LOCATER V6.22                                                      03/27/2023  15:27:35  PAGE 11


  C:2F5CH         LINE#         31
  C:2F66H         LINE#         32
  C:2F66H         LINE#         34
  -------         ENDPROC       DISP_UPDATE
  -------         ENDMOD        INDECATE

  -------         MODULE        LED_DISP
  C:0000H         SYMBOL        _ICE_DUMMY_
  D:0080H         PUBLIC        P0
  D:0090H         PUBLIC        P1
  D:00A0H         PUBLIC        P2
  D:00B0H         PUBLIC        P3
  X:01AAH         SYMBOL        _mode
  D:00D8H         PUBLIC        PWMCON0
  C:3204H         PUBLIC        _set_seg_flash_cnt
  D:00A8H         PUBLIC        IE
  C:30C5H         PUBLIC        _set_bit_seg
  C:2148H         PUBLIC        _set_seg_val
  X:01ABH         SYMBOL        ptrseg
  D:00B8H         PUBLIC        IP
  C:318EH         PUBLIC        led_display_init
  C:2922H         PUBLIC        _set_seg_two
  D:0098H         PUBLIC        SCON
  D:0088H         PUBLIC        TCON
  X:01AEH         SYMBOL        flash_cnt
  X:01AFH         SYMBOL        buf
  D:00F8H         PUBLIC        SCON_1
  X:01B7H         SYMBOL        cnt
  D:00E8H         PUBLIC        ADCCON0
  D:00C0H         PUBLIC        I2CON
  D:00C8H         PUBLIC        T2CON
  C:1899H         PUBLIC        seg_disp_proc
  C:31D8H         PUBLIC        _set_seg_mode
  C:1CF7H         PUBLIC        _set_seg_toggle_val
  D:00D0H         PUBLIC        PSW
  -------         PROC          LED_DISPLAY_INIT
  C:318EH         LINE#         19
  C:318EH         LINE#         20
  C:318EH         LINE#         21
  C:319CH         LINE#         22
  C:31A1H         LINE#         24
  -------         ENDPROC       LED_DISPLAY_INIT
  -------         PROC          _SET_BIT_SEG
  D:0007H         SYMBOL        index
  D:0005H         SYMBOL        dat
  C:30C5H         LINE#         26
  C:30C5H         LINE#         27
  C:30C5H         LINE#         28
  C:30D9H         LINE#         29
  C:30DFH         LINE#         30
  -------         ENDPROC       _SET_BIT_SEG
  -------         PROC          _SET_SEG_VAL
  X:0199H         SYMBOL        val
  -------         DO            
  D:0007H         SYMBOL        dat
  -------         ENDDO         
  C:2148H         LINE#         32
BL51 BANKED LINKER/LOCATER V6.22                                                      03/27/2023  15:27:35  PAGE 12


  C:2150H         LINE#         33
  C:2150H         LINE#         34
  C:2157H         LINE#         35
  C:215BH         LINE#         36
  C:2176H         LINE#         37
  C:21B0H         LINE#         38
  C:21EAH         LINE#         39
  C:2217H         LINE#         41
  C:221DH         LINE#         42
  -------         ENDPROC       _SET_SEG_VAL
  -------         PROC          _SET_SEG_TWO
  D:0007H         SYMBOL        hi2
  D:0005H         SYMBOL        lo2
  -------         DO            
  D:0006H         SYMBOL        dat
  -------         ENDDO         
  C:2922H         LINE#         45
  C:2922H         LINE#         46
  C:2922H         LINE#         47
  C:2928H         LINE#         48
  C:292BH         LINE#         49
  C:2946H         LINE#         50
  C:296AH         LINE#         52
  C:297FH         LINE#         53
  C:2996H         LINE#         55
  C:299CH         LINE#         56
  -------         ENDPROC       _SET_SEG_TWO
  -------         PROC          _SET_SEG_MODE
  D:0007H         SYMBOL        mode
  C:31D8H         LINE#         60
  C:31D8H         LINE#         61
  C:31D8H         LINE#         62
  C:31DDH         LINE#         63
  C:31E2H         LINE#         64
  C:31E7H         LINE#         65
  -------         ENDPROC       _SET_SEG_MODE
  -------         PROC          _SET_SEG_TOGGLE_VAL
  X:0208H         SYMBOL        val0
  D:0002H         SYMBOL        val1
  -------         DO            
  D:0007H         SYMBOL        dat
  -------         ENDDO         
  C:1CF7H         LINE#         67
  C:1D03H         LINE#         68
  C:1D03H         LINE#         70
  C:1D12H         LINE#         71
  C:1D16H         LINE#         72
  C:1D25H         LINE#         73
  C:1D50H         LINE#         74
  C:1D7BH         LINE#         75
  C:1D99H         LINE#         78
  C:1DA4H         LINE#         79
  C:1DA8H         LINE#         80
  C:1DB7H         LINE#         81
  C:1DDEH         LINE#         82
  C:1E05H         LINE#         83
  C:1E1FH         LINE#         85
BL51 BANKED LINKER/LOCATER V6.22                                                      03/27/2023  15:27:35  PAGE 13


  C:1E25H         LINE#         86
  -------         ENDPROC       _SET_SEG_TOGGLE_VAL
  -------         PROC          _SET_SEG_FLASH_CNT
  D:0007H         SYMBOL        cnt
  C:3204H         LINE#         89
  C:3204H         LINE#         90
  C:3204H         LINE#         91
  C:320AH         LINE#         92
  C:3210H         LINE#         93
  -------         ENDPROC       _SET_SEG_FLASH_CNT
  -------         PROC          SEG_DISP_PROC
  C:1899H         LINE#         96
  C:1899H         LINE#         97
  C:1899H         LINE#         98
  C:18AAH         LINE#         99
  C:18AAH         LINE#         100
  C:18AAH         LINE#         101
  C:18AAH         LINE#         102
  C:18AAH         LINE#         103
  C:18B1H         LINE#         104
  C:18B1H         LINE#         105
  C:18C3H         LINE#         106
  C:18CDH         LINE#         107
  C:18D7H         LINE#         108
  C:18E1H         LINE#         109
  C:18E4H         LINE#         110
  C:18E8H         LINE#         111
  C:18E8H         LINE#         112
  C:18F7H         LINE#         113
  C:1909H         LINE#         114
  C:1910H         LINE#         115
  C:1917H         LINE#         116
  C:191DH         LINE#         117
  C:191FH         LINE#         118
  C:1927H         LINE#         119
  C:1927H         LINE#         120
  C:193BH         LINE#         121
  C:1952H         LINE#         122
  C:195CH         LINE#         123
  C:1966H         LINE#         124
  C:196CH         LINE#         125
  C:1972H         LINE#         128
  C:1972H         LINE#         129
  C:1978H         LINE#         130
  C:1979H         LINE#         131
  C:1979H         LINE#         132
  C:1980H         LINE#         133
  C:1980H         LINE#         134
  C:1994H         LINE#         135
  C:19ABH         LINE#         136
  C:19B5H         LINE#         137
  C:19BFH         LINE#         138
  C:19C2H         LINE#         139
  C:19C7H         LINE#         140
  C:19C7H         LINE#         141
  C:19DBH         LINE#         142
  C:19F2H         LINE#         143
BL51 BANKED LINKER/LOCATER V6.22                                                      03/27/2023  15:27:35  PAGE 14


  C:19FCH         LINE#         144
  C:1A06H         LINE#         145
  C:1A0CH         LINE#         146
  C:1A0EH         LINE#         147
  C:1A16H         LINE#         148
  C:1A16H         LINE#         149
  C:1A2AH         LINE#         150
  C:1A41H         LINE#         151
  C:1A4BH         LINE#         152
  C:1A55H         LINE#         153
  C:1A5BH         LINE#         154
  C:1A60H         LINE#         155
  C:1A60H         LINE#         156
  C:1A66H         LINE#         157
  C:1A66H         LINE#         158
  C:1A66H         LINE#         159
  C:1A66H         LINE#         160
  C:1A66H         LINE#         161
  -------         ENDPROC       SEG_DISP_PROC
  -------         ENDMOD        LED_DISP

  -------         MODULE        KEYPAD
  C:0000H         SYMBOL        _ICE_DUMMY_
  D:0080H         PUBLIC        P0
  D:0090H         PUBLIC        P1
  D:00A0H         PUBLIC        P2
  D:00B0H         PUBLIC        P3
  D:00D8H         PUBLIC        PWMCON0
  D:00A8H         PUBLIC        IE
  D:00B8H         PUBLIC        IP
  X:01C5H         SYMBOL        flag
  X:01C6H         SYMBOL        state
  C:1E26H         PUBLIC        KeyPad_Scan
  B:0080H.0       PUBLIC        P00
  B:0080H.1       PUBLIC        P01
  B:0090H.0       PUBLIC        P10
  B:0080H.3       PUBLIC        P03
  D:0098H         PUBLIC        SCON
  D:0088H         PUBLIC        TCON
  X:01C7H         SYMBOL        cont
  X:01C8H         SYMBOL        trig
  X:01C9H         SYMBOL        old
  D:00F8H         PUBLIC        SCON_1
  X:01CAH         SYMBOL        cnt
  X:01CBH         PUBLIC        key
  X:01CCH         SYMBOL        new
  X:01CDH         PUBLIC        key_mask
  D:00E8H         PUBLIC        ADCCON0
  D:00C0H         PUBLIC        I2CON
  X:01CEH         SYMBOL        cont_cnt
  D:00C8H         PUBLIC        T2CON
  X:01CFH         PUBLIC        key_cnt
  C:3147H         PUBLIC        _get_key_status
  D:00D0H         PUBLIC        PSW
  -------         PROC          _GET_KEY_STATUS
  D:0007H         SYMBOL        btn
  -------         DO            
BL51 BANKED LINKER/LOCATER V6.22                                                      03/27/2023  15:27:35  PAGE 15


  D:0006H         SYMBOL        status
  -------         ENDDO         
  C:3147H         LINE#         71
  C:3147H         LINE#         72
  C:3147H         LINE#         73
  C:3149H         LINE#         75
  C:3150H         LINE#         76
  C:3150H         LINE#         77
  C:315AH         LINE#         78
  C:315CH         LINE#         80
  C:315CH         LINE#         81
  C:315EH         LINE#         82
  -------         ENDPROC       _GET_KEY_STATUS
  -------         PROC          KEYPAD_SCAN
  C:1E26H         LINE#         84
  C:1E26H         LINE#         85
  C:1E26H         LINE#         92
  C:1E2BH         LINE#         93
  C:1E32H         LINE#         94
  C:1E3CH         LINE#         95
  C:1E46H         LINE#         96
  C:1E50H         LINE#         98
  C:1E5DH         LINE#         99
  C:1E5DH         LINE#         100
  C:1E5DH         LINE#         101
  C:1E6AH         LINE#         102
  C:1E6AH         LINE#         103
  C:1E6FH         LINE#         104
  C:1E71H         LINE#         106
  C:1E71H         LINE#         107
  C:1E77H         LINE#         108
  C:1E7DH         LINE#         109
  C:1E7DH         LINE#         110
  C:1E83H         LINE#         111
  C:1E88H         LINE#         112
  C:1E8DH         LINE#         113
  C:1E8DH         LINE#         114
  C:1E8DH         LINE#         115
  C:1E92H         LINE#         116
  C:1E93H         LINE#         118
  C:1E93H         LINE#         119
  C:1EA2H         LINE#         120
  C:1EA7H         LINE#         122
  C:1EACH         LINE#         123
  C:1EB3H         LINE#         124
  C:1EBDH         LINE#         125
  C:1EC7H         LINE#         126
  C:1ED1H         LINE#         128
  C:1ED7H         LINE#         129
  C:1ED7H         LINE#         130
  C:1EDCH         LINE#         131
  C:1EE0H         LINE#         132
  C:1EE6H         LINE#         133
  C:1EE6H         LINE#         134
  C:1EE9H         LINE#         135
  C:1EEBH         LINE#         137
  C:1EEBH         LINE#         138
BL51 BANKED LINKER/LOCATER V6.22                                                      03/27/2023  15:27:35  PAGE 16


  C:1EEEH         LINE#         139
  C:1EEEH         LINE#         140
  C:1EF0H         LINE#         142
  C:1EF0H         LINE#         143
  C:1EF6H         LINE#         145
  C:1EFCH         LINE#         146
  C:1EFCH         LINE#         147
  C:1F05H         LINE#         148
  C:1F05H         LINE#         149
  C:1F0BH         LINE#         150
  C:1F10H         LINE#         151
  C:1F13H         LINE#         152
  C:1F13H         LINE#         153
  C:1F15H         LINE#         155
  C:1F15H         LINE#         156
  C:1F1EH         LINE#         157
  C:1F1EH         LINE#         158
  C:1F20H         LINE#         159
  C:1F23H         LINE#         160
  C:1F23H         LINE#         161
  C:1F23H         LINE#         162
  C:1F23H         LINE#         165
  C:1F38H         LINE#         166
  C:1F38H         LINE#         167
  C:1F38H         LINE#         168
  C:1F38H         LINE#         169
  C:1F38H         LINE#         171
  -------         ENDPROC       KEYPAD_SCAN
  -------         ENDMOD        KEYPAD

  -------         MODULE        KEYPAD_FUN
  C:0000H         SYMBOL        _ICE_DUMMY_
  D:0080H         PUBLIC        P0
  D:0090H         PUBLIC        P1
  D:00A0H         PUBLIC        P2
  D:00B0H         PUBLIC        P3
  D:00D8H         PUBLIC        PWMCON0
  D:00A8H         PUBLIC        IE
  C:000AH         PUBLIC        keypad_all_realse_proc
  D:00B8H         PUBLIC        IP
  C:269CH         SYMBOL        disp_speed_adc_param
  B:0020H.0       PUBLIC        write_flag
  C:0022H         PUBLIC        keypad_long_proc
  C:0809H         PUBLIC        keypad_short_proc
  D:0098H         PUBLIC        SCON
  D:0088H         PUBLIC        TCON
  D:00F8H         PUBLIC        SCON_1
  D:00E8H         PUBLIC        ADCCON0
  D:00C0H         PUBLIC        I2CON
  C:3245H         PUBLIC        keypad_continue_proc
  D:00C8H         PUBLIC        T2CON
  D:00D0H         PUBLIC        PSW
  -------         PROC          KEYPAD_ALL_REALSE_PROC
  C:000AH         LINE#         28
  C:000AH         LINE#         29
  C:000AH         LINE#         32
  -------         ENDPROC       KEYPAD_ALL_REALSE_PROC
BL51 BANKED LINKER/LOCATER V6.22                                                      03/27/2023  15:27:35  PAGE 17


  -------         PROC          DISP_SPEED_ADC_PARAM
  -------         DO            
  X:019AH         SYMBOL        temp
  -------         ENDDO         
  C:269CH         LINE#         35
  C:269CH         LINE#         36
  C:269CH         LINE#         37
  C:26A1H         LINE#         38
  C:26A8H         LINE#         39
  C:26ABH         LINE#         40
  C:26AEH         LINE#         41
  C:26B1H         LINE#         42
  C:26B4H         LINE#         43
  C:26B7H         LINE#         44
  C:26BAH         LINE#         46
  C:26C0H         LINE#         47
  C:26CBH         LINE#         48
  C:26CBH         LINE#         49
  C:26D2H         LINE#         50
  C:26DCH         LINE#         51
  C:26DEH         LINE#         53
  C:26DEH         LINE#         54
  C:26E5H         LINE#         55
  C:26EDH         LINE#         56
  C:26EDH         LINE#         58
  C:2705H         LINE#         59
  C:271FH         LINE#         61
  C:2724H         LINE#         62
  -------         ENDPROC       DISP_SPEED_ADC_PARAM
  -------         PROC          KEYPAD_SHORT_PROC
  -------         DO            
  X:0198H         SYMBOL        bitmap
  X:0199H         SYMBOL        tar_speed
  -------         ENDDO         
  C:0809H         LINE#         68
  C:0809H         LINE#         69
  C:0809H         LINE#         70
  C:0811H         LINE#         72
  C:081CH         LINE#         73
  C:081CH         LINE#         75
  C:0827H         LINE#         76
  C:0827H         LINE#         78
  C:0835H         LINE#         79
  C:0835H         LINE#         81
  C:0846H         LINE#         83
  C:084EH         LINE#         84
  C:084EH         LINE#         85
  C:0854H         LINE#         87
  C:085AH         LINE#         88
  C:085AH         LINE#         89
  C:085DH         LINE#         90
  C:085DH         LINE#         92
  C:0863H         LINE#         93
  C:086AH         LINE#         94
  C:0870H         LINE#         96
  C:087AH         LINE#         97
  C:0884H         LINE#         98
BL51 BANKED LINKER/LOCATER V6.22                                                      03/27/2023  15:27:35  PAGE 18


  C:088EH         LINE#         100
  C:0895H         LINE#         101
  C:089AH         LINE#         102
  C:089AH         LINE#         103
  C:089AH         LINE#         106
  C:08AEH         LINE#         107
  C:08AEH         LINE#         109
  C:08B4H         LINE#         110
  C:08B4H         LINE#         111
  C:08C5H         LINE#         113
  C:08CBH         LINE#         114
  C:08D6H         LINE#         115
  C:08D9H         LINE#         116
  C:08DCH         LINE#         117
  C:08E4H         LINE#         118
  C:08E4H         LINE#         120
  C:08F5H         LINE#         122
  C:08FAH         LINE#         124
  C:0904H         LINE#         125
  C:0909H         LINE#         127
  C:090CH         LINE#         128
  C:0914H         LINE#         129
  C:0914H         LINE#         130
  C:0925H         LINE#         131
  C:094BH         LINE#         132
  C:094BH         LINE#         133
  C:096AH         LINE#         134
  C:096CH         LINE#         136
  C:096CH         LINE#         137
  C:0976H         LINE#         138
  C:0976H         LINE#         140
  C:0980H         LINE#         141
  C:0985H         LINE#         143
  C:0988H         LINE#         144
  C:0990H         LINE#         145
  C:0990H         LINE#         146
  C:09A1H         LINE#         147
  C:09BFH         LINE#         149
  C:09DCH         LINE#         150
  C:09DCH         LINE#         151
  C:09E6H         LINE#         152
  C:09E6H         LINE#         153
  C:09F0H         LINE#         154
  C:09F5H         LINE#         155
  C:09F7H         LINE#         156
  C:09FFH         LINE#         157
  C:09FFH         LINE#         158
  C:0A10H         LINE#         160
  C:0A30H         LINE#         161
  C:0A4CH         LINE#         162
  C:0A56H         LINE#         163
  C:0A60H         LINE#         164
  C:0A65H         LINE#         165
  C:0A65H         LINE#         166
  C:0A65H         LINE#         167
  C:0A65H         LINE#         169
  C:0A79H         LINE#         170
BL51 BANKED LINKER/LOCATER V6.22                                                      03/27/2023  15:27:35  PAGE 19


  C:0A79H         LINE#         172
  C:0A7FH         LINE#         173
  C:0A7FH         LINE#         174
  C:0A90H         LINE#         175
  C:0A96H         LINE#         176
  C:0AA1H         LINE#         177
  C:0AA4H         LINE#         178
  C:0AA7H         LINE#         179
  C:0AAFH         LINE#         180
  C:0AAFH         LINE#         181
  C:0AC0H         LINE#         183
  C:0AC6H         LINE#         185
  C:0AD0H         LINE#         186
  C:0AD5H         LINE#         188
  C:0AD8H         LINE#         189
  C:0AE0H         LINE#         190
  C:0AE0H         LINE#         191
  C:0AF1H         LINE#         192
  C:0B0BH         LINE#         193
  C:0B0BH         LINE#         194
  C:0B2DH         LINE#         195
  C:0B2FH         LINE#         197
  C:0B2FH         LINE#         198
  C:0B39H         LINE#         199
  C:0B39H         LINE#         200
  C:0B43H         LINE#         201
  C:0B48H         LINE#         202
  C:0B4BH         LINE#         203
  C:0B53H         LINE#         204
  C:0B53H         LINE#         205
  C:0B64H         LINE#         206
  C:0B7EH         LINE#         207
  C:0B7EH         LINE#         208
  C:0B9CH         LINE#         209
  C:0B9EH         LINE#         211
  C:0B9EH         LINE#         212
  C:0BA8H         LINE#         213
  C:0BA8H         LINE#         215
  C:0BB2H         LINE#         216
  C:0BB7H         LINE#         217
  C:0BB9H         LINE#         218
  C:0BC1H         LINE#         219
  C:0BC1H         LINE#         220
  C:0BD2H         LINE#         222
  C:0BEDH         LINE#         223
  C:0BEDH         LINE#         224
  C:0C0FH         LINE#         225
  C:0C11H         LINE#         227
  C:0C11H         LINE#         228
  C:0C1BH         LINE#         229
  C:0C1BH         LINE#         230
  C:0C25H         LINE#         231
  C:0C2AH         LINE#         232
  C:0C2AH         LINE#         233
  C:0C2AH         LINE#         234
  C:0C2AH         LINE#         237
  C:0C3EH         LINE#         238
BL51 BANKED LINKER/LOCATER V6.22                                                      03/27/2023  15:27:35  PAGE 20


  C:0C3EH         LINE#         239
  C:0C4FH         LINE#         240
  C:0C54H         LINE#         241
  C:0C59H         LINE#         243
  C:0C91H         LINE#         246
  C:0C91H         LINE#         247
  C:0C97H         LINE#         248
  C:0C99H         LINE#         250
  C:0C99H         LINE#         251
  C:0C9EH         LINE#         252
  C:0C9EH         LINE#         254
  C:0CA4H         LINE#         255
  C:0CA4H         LINE#         257
  C:0CAAH         LINE#         258
  C:0CAEH         LINE#         259
  C:0CB6H         LINE#         260
  C:0CB9H         LINE#         261
  C:0CCAH         LINE#         262
  C:0CCFH         LINE#         263
  C:0CD5H         LINE#         264
  C:0CD6H         LINE#         266
  C:0CD6H         LINE#         267
  C:0CDCH         LINE#         268
  C:0CDCH         LINE#         269
  C:0CE2H         LINE#         270
  C:0CE8H         LINE#         271
  C:0CE9H         LINE#         273
  C:0CE9H         LINE#         274
  C:0CEEH         LINE#         275
  C:0CF4H         LINE#         276
  C:0CF4H         LINE#         277
  C:0CF4H         LINE#         278
  C:0CF4H         LINE#         280
  C:0CF5H         LINE#         282
  C:0CF5H         LINE#         284
  C:0D03H         LINE#         285
  C:0D03H         LINE#         287
  C:0D0AH         LINE#         288
  C:0D0AH         LINE#         290
  C:0D0DH         LINE#         291
  C:0D1EH         LINE#         292
  C:0D24H         LINE#         293
  C:0D26H         LINE#         294
  C:0D2DH         LINE#         295
  C:0D2DH         LINE#         297
  C:0D30H         LINE#         298
  C:0D35H         LINE#         299
  C:0D46H         LINE#         300
  C:0D48H         LINE#         301
  C:0D4FH         LINE#         302
  C:0D4FH         LINE#         304
  C:0D52H         LINE#         305
  C:0D57H         LINE#         307
  C:0D5DH         LINE#         308
  C:0D5DH         LINE#         309
  C:0D68H         LINE#         310
  C:0D68H         LINE#         312
BL51 BANKED LINKER/LOCATER V6.22                                                      03/27/2023  15:27:35  PAGE 21


  C:0D68H         LINE#         315
  C:0D68H         LINE#         316
  C:0D68H         LINE#         318
  C:0D68H         LINE#         321
  C:0D7CH         LINE#         322
  C:0D7CH         LINE#         324
  C:0D8DH         LINE#         325
  C:0D95H         LINE#         326
  C:0D95H         LINE#         327
  C:0D9BH         LINE#         328
  C:0DA1H         LINE#         329
  C:0DA1H         LINE#         330
  C:0DA4H         LINE#         331
  C:0DA4H         LINE#         333
  C:0DACH         LINE#         335
  C:0DB6H         LINE#         336
  C:0DC0H         LINE#         337
  C:0DCAH         LINE#         339
  C:0DD0H         LINE#         340
  C:0DD7H         LINE#         341
  C:0DDDH         LINE#         342
  C:0DE2H         LINE#         343
  C:0DE8H         LINE#         345
  C:0DE8H         LINE#         348
  C:0DF0H         LINE#         349
  C:0DF0H         LINE#         350
  C:0DFDH         LINE#         351
  C:0DFDH         LINE#         353
  C:0E03H         LINE#         354
  C:0E08H         LINE#         356
  C:0E0AH         LINE#         358
  C:0E0AH         LINE#         359
  C:0E10H         LINE#         361
  C:0E17H         LINE#         362
  C:0E17H         LINE#         363
  C:0E19H         LINE#         364
  C:0E19H         LINE#         365
  C:0E1FH         LINE#         367
  C:0E28H         LINE#         368
  C:0E28H         LINE#         369
  C:0E2CH         LINE#         370
  C:0E31H         LINE#         371
  C:0E31H         LINE#         372
  C:0E31H         LINE#         373
  C:0E31H         LINE#         375
  C:0E31H         LINE#         377
  C:0E3CH         LINE#         379
  C:0E4AH         LINE#         380
  C:0E4AH         LINE#         381
  C:0E5BH         LINE#         382
  C:0E6AH         LINE#         383
  C:0E6AH         LINE#         384
  C:0E76H         LINE#         385
  C:0E8BH         LINE#         386
  C:0E90H         LINE#         390
  C:0E90H         LINE#         392
  C:0E95H         LINE#         395
BL51 BANKED LINKER/LOCATER V6.22                                                      03/27/2023  15:27:35  PAGE 22


  C:0E99H         LINE#         397
  C:0E99H         LINE#         400
  C:0EADH         LINE#         401
  C:0EADH         LINE#         402
  C:0EBEH         LINE#         403
  C:0ECDH         LINE#         404
  C:0ECDH         LINE#         405
  C:0ED9H         LINE#         406
  C:0EEEH         LINE#         407
  C:0EF3H         LINE#         412
  C:0EF3H         LINE#         413
  C:0EF8H         LINE#         415
  C:0EFCH         LINE#         417
  C:0EFCH         LINE#         419
  C:0EFCH         LINE#         420
  C:0EFDH         LINE#         421
  C:0F05H         LINE#         422
  C:0F05H         LINE#         424
  C:0F1DH         LINE#         425
  C:0F1DH         LINE#         426
  C:0F23H         LINE#         427
  C:0F23H         LINE#         428
  C:0F2EH         LINE#         429
  C:0F2EH         LINE#         431
  C:0F2EH         LINE#         433
  C:0F2EH         LINE#         435
  C:0F2EH         LINE#         452
  C:0F2EH         LINE#         454
  C:0F2EH         LINE#         455
  -------         ENDPROC       KEYPAD_SHORT_PROC
  -------         PROC          KEYPAD_LONG_PROC
  C:0022H         LINE#         458
  C:0022H         LINE#         459
  C:0022H         LINE#         461
  -------         ENDPROC       KEYPAD_LONG_PROC
  -------         PROC          KEYPAD_CONTINUE_PROC
  C:3245H         LINE#         465
  C:3245H         LINE#         466
  C:3245H         LINE#         468
  -------         ENDPROC       KEYPAD_CONTINUE_PROC
  -------         ENDMOD        KEYPAD_FUN

  -------         MODULE        BEEP
  C:0000H         SYMBOL        _ICE_DUMMY_
  D:0080H         PUBLIC        P0
  D:0090H         PUBLIC        P1
  D:00A0H         PUBLIC        P2
  D:00B0H         PUBLIC        P3
  D:00D8H         PUBLIC        PWMCON0
  D:00A8H         PUBLIC        IE
  D:00B8H         PUBLIC        IP
  X:01DAH         SYMBOL        ticks
  D:0098H         PUBLIC        SCON
  D:0088H         PUBLIC        TCON
  C:3211H         PUBLIC        beep_force_stop
  X:01DCH         SYMBOL        off
  C:2725H         PUBLIC        beep_sound_proc
BL51 BANKED LINKER/LOCATER V6.22                                                      03/27/2023  15:27:35  PAGE 23


  D:00F8H         PUBLIC        SCON_1
  X:01DEH         SYMBOL        cnt
  C:2B8CH         PUBLIC        _beep_set
  D:00E8H         PUBLIC        ADCCON0
  D:00C0H         PUBLIC        I2CON
  X:01DFH         SYMBOL        on
  D:00C8H         PUBLIC        T2CON
  D:00D0H         PUBLIC        PSW
  -------         PROC          BEEP_FORCE_STOP
  C:3211H         LINE#         25
  C:3211H         LINE#         26
  C:3211H         LINE#         27
  C:3217H         LINE#         28
  C:321DH         LINE#         29
  -------         ENDPROC       BEEP_FORCE_STOP
  -------         PROC          _BEEP_SET
  X:019AH         SYMBOL        count
  X:019BH         SYMBOL        on_ticks
  X:019DH         SYMBOL        off_ticks
  C:2B8CH         LINE#         32
  C:2B9FH         LINE#         33
  C:2B9FH         LINE#         42
  C:2BABH         LINE#         43
  C:2BB1H         LINE#         44
  C:2BC0H         LINE#         45
  C:2BCFH         LINE#         46
  C:2BD6H         LINE#         47
  C:2BDFH         LINE#         48
  C:2BE6H         LINE#         50
  -------         ENDPROC       _BEEP_SET
  -------         PROC          BEEP_SOUND_PROC
  C:2725H         LINE#         56
  C:2725H         LINE#         57
  C:2725H         LINE#         58
  C:272CH         LINE#         59
  C:272CH         LINE#         60
  C:2732H         LINE#         61
  C:2737H         LINE#         62
  C:2738H         LINE#         63
  C:2741H         LINE#         64
  C:2741H         LINE#         65
  C:2753H         LINE#         66
  C:2753H         LINE#         67
  C:2759H         LINE#         68
  C:275FH         LINE#         69
  C:2761H         LINE#         70
  C:2782H         LINE#         71
  C:2782H         LINE#         72
  C:2792H         LINE#         73
  C:279AH         LINE#         74
  C:279AH         LINE#         75
  C:27A8H         LINE#         76
  C:27A8H         LINE#         77
  C:27A8H         LINE#         79
  -------         ENDPROC       BEEP_SOUND_PROC
  -------         ENDMOD        BEEP

BL51 BANKED LINKER/LOCATER V6.22                                                      03/27/2023  15:27:35  PAGE 24


  -------         MODULE        MAIN
  C:0000H         SYMBOL        _ICE_DUMMY_
  D:00B1H         PUBLIC        P0M1
  D:00B3H         PUBLIC        P1M1
  D:00B2H         PUBLIC        P0M2
  D:0080H         PUBLIC        P0
  D:00B4H         PUBLIC        P1M2
  D:0090H         PUBLIC        P1
  D:00ACH         PUBLIC        P3M1
  D:00A0H         PUBLIC        P2
  D:00B0H         PUBLIC        P3
  D:00ADH         PUBLIC        P3M2
  D:0084H         PUBLIC        RCTRIM0
  D:0085H         PUBLIC        RCTRIM1
  B:00A8H.7       PUBLIC        EA
  D:00D8H         PUBLIC        PWMCON0
  D:00A8H         PUBLIC        IE
  D:00C7H         PUBLIC        TA
  B:0020H.1       SYMBOL        poweron_send_flag
  D:00B8H         PUBLIC        IP
  C:322AH         SYMBOL        read_beep_status
  C:31C7H         SYMBOL        save_param
  C:1F39H         PUBLIC        main
  D:0087H         PUBLIC        PCON
  D:0098H         PUBLIC        SCON
  D:0088H         PUBLIC        TCON
  B:0090H.5       PUBLIC        P15
  D:009FH         PUBLIC        CHPCON
  D:00F8H         PUBLIC        SCON_1
  D:00A4H         PUBLIC        IAPTRG
  C:2446H         PUBLIC        MODIFY_HIRC_166
  D:00E8H         PUBLIC        ADCCON0
  D:00C0H         PUBLIC        I2CON
  D:00A7H         PUBLIC        IAPAH
  D:00AEH         PUBLIC        IAPFD
  D:00C8H         PUBLIC        T2CON
  D:00A6H         PUBLIC        IAPAL
  C:2043H         SYMBOL        send_default_param
  D:00AFH         PUBLIC        IAPCN
  D:0095H         PUBLIC        CKDIV
  D:00D0H         PUBLIC        PSW
  -------         PROC          MODIFY_HIRC_166
  -------         DO            
  D:0008H         SYMBOL        hircmap0
  D:0009H         SYMBOL        hircmap1
  D:0006H         SYMBOL        trimvalue16bit
  -------         ENDDO         
  C:2446H         LINE#         41
  C:2446H         LINE#         42
  C:2446H         LINE#         46
  C:244EH         LINE#         47
  C:244EH         LINE#         49
  C:2451H         LINE#         50
  C:2464H         LINE#         51
  C:2467H         LINE#         52
  C:2469H         LINE#         53
  C:246CH         LINE#         54
BL51 BANKED LINKER/LOCATER V6.22                                                      03/27/2023  15:27:35  PAGE 25


  C:247FH         LINE#         55
  C:2482H         LINE#         56
  C:2485H         LINE#         57
  C:2487H         LINE#         58
  C:249AH         LINE#         59
  C:249DH         LINE#         60
  C:24B0H         LINE#         61
  C:24C3H         LINE#         62
  C:24CBH         LINE#         63
  C:24D0H         LINE#         64
  C:24D7H         LINE#         65
  C:24DAH         LINE#         66
  C:24DDH         LINE#         67
  C:24E0H         LINE#         68
  C:24E3H         LINE#         69
  C:24E6H         LINE#         70
  C:24E9H         LINE#         76
  C:24ECH         LINE#         77
  C:24ECH         LINE#         79
  -------         ENDPROC       MODIFY_HIRC_166
  -------         PROC          SAVE_PARAM
  -------         DO            
  X:0198H         SYMBOL        i
  -------         ENDDO         
  C:31C7H         LINE#         89
  C:31C7H         LINE#         90
  C:31C7H         LINE#         91
  C:31CCH         LINE#         94
  C:31D4H         LINE#         96
  C:31D7H         LINE#         98
  -------         ENDPROC       SAVE_PARAM
  -------         PROC          READ_BEEP_STATUS
  C:322AH         LINE#         108
  C:322AH         LINE#         109
  C:322AH         LINE#         110
  C:322DH         LINE#         111
  C:3235H         LINE#         113
  -------         ENDPROC       READ_BEEP_STATUS
  -------         PROC          SEND_DEFAULT_PARAM
  -------         DO            
  X:0198H         SYMBOL        i
  -------         ENDDO         
  C:2043H         LINE#         116
  C:2043H         LINE#         117
  C:2043H         LINE#         118
  C:2048H         LINE#         120
  C:204EH         LINE#         122
  C:2056H         LINE#         124
  C:205AH         LINE#         126
  C:205EH         LINE#         128
  C:2062H         LINE#         130
  C:2069H         LINE#         131
  C:2070H         LINE#         132
  C:2077H         LINE#         133
  C:207EH         LINE#         134
  C:2085H         LINE#         135
  C:208CH         LINE#         136
BL51 BANKED LINKER/LOCATER V6.22                                                      03/27/2023  15:27:35  PAGE 26


  C:2093H         LINE#         137
  C:209AH         LINE#         138
  C:20A1H         LINE#         139
  C:20A8H         LINE#         140
  C:20AFH         LINE#         141
  C:20B6H         LINE#         146
  C:20BBH         LINE#         147
  C:20BBH         LINE#         148
  C:20CAH         LINE#         149
  C:20D4H         LINE#         151
  C:20EAH         LINE#         152
  C:2100H         LINE#         153
  C:210AH         LINE#         154
  C:2114H         LINE#         155
  C:211EH         LINE#         157
  C:2124H         LINE#         158
  C:2124H         LINE#         159
  C:213BH         LINE#         160
  C:2147H         LINE#         162
  -------         ENDPROC       SEND_DEFAULT_PARAM
  -------         PROC          MAIN
  -------         DO            
  D:0007H         SYMBOL        i
  X:020AH         SYMBOL        w_cnt
  X:020BH         SYMBOL        send_cnt
  -------         ENDDO         
  C:1F39H         LINE#         169
  C:1F39H         LINE#         170
  C:1F39H         LINE#         171
  C:1F3BH         LINE#         175
  C:1F4AH         LINE#         176
  C:1F4DH         LINE#         177
  C:1F5AH         LINE#         186
  C:1F5DH         LINE#         187
  C:1F60H         LINE#         189
  C:1F63H         LINE#         190
  C:1F66H         LINE#         199
  C:1F6AH         LINE#         201
  C:1F6DH         LINE#         202
  C:1F70H         LINE#         203
  C:1F73H         LINE#         204
  C:1F76H         LINE#         205
  C:1F79H         LINE#         206
  C:1F7CH         LINE#         207
  C:1F7FH         LINE#         208
  C:1F82H         LINE#         209
  C:1F85H         LINE#         210
  C:1F88H         LINE#         212
  C:1F8BH         LINE#         213
  C:1F8EH         LINE#         215
  C:1F94H         LINE#         217
  C:1F9AH         LINE#         218
  C:1F9CH         LINE#         220
  C:1F9EH         LINE#         221
  C:1F9EH         LINE#         222
  C:1FADH         LINE#         223
  C:1FB2H         LINE#         224
BL51 BANKED LINKER/LOCATER V6.22                                                      03/27/2023  15:27:35  PAGE 27


  C:1FB5H         LINE#         226
  C:1FB7H         LINE#         229
  C:1FB9H         LINE#         231
  C:1FCAH         LINE#         233
  C:1FCAH         LINE#         234
  C:1FCAH         LINE#         238
  C:1FCDH         LINE#         239
  C:1FD3H         LINE#         240
  C:1FD3H         LINE#         241
  C:1FD5H         LINE#         242
  C:1FD8H         LINE#         243
  C:1FDBH         LINE#         244
  C:1FDEH         LINE#         245
  C:1FDEH         LINE#         250
  C:1FE4H         LINE#         251
  C:1FE4H         LINE#         252
  C:1FE6H         LINE#         253
  C:1FE9H         LINE#         254
  C:1FECH         LINE#         255
  C:1FEFH         LINE#         256
  C:1FEFH         LINE#         261
  C:1FF5H         LINE#         262
  C:1FF5H         LINE#         263
  C:1FF7H         LINE#         265
  C:1FFAH         LINE#         267
  C:1FFDH         LINE#         268
  C:1FFDH         LINE#         269
  C:2003H         LINE#         270
  C:2009H         LINE#         271
  C:2009H         LINE#         272
  C:200CH         LINE#         273
  C:2011H         LINE#         274
  C:2013H         LINE#         275
  C:2013H         LINE#         276
  C:2013H         LINE#         278
  C:2013H         LINE#         284
  C:2019H         LINE#         285
  C:2019H         LINE#         286
  C:201BH         LINE#         287
  C:201EH         LINE#         289
  C:2021H         LINE#         290
  C:2021H         LINE#         291
  C:202CH         LINE#         292
  C:202CH         LINE#         293
  C:202FH         LINE#         294
  C:2034H         LINE#         295
  C:2036H         LINE#         296
  C:2036H         LINE#         297
  C:2038H         LINE#         299
  C:2038H         LINE#         300
  C:203DH         LINE#         301
  C:203DH         LINE#         303
  C:203DH         LINE#         308
  C:2040H         LINE#         309
  -------         ENDPROC       MAIN
  -------         ENDMOD        MAIN

BL51 BANKED LINKER/LOCATER V6.22                                                      03/27/2023  15:27:35  PAGE 28


  -------         MODULE        QUEUE
  C:0000H         SYMBOL        _ICE_DUMMY_
  D:0080H         PUBLIC        P0
  D:0090H         PUBLIC        P1
  D:00A0H         PUBLIC        P2
  D:00B0H         PUBLIC        P3
  D:00D8H         PUBLIC        PWMCON0
  C:27A9H         PUBLIC        _Enter_queue
  D:00A8H         PUBLIC        IE
  C:315FH         SYMBOL        _Is_Empty_Queue
  D:00B8H         PUBLIC        IP
  C:2E01H         PUBLIC        _Is_Full_Queue
  D:0098H         PUBLIC        SCON
  D:0088H         PUBLIC        TCON
  C:2AD4H         PUBLIC        _Create_Queue
  D:00F8H         PUBLIC        SCON_1
  D:00E8H         PUBLIC        ADCCON0
  D:00C0H         PUBLIC        I2CON
  D:00C8H         PUBLIC        T2CON
  C:2582H         PUBLIC        _Denter_queue
  D:00D0H         PUBLIC        PSW
  -------         PROC          _CREATE_QUEUE
  X:0198H         SYMBOL        Q
  X:019BH         SYMBOL        pbuff
  X:019EH         SYMBOL        maxsize
  C:2AD4H         LINE#         60
  C:2ADFH         LINE#         61
  C:2ADFH         LINE#         62
  C:2AFCH         LINE#         63
  C:2B11H         LINE#         64
  C:2B1BH         LINE#         65
  C:2B2FH         LINE#         66
  -------         ENDPROC       _CREATE_QUEUE
  -------         PROC          _IS_FULL_QUEUE
  X:01A7H         SYMBOL        Q
  C:2E01H         LINE#         83
  C:2E0CH         LINE#         84
  C:2E0CH         LINE#         85
  C:2E52H         LINE#         86
  C:2E55H         LINE#         88
  C:2E57H         LINE#         89
  -------         ENDPROC       _IS_FULL_QUEUE
  -------         PROC          _IS_EMPTY_QUEUE
  D:0001H         SYMBOL        Q
  C:315FH         LINE#         105
  C:315FH         LINE#         106
  C:315FH         LINE#         107
  C:3171H         LINE#         108
  C:3174H         LINE#         110
  C:3176H         LINE#         111
  -------         ENDPROC       _IS_EMPTY_QUEUE
  -------         PROC          _ENTER_QUEUE
  X:01A3H         SYMBOL        Q
  X:01A6H         SYMBOL        val
  C:27A9H         LINE#         128
  C:27B9H         LINE#         129
  C:27B9H         LINE#         130
BL51 BANKED LINKER/LOCATER V6.22                                                      03/27/2023  15:27:35  PAGE 29


  C:27BFH         LINE#         131
  C:27C2H         LINE#         133
  C:27C2H         LINE#         134
  C:27E6H         LINE#         135
  C:2826H         LINE#         136
  C:2828H         LINE#         137
  C:2828H         LINE#         138
  -------         ENDPROC       _ENTER_QUEUE
  -------         PROC          _DENTER_QUEUE
  X:0199H         SYMBOL        Q
  X:019CH         SYMBOL        val
  C:2582H         LINE#         154
  C:258DH         LINE#         155
  C:258DH         LINE#         156
  C:259EH         LINE#         157
  C:259EH         LINE#         158
  C:25A1H         LINE#         159
  C:25A1H         LINE#         161
  C:25A1H         LINE#         162
  C:25CCH         LINE#         163
  C:260CH         LINE#         164
  C:260EH         LINE#         165
  C:260EH         LINE#         166
  -------         ENDPROC       _DENTER_QUEUE
  -------         ENDMOD        QUEUE

  -------         MODULE        UART_FRAME
  C:0000H         SYMBOL        _ICE_DUMMY_
  D:0080H         PUBLIC        P0
  D:0090H         PUBLIC        P1
  D:00A0H         PUBLIC        P2
  D:00B0H         PUBLIC        P3
  C:31E8H         PUBLIC        uart0_init
  D:00D8H         PUBLIC        PWMCON0
  X:0005H         PUBLIC        rx_buf
  C:2F67H         PUBLIC        _uart_frame_tx_2
  D:00A8H         PUBLIC        IE
  B:00A8H.4       PUBLIC        ES
  D:00B8H         PUBLIC        IP
  X:0131H         PUBLIC        uart_frame
  D:0098H         PUBLIC        SCON
  B:0080H.5       PUBLIC        P05
  D:0088H         PUBLIC        TCON
  C:2FD4H         PUBLIC        uart_frame_init
  D:00F8H         PUBLIC        SCON_1
  C:1A67H         PUBLIC        uart_frame_loop
  C:1BC2H         PUBLIC        cmd_proc
  D:00E8H         PUBLIC        ADCCON0
  D:00C0H         PUBLIC        I2CON
  D:00C8H         PUBLIC        T2CON
  X:013AH         PUBLIC        rx_queue
  C:3009H         PUBLIC        _uart_frame_tx
  X:0149H         PUBLIC        uart_tx_frame
  D:00D0H         PUBLIC        PSW
  -------         PROC          UART0_INIT
  C:31E8H         LINE#         35
  C:31E8H         LINE#         36
BL51 BANKED LINKER/LOCATER V6.22                                                      03/27/2023  15:27:35  PAGE 30


  C:31E8H         LINE#         37
  C:31F3H         LINE#         38
  C:31F5H         LINE#         39
  -------         ENDPROC       UART0_INIT
  -------         PROC          UART_FRAME_INIT
  C:2FD4H         LINE#         42
  C:2FD4H         LINE#         43
  C:2FD4H         LINE#         44
  C:2FF3H         LINE#         46
  C:2FF9H         LINE#         47
  C:2FFEH         LINE#         49
  C:3003H         LINE#         50
  C:3008H         LINE#         51
  -------         ENDPROC       UART_FRAME_INIT
  -------         PROC          _UART_FRAME_TX
  D:0007H         SYMBOL        cmd
  D:0005H         SYMBOL        dat
  -------         DO            
  D:0006H         SYMBOL        xor
  -------         ENDDO         
  C:3009H         LINE#         53
  C:3009H         LINE#         54
  C:3009H         LINE#         61
  C:300BH         LINE#         62
  C:3010H         LINE#         63
  C:3011H         LINE#         64
  C:3015H         LINE#         65
  C:3017H         LINE#         66
  C:301AH         LINE#         67
  C:301CH         LINE#         68
  C:301EH         LINE#         69
  C:3021H         LINE#         70
  C:3025H         LINE#         71
  C:303AH         LINE#         73
  -------         ENDPROC       _UART_FRAME_TX
  -------         PROC          _UART_FRAME_TX_2
  D:0007H         SYMBOL        cmd
  D:0005H         SYMBOL        dat0
  D:0003H         SYMBOL        dat1
  -------         DO            
  D:0006H         SYMBOL        xor
  -------         ENDDO         
  C:2F67H         LINE#         75
  C:2F67H         LINE#         76
  C:2F67H         LINE#         77
  C:2F69H         LINE#         78
  C:2F6EH         LINE#         79
  C:2F6FH         LINE#         80
  C:2F73H         LINE#         81
  C:2F75H         LINE#         82
  C:2F78H         LINE#         83
  C:2F7AH         LINE#         84
  C:2F7DH         LINE#         85
  C:2F7FH         LINE#         86
  C:2F81H         LINE#         87
  C:2F84H         LINE#         88
  C:2F88H         LINE#         89
BL51 BANKED LINKER/LOCATER V6.22                                                      03/27/2023  15:27:35  PAGE 31


  C:2F9DH         LINE#         90
  -------         ENDPROC       _UART_FRAME_TX_2
  -------         PROC          UART_FRAME_LOOP
  -------         DO            
  X:0000H         SYMBOL        sm
  X:0001H         SYMBOL        len
  X:0002H         SYMBOL        ptr
  X:0198H         SYMBOL        dat
  D:0007H         SYMBOL        ret
  -------         ENDDO         
  C:1A67H         LINE#         94
  C:1A67H         LINE#         95
  C:1A67H         LINE#         102
  C:1A7EH         LINE#         104
  C:1A84H         LINE#         105
  C:1A84H         LINE#         106
  C:1A9CH         LINE#         107
  C:1AB4H         LINE#         108
  C:1AB4H         LINE#         109
  C:1AB4H         LINE#         110
  C:1AB9H         LINE#         111
  C:1ABFH         LINE#         112
  C:1AC0H         LINE#         113
  C:1AC0H         LINE#         114
  C:1AC5H         LINE#         115
  C:1ACAH         LINE#         116
  C:1ACAH         LINE#         117
  C:1AD0H         LINE#         119
  C:1AD0H         LINE#         121
  C:1AD5H         LINE#         122
  C:1AE2H         LINE#         123
  C:1AE8H         LINE#         124
  C:1AE9H         LINE#         125
  C:1AE9H         LINE#         126
  C:1B06H         LINE#         127
  C:1B0CH         LINE#         128
  C:1B28H         LINE#         129
  C:1B28H         LINE#         130
  C:1B2EH         LINE#         131
  C:1B2EH         LINE#         132
  C:1B2FH         LINE#         133
  C:1B2FH         LINE#         134
  C:1B3EH         LINE#         135
  C:1B3EH         LINE#         136
  C:1B4DH         LINE#         137
  C:1B52H         LINE#         138
  C:1B6FH         LINE#         139
  C:1B6FH         LINE#         140
  C:1B92H         LINE#         141
  C:1B9AH         LINE#         143
  C:1BB9H         LINE#         144
  C:1BB9H         LINE#         145
  C:1BBCH         LINE#         146
  C:1BBCH         LINE#         148
  C:1BBCH         LINE#         149
  C:1BBCH         LINE#         150
  C:1BC1H         LINE#         151
BL51 BANKED LINKER/LOCATER V6.22                                                      03/27/2023  15:27:35  PAGE 32


  C:1BC1H         LINE#         152
  C:1BC1H         LINE#         153
  C:1BC1H         LINE#         154
  C:1BC1H         LINE#         155
  C:1BC1H         LINE#         156
  -------         ENDPROC       UART_FRAME_LOOP
  -------         PROC          CMD_PROC
  C:1BC2H         LINE#         159
  C:1BC2H         LINE#         160
  C:1BC2H         LINE#         161
  C:1BE0H         LINE#         162
  C:1BE0H         LINE#         163
  C:1BE0H         LINE#         164
  C:1BE0H         LINE#         165
  C:1BE0H         LINE#         166
  C:1BE1H         LINE#         167
  C:1BE1H         LINE#         168
  C:1BE3H         LINE#         169
  C:1BE9H         LINE#         172
  C:1BEAH         LINE#         173
  C:1BEAH         LINE#         183
  C:1BEAH         LINE#         184
  C:1BEAH         LINE#         185
  C:1BF0H         LINE#         186
  C:1BF1H         LINE#         187
  C:1BF1H         LINE#         188
  C:1BF7H         LINE#         189
  C:1BFBH         LINE#         190
  C:1BFBH         LINE#         191
  C:1C03H         LINE#         192
  C:1C03H         LINE#         193
  C:1C09H         LINE#         194
  C:1C1DH         LINE#         196
  C:1C1EH         LINE#         197
  C:1C1EH         LINE#         198
  C:1C24H         LINE#         199
  C:1C28H         LINE#         200
  C:1C30H         LINE#         201
  C:1C33H         LINE#         202
  C:1C44H         LINE#         203
  C:1C45H         LINE#         204
  C:1C45H         LINE#         206
  C:1C52H         LINE#         207
  C:1C52H         LINE#         208
  C:1C57H         LINE#         209
  C:1C58H         LINE#         211
  C:1C58H         LINE#         212
  C:1C5DH         LINE#         213
  C:1C5DH         LINE#         214
  C:1C5EH         LINE#         215
  C:1C5EH         LINE#         216
  C:1C6FH         LINE#         217
  C:1C75H         LINE#         218
  C:1C75H         LINE#         219
  C:1C7CH         LINE#         220
  C:1C7FH         LINE#         221
  C:1C82H         LINE#         222
BL51 BANKED LINKER/LOCATER V6.22                                                      03/27/2023  15:27:35  PAGE 33


  C:1C85H         LINE#         224
  C:1C88H         LINE#         225
  C:1C8BH         LINE#         226
  C:1C8EH         LINE#         227
  C:1C95H         LINE#         228
  C:1C9AH         LINE#         229
  C:1C9BH         LINE#         230
  C:1CA3H         LINE#         231
  C:1CA3H         LINE#         232
  C:1CAAH         LINE#         233
  C:1CADH         LINE#         234
  C:1CB0H         LINE#         235
  C:1CB3H         LINE#         237
  C:1CB6H         LINE#         238
  C:1CB9H         LINE#         239
  C:1CBCH         LINE#         240
  C:1CC3H         LINE#         241
  C:1CC8H         LINE#         242
  C:1CC9H         LINE#         243
  C:1CD1H         LINE#         244
  C:1CD1H         LINE#         245
  C:1CD8H         LINE#         246
  C:1CDBH         LINE#         247
  C:1CDEH         LINE#         248
  C:1CE1H         LINE#         250
  C:1CE4H         LINE#         251
  C:1CE7H         LINE#         252
  C:1CEAH         LINE#         253
  C:1CF1H         LINE#         254
  C:1CF6H         LINE#         255
  C:1CF6H         LINE#         257
  C:1CF6H         LINE#         258
  C:1CF6H         LINE#         259
  C:1CF6H         LINE#         260
  C:1CF6H         LINE#         261
  -------         ENDPROC       CMD_PROC
  -------         ENDMOD        UART_FRAME

  -------         MODULE        TREADMILLS
  C:0000H         SYMBOL        _ICE_DUMMY_
  D:0080H         PUBLIC        P0
  D:0090H         PUBLIC        P1
  D:00A0H         PUBLIC        P2
  X:015DH         SYMBOL        run_disp_tab
  D:00B0H         PUBLIC        P3
  X:0160H         PUBLIC        booktime_cnt
  D:00D8H         PUBLIC        PWMCON0
  D:00A8H         PUBLIC        IE
  X:0161H         PUBLIC        booktime_en
  C:12C9H         PUBLIC        _treadmills_display
  D:00B8H         PUBLIC        IP
  C:15C1H         PUBLIC        treadmills_param_calc
  C:2A16H         PUBLIC        _map_speed
  D:0098H         PUBLIC        SCON
  D:0088H         PUBLIC        TCON
  X:0162H         PUBLIC        treadmills
  C:299DH         PUBLIC        communication_checkout
BL51 BANKED LINKER/LOCATER V6.22                                                      03/27/2023  15:27:35  PAGE 34


  D:00F8H         PUBLIC        SCON_1
  C:2C9DH         PUBLIC        boot_time
  C:308AH         PUBLIC        treadmills_init
  D:00E8H         PUBLIC        ADCCON0
  D:00C0H         PUBLIC        I2CON
  X:0195H         SYMBOL        boot_disp_tab
  D:00C8H         PUBLIC        T2CON
  C:28A6H         PUBLIC        treadmills_disp_loop
  C:0F2FH         PUBLIC        treadmills_proc_loop
  D:00D0H         PUBLIC        PSW
  -------         PROC          TREADMILLS_INIT
  C:308AH         LINE#         26
  C:308AH         LINE#         27
  C:308AH         LINE#         28
  C:308FH         LINE#         29
  C:3099H         LINE#         30
  C:30A2H         LINE#         32
  C:30A7H         LINE#         33
  -------         ENDPROC       TREADMILLS_INIT
  -------         PROC          _MAP_SPEED
  D:0007H         SYMBOL        speed
  -------         DO            
  X:019AH         SYMBOL        voltage
  D:0007H         SYMBOL        tar_speed
  -------         ENDDO         
  C:2A16H         LINE#         35
  C:2A16H         LINE#         36
  C:2A16H         LINE#         39
  C:2A3CH         LINE#         41
  C:2A76H         LINE#         42
  C:2A76H         LINE#         43
  -------         ENDPROC       _MAP_SPEED
  -------         PROC          BOOT_TIME
  C:2C9DH         LINE#         70
  C:2C9DH         LINE#         71
  C:2C9DH         LINE#         72
  C:2CA8H         LINE#         73
  C:2CAEH         LINE#         74
  C:2CB4H         LINE#         75
  C:2CB4H         LINE#         76
  C:2CB6H         LINE#         77
  C:2CC4H         LINE#         78
  C:2CC4H         LINE#         79
  C:2CD0H         LINE#         80
  C:2CD2H         LINE#         82
  C:2CD2H         LINE#         83
  C:2CD9H         LINE#         84
  C:2CD9H         LINE#         85
  C:2CDEH         LINE#         86
  C:2CE5H         LINE#         88
  C:2CEFH         LINE#         89
  C:2CEFH         LINE#         90
  C:2CF3H         LINE#         91
[...]
  D:00D8H         PUBLIC        PWMCON0
BL51 BANKED LINKER/LOCATER V6.22                                                      03/27/2023  15:27:35  PAGE 48


  D:00A8H         PUBLIC        IE
  C:2F9EH         PUBLIC        read_param
  D:00B8H         PUBLIC        IP
  C:30A8H         PUBLIC        write_param
  D:0098H         PUBLIC        SCON
  D:0088H         PUBLIC        TCON
  X:020CH         PUBLIC        ee_param
  D:00F8H         PUBLIC        SCON_1
  C:0003H         PUBLIC        ee_param_init
  D:00E8H         PUBLIC        ADCCON0
  D:00C0H         PUBLIC        I2CON
  D:00C8H         PUBLIC        T2CON
  D:00D0H         PUBLIC        PSW
  -------         PROC          EE_PARAM_INIT
  C:0003H         LINE#         19
  C:0003H         LINE#         20
  C:0003H         LINE#         21
  C:0009H         LINE#         23
  -------         ENDPROC       EE_PARAM_INIT
  -------         PROC          READ_PARAM
  -------         DO            
  D:0007H         SYMBOL        i
  X:0198H         SYMBOL        buff
  D:0001H         SYMBOL        ee_param_ptr
  -------         ENDDO         
  C:2F9EH         LINE#         32
  C:2F9EH         LINE#         33
  C:2F9EH         LINE#         39
  C:2FA0H         LINE#         40
  C:2FA0H         LINE#         41
  C:2FAAH         LINE#         42
  C:2FACH         LINE#         44
  C:2FBDH         LINE#         45
  C:2FC3H         LINE#         47
  C:2FC9H         LINE#         48
  C:2FC9H         LINE#         49
  C:2FD3H         LINE#         50
  C:2FD3H         LINE#         52
  C:2FD3H         LINE#         59
  C:2FD3H         LINE#         62
  -------         ENDPROC       READ_PARAM
  -------         PROC          WRITE_PARAM
  C:30A8H         LINE#         65
  C:30A8H         LINE#         66
  C:30A8H         LINE#         67
  C:30ADH         LINE#         70
  C:30B3H         LINE#         72
  C:30C4H         LINE#         77
  -------         ENDPROC       WRITE_PARAM
  -------         ENDMOD        EE_PARAM

  -------         MODULE        IAP_EEPROM
  C:0000H         SYMBOL        _ICE_DUMMY_
  D:0080H         PUBLIC        P0
  D:0090H         PUBLIC        P1
  D:00A0H         PUBLIC        P2
  D:00B0H         PUBLIC        P3
BL51 BANKED LINKER/LOCATER V6.22                                                      03/27/2023  15:27:35  PAGE 49


  B:00A8H.7       PUBLIC        EA
  D:00D8H         PUBLIC        PWMCON0
  D:00A8H         PUBLIC        IE
  D:00C7H         PUBLIC        TA
  C:2A77H         PUBLIC        _erase_aprom_page
  D:00B8H         PUBLIC        IP
  C:2E58H         PUBLIC        _read_aprom_page
  C:3242H         PUBLIC        test_iaprom
  C:22E0H         PUBLIC        _write_aprom_page
  D:0098H         PUBLIC        SCON
  D:0088H         PUBLIC        TCON
  D:009FH         PUBLIC        CHPCON
  D:00A5H         PUBLIC        IAPUEN
  D:00F8H         PUBLIC        SCON_1
  D:00A4H         PUBLIC        IAPTRG
  D:00E8H         PUBLIC        ADCCON0
  D:00C0H         PUBLIC        I2CON
  D:00A7H         PUBLIC        IAPAH
  D:00AEH         PUBLIC        IAPFD
  D:00C8H         PUBLIC        T2CON
  D:00A6H         PUBLIC        IAPAL
  D:00AFH         PUBLIC        IAPCN
  D:00D0H         PUBLIC        PSW
  -------         PROC          _ERASE_APROM_PAGE
  D:0007H         SYMBOL        page
  -------         DO            
  D:0006H         SYMBOL        u16_addr
  -------         ENDDO         
  C:2A77H         LINE#         12
  C:2A77H         LINE#         13
  C:2A77H         LINE#         14
  C:2A8EH         LINE#         15
  C:2A91H         LINE#         16
  C:2A94H         LINE#         17
  C:2A97H         LINE#         18
  C:2AAAH         LINE#         19
  C:2ABDH         LINE#         20
  C:2AC0H         LINE#         21
  C:2AD3H         LINE#         22
  -------         ENDPROC       _ERASE_APROM_PAGE
  -------         PROC          _WRITE_APROM_PAGE
  D:0007H         SYMBOL        page
  X:019AH         SYMBOL        buf
  X:019DH         SYMBOL        len
  -------         DO            
  D:0005H         SYMBOL        i
  X:019EH         SYMBOL        u16_addr
  -------         ENDDO         
  C:22E0H         LINE#         25
  C:22EBH         LINE#         26
  C:22EBH         LINE#         29
  C:2308H         LINE#         30
  C:231BH         LINE#         31
  C:232EH         LINE#         36
  C:2331H         LINE#         37
  C:233DH         LINE#         38
  C:233DH         LINE#         39
BL51 BANKED LINKER/LOCATER V6.22                                                      03/27/2023  15:27:35  PAGE 50


  C:2345H         LINE#         40
  C:2348H         LINE#         41
  C:235DH         LINE#         42
  C:2370H         LINE#         43
  C:2373H         LINE#         47
  C:2386H         LINE#         48
  C:2399H         LINE#         52
  -------         ENDPROC       _WRITE_APROM_PAGE
  -------         PROC          _READ_APROM_PAGE
  D:0007H         SYMBOL        page
  X:019BH         SYMBOL        buf
  X:019EH         SYMBOL        len
  -------         DO            
  D:0005H         SYMBOL        i
  D:0006H         SYMBOL        ptr
  -------         ENDDO         
  C:2E58H         LINE#         56
  C:2E63H         LINE#         57
  C:2E63H         LINE#         59
  C:2E7AH         LINE#         60
  C:2E86H         LINE#         61
  C:2E86H         LINE#         62
  C:2EA5H         LINE#         63
  C:2EA8H         LINE#         64
  -------         ENDPROC       _READ_APROM_PAGE
  -------         PROC          TEST_IAPROM
  C:3242H         LINE#         72
  C:3242H         LINE#         73
  C:3242H         LINE#         110
  C:3244H         LINE#         113
  -------         ENDPROC       TEST_IAPROM
  -------         ENDMOD        IAP_EEPROM

  -------         MODULE        DELAY
  C:0000H         SYMBOL        _ICE_DUMMY_
  D:0080H         PUBLIC        P0
  D:0090H         PUBLIC        P1
  D:00A0H         PUBLIC        P2
  C:2CF6H         PUBLIC        _Timer0_Delay100us
  D:00B0H         PUBLIC        P3
  D:00D8H         PUBLIC        PWMCON0
  C:2B30H         PUBLIC        _Timer2_Delay500us
  D:00A8H         PUBLIC        IE
  D:00B8H         PUBLIC        IP
  C:2D4FH         PUBLIC        _Timer0_Delay1ms
  B:0020H.2       PUBLIC        BIT_TMP
  D:0098H         PUBLIC        SCON
  D:0089H         PUBLIC        TMOD
  D:0088H         PUBLIC        TCON
  D:00F8H         PUBLIC        SCON_1
  B:0088H.5       PUBLIC        TF0
  C:2DA8H         PUBLIC        _Timer1_Delay10ms
  B:0088H.7       PUBLIC        TF1
  B:00C8H.7       PUBLIC        TF2
  D:008CH         PUBLIC        TH0
  D:00C6H         PUBLIC        RH3
  D:008DH         PUBLIC        TH1
BL51 BANKED LINKER/LOCATER V6.22                                                      03/27/2023  15:27:35  PAGE 51


  D:00CDH         PUBLIC        TH2
  D:008AH         PUBLIC        TL0
  D:00C5H         PUBLIC        RL3
  D:008BH         PUBLIC        TL1
  D:00CCH         PUBLIC        TL2
  C:2C42H         PUBLIC        _Timer3_Delay10us
  B:0088H.4       PUBLIC        TR0
  B:0088H.6       PUBLIC        TR1
  B:00C8H.2       PUBLIC        TR2
  D:00E8H         PUBLIC        ADCCON0
  D:00C0H         PUBLIC        I2CON
  D:00C9H         PUBLIC        T2MOD
  D:00C8H         PUBLIC        T2CON
  D:00C4H         PUBLIC        T3CON
  D:008EH         PUBLIC        CKCON
  D:00D0H         PUBLIC        PSW
  C:2BE7H         PUBLIC        _Timer3_Delay100ms
  -------         PROC          _TIMER0_DELAY100US
  X:01F0H         SYMBOL        u32CNT
  C:2CF6H         LINE#         22
  C:2CFCH         LINE#         23
  C:2CFCH         LINE#         24
  C:2CFFH         LINE#         25
  C:2D02H         LINE#         26
  C:2D04H         LINE#         27
  C:2D1DH         LINE#         28
  C:2D1DH         LINE#         29
  C:2D20H         LINE#         30
  C:2D23H         LINE#         31
  C:2D26H         LINE#         32
  C:2D28H         LINE#         33
  C:2D4AH         LINE#         34
  C:2D4CH         LINE#         35
  C:2D4EH         LINE#         36
  -------         ENDPROC       _TIMER0_DELAY100US
  -------         PROC          _TIMER0_DELAY1MS
  X:01F4H         SYMBOL        u32CNT
  C:2D4FH         LINE#         38
  C:2D55H         LINE#         39
  C:2D55H         LINE#         40
  C:2D58H         LINE#         41
  C:2D5BH         LINE#         42
  C:2D5DH         LINE#         43
  C:2D76H         LINE#         44
  C:2D76H         LINE#         45
  C:2D79H         LINE#         46
  C:2D7CH         LINE#         47
  C:2D7FH         LINE#         48
  C:2D81H         LINE#         49
  C:2DA3H         LINE#         50
  C:2DA5H         LINE#         51
  C:2DA7H         LINE#         52
  -------         ENDPROC       _TIMER0_DELAY1MS
  -------         PROC          _TIMER1_DELAY10MS
  X:01F8H         SYMBOL        u32CNT
  C:2DA8H         LINE#         55
  C:2DAEH         LINE#         56
BL51 BANKED LINKER/LOCATER V6.22                                                      03/27/2023  15:27:35  PAGE 52


  C:2DAEH         LINE#         57
  C:2DB1H         LINE#         58
  C:2DB4H         LINE#         59
  C:2DB6H         LINE#         60
  C:2DCFH         LINE#         61
  C:2DCFH         LINE#         62
  C:2DD2H         LINE#         63
  C:2DD5H         LINE#         64
  C:2DD8H         LINE#         65
  C:2DDAH         LINE#         66
  C:2DFCH         LINE#         67
  C:2DFEH         LINE#         68
  C:2E00H         LINE#         69
  -------         ENDPROC       _TIMER1_DELAY10MS
  -------         PROC          _TIMER2_DELAY500US
  X:01FCH         SYMBOL        u32CNT
  C:2B30H         LINE#         71
  C:2B36H         LINE#         72
  C:2B36H         LINE#         73
  C:2B39H         LINE#         74
  C:2B3CH         LINE#         75
  C:2B3FH         LINE#         76
  C:2B41H         LINE#         77
  C:2B5AH         LINE#         78
  C:2B5AH         LINE#         79
  C:2B5DH         LINE#         80
  C:2B60H         LINE#         81
  C:2B63H         LINE#         82
  C:2B65H         LINE#         83
  C:2B87H         LINE#         84
  C:2B89H         LINE#         85
  C:2B8BH         LINE#         86
  -------         ENDPROC       _TIMER2_DELAY500US
  -------         PROC          _TIMER3_DELAY100MS
  X:0200H         SYMBOL        u32CNT
  C:2BE7H         LINE#         88
  C:2BEDH         LINE#         89
  C:2BEDH         LINE#         90
  C:2BF0H         LINE#         91
  C:2BF3H         LINE#         92
  C:2C0CH         LINE#         93
  C:2C0CH         LINE#         94
  C:2C0FH         LINE#         95
  C:2C12H         LINE#         96
  C:2C17H         LINE#         97
  C:2C1AH         LINE#         98
  C:2C3CH         LINE#         99
  C:2C3EH         LINE#         100
  C:2C41H         LINE#         101
  -------         ENDPROC       _TIMER3_DELAY100MS
  -------         PROC          _TIMER3_DELAY10US
  X:0204H         SYMBOL        u32CNT
  C:2C42H         LINE#         103
  C:2C48H         LINE#         104
  C:2C48H         LINE#         105
  C:2C4BH         LINE#         106
  C:2C4EH         LINE#         107
BL51 BANKED LINKER/LOCATER V6.22                                                      03/27/2023  15:27:35  PAGE 53


  C:2C67H         LINE#         108
  C:2C67H         LINE#         109
  C:2C6AH         LINE#         110
  C:2C6DH         LINE#         111
  C:2C72H         LINE#         112
  C:2C75H         LINE#         113
  C:2C97H         LINE#         114
  C:2C99H         LINE#         115
  C:2C9CH         LINE#         116
  -------         ENDPROC       _TIMER3_DELAY10US
  -------         ENDMOD        DELAY

  -------         MODULE        COMMON
  C:0000H         SYMBOL        _ICE_DUMMY_
  D:00B1H         PUBLIC        P0M1
  D:00B2H         PUBLIC        P0M2
  D:0080H         PUBLIC        P0
  D:0090H         PUBLIC        P1
  D:00A0H         PUBLIC        P2
  D:00B0H         PUBLIC        P3
  B:00A8H.7       PUBLIC        EA
  D:00D8H         PUBLIC        PWMCON0
  D:00A8H         PUBLIC        IE
  C:3115H         PUBLIC        SW_Reset
  D:00C7H         PUBLIC        TA
  D:00B8H         PUBLIC        IP
  B:0098H.1       PUBLIC        TI
  D:0087H         PUBLIC        PCON
  D:0098H         PUBLIC        SCON
  D:0088H         PUBLIC        TCON
  D:009FH         PUBLIC        CHPCON
  D:00F8H         PUBLIC        SCON_1
  D:00C6H         PUBLIC        RH3
  D:00C5H         PUBLIC        RL3
  C:2829H         PUBLIC        _InitialUART0_Timer3
  D:00E8H         PUBLIC        ADCCON0
  D:00C0H         PUBLIC        I2CON
  D:00C8H         PUBLIC        T2CON
  D:00C4H         PUBLIC        T3CON
  D:00D0H         PUBLIC        PSW
  -------         PROC          _INITIALUART0_TIMER3
  X:0198H         SYMBOL        u32Baudrate
  C:2829H         LINE#         25
  C:282FH         LINE#         26
  C:282FH         LINE#         27
  C:2835H         LINE#         28
  C:283BH         LINE#         30
  C:283EH         LINE#         31
  C:2841H         LINE#         32
  C:2844H         LINE#         33
  C:2847H         LINE#         40
  C:2875H         LINE#         41
  C:28A0H         LINE#         43
  C:28A3H         LINE#         44
  C:28A5H         LINE#         45
  -------         ENDPROC       _INITIALUART0_TIMER3
  -------         PROC          SW_RESET
BL51 BANKED LINKER/LOCATER V6.22                                                      03/27/2023  15:27:35  PAGE 54


  C:3115H         LINE#         50
  C:3115H         LINE#         51
  C:3115H         LINE#         52
  C:3118H         LINE#         53
  C:311BH         LINE#         54
  C:312EH         LINE#         55
  -------         ENDPROC       SW_RESET
  -------         ENDMOD        COMMON

  -------         MODULE        ?C?FPADD
  C:002DH         PUBLIC        ?C?FPADD
  C:0029H         PUBLIC        ?C?FPSUB
  -------         ENDMOD        ?C?FPADD

  -------         MODULE        ?C?FPMUL
  C:011EH         PUBLIC        ?C?FPMUL
  -------         ENDMOD        ?C?FPMUL

  -------         MODULE        ?C?FPDIV
  C:0227H         PUBLIC        ?C?FPDIV
  -------         ENDMOD        ?C?FPDIV

  -------         MODULE        ?C?FPCMP
  C:02C6H         PUBLIC        ?C?FPCMP
  C:02C4H         PUBLIC        ?C?FPCMP3
  -------         ENDMOD        ?C?FPCMP

  -------         MODULE        ?C?FCAST
  C:033BH         PUBLIC        ?C?FCASTC
  C:0336H         PUBLIC        ?C?FCASTI
  C:0331H         PUBLIC        ?C?FCASTL
  -------         ENDMOD        ?C?FCAST

  -------         MODULE        ?C?CASTF
  C:036FH         PUBLIC        ?C?CASTF
  -------         ENDMOD        ?C?CASTF

  -------         MODULE        ?C?CLDPTR
  C:03F0H         PUBLIC        ?C?CLDPTR
  -------         ENDMOD        ?C?CLDPTR

  -------         MODULE        ?C?CLDOPTR
  C:0409H         PUBLIC        ?C?CLDOPTR
  -------         ENDMOD        ?C?CLDOPTR

  -------         MODULE        ?C?CSTPTR
  C:0436H         PUBLIC        ?C?CSTPTR
  -------         ENDMOD        ?C?CSTPTR

  -------         MODULE        ?C?CSTOPTR
  C:0448H         PUBLIC        ?C?CSTOPTR
  -------         ENDMOD        ?C?CSTOPTR

  -------         MODULE        ?C?UIDIV
  C:046AH         PUBLIC        ?C?UIDIV
  -------         ENDMOD        ?C?UIDIV

BL51 BANKED LINKER/LOCATER V6.22                                                      03/27/2023  15:27:35  PAGE 55


  -------         MODULE        ?C?ULDIV
  C:04FBH         PUBLIC        ?C?ULDIV
  -------         ENDMOD        ?C?ULDIV

  -------         MODULE        ?C?LNEG
  C:058DH         PUBLIC        ?C?LNEG
  -------         ENDMOD        ?C?LNEG

  -------         MODULE        ?C?ULCMP
  C:059BH         PUBLIC        ?C?ULCMP
  -------         ENDMOD        ?C?ULCMP

  -------         MODULE        ?C?ULSHR
  C:05ACH         PUBLIC        ?C?ULSHR
  -------         ENDMOD        ?C?ULSHR

  -------         MODULE        ?C?LLDOPTR
  C:05BFH         PUBLIC        ?C?LLDOPTR
  -------         ENDMOD        ?C?LLDOPTR

  -------         MODULE        ?C?LSTOPTR
  C:05EFH         PUBLIC        ?C?LSTOPTR
  -------         ENDMOD        ?C?LSTOPTR

  -------         MODULE        ?C?LLDOPTR0
  C:0613H         PUBLIC        ?C?LLDOPTR0
  -------         ENDMOD        ?C?LLDOPTR0

  -------         MODULE        ?C?LSTXDATA
  C:0643H         PUBLIC        ?C?LSTXDATA
  -------         ENDMOD        ?C?LSTXDATA

  -------         MODULE        ?C?LSTKXDATA
  C:064FH         PUBLIC        ?C?LSTKXDATA
  -------         ENDMOD        ?C?LSTKXDATA

  -------         MODULE        ?C?LSTKOPTR
  C:0680H         PUBLIC        ?C?LSTKOPTR
  -------         ENDMOD        ?C?LSTKOPTR

  -------         MODULE        ?C?PLDPTR
  C:06A4H         PUBLIC        ?C?PLDPTR
  -------         ENDMOD        ?C?PLDPTR

  -------         MODULE        ?C?PSTPTR
  C:06C4H         PUBLIC        ?C?PSTPTR
  -------         ENDMOD        ?C?PSTPTR

  -------         MODULE        ?C?LLDIDATA
  C:0713H         PUBLIC        ?C?LLDIDATA
  -------         ENDMOD        ?C?LLDIDATA

  -------         MODULE        ?C?LLDXDATA
  C:071FH         PUBLIC        ?C?LLDXDATA
  -------         ENDMOD        ?C?LLDXDATA

  -------         MODULE        ?C?LLDPDATA
BL51 BANKED LINKER/LOCATER V6.22                                                      03/27/2023  15:27:35  PAGE 56


  C:072BH         PUBLIC        ?C?LLDPDATA
  -------         ENDMOD        ?C?LLDPDATA

  -------         MODULE        ?C?LLDCODE
  C:0737H         PUBLIC        ?C?LLDCODE
  -------         ENDMOD        ?C?LLDCODE

  -------         MODULE        ?C?LLDIDATA0
  C:0747H         PUBLIC        ?C?LLDIDATA0
  -------         ENDMOD        ?C?LLDIDATA0

  -------         MODULE        ?C?LLDXDATA0
  C:0754H         PUBLIC        ?C?LLDXDATA0
  -------         ENDMOD        ?C?LLDXDATA0

  -------         MODULE        ?C?LLDPDATA0
  C:0760H         PUBLIC        ?C?LLDPDATA0
  -------         ENDMOD        ?C?LLDPDATA0

  -------         MODULE        ?C?LLDCODE0
  C:076DH         PUBLIC        ?C?LLDCODE0
  -------         ENDMOD        ?C?LLDCODE0

  -------         MODULE        ?C?LSTIDATA
  C:077DH         PUBLIC        ?C?LSTIDATA
  -------         ENDMOD        ?C?LSTIDATA

  -------         MODULE        ?C?LSTPDATA
  C:0789H         PUBLIC        ?C?LSTPDATA
  -------         ENDMOD        ?C?LSTPDATA

  -------         MODULE        ?C?LSTKIDATA
  C:0795H         PUBLIC        ?C?LSTKIDATA
  -------         ENDMOD        ?C?LSTKIDATA

  -------         MODULE        ?C?LSTKPDATA
  C:07AEH         PUBLIC        ?C?LSTKPDATA
  -------         ENDMOD        ?C?LSTKPDATA

  -------         MODULE        ?C?PLDIDATA
  C:07C7H         PUBLIC        ?C?PLDIDATA
  -------         ENDMOD        ?C?PLDIDATA

  -------         MODULE        ?C?PSTIDATA
  C:07D0H         PUBLIC        ?C?PSTIDATA
  -------         ENDMOD        ?C?PSTIDATA

  -------         MODULE        ?C?PLDXDATA
  C:07D9H         PUBLIC        ?C?PLDXDATA
  -------         ENDMOD        ?C?PLDXDATA

  -------         MODULE        ?C?PSTXDATA
  C:07E2H         PUBLIC        ?C?PSTXDATA
  -------         ENDMOD        ?C?PSTXDATA

  -------         MODULE        ?C?PLDPDATA
  C:07EBH         PUBLIC        ?C?PLDPDATA
BL51 BANKED LINKER/LOCATER V6.22                                                      03/27/2023  15:27:35  PAGE 57


  -------         ENDMOD        ?C?PLDPDATA

  -------         MODULE        ?C?PSTPDATA
  C:07F4H         PUBLIC        ?C?PSTPDATA
  -------         ENDMOD        ?C?PSTPDATA

  -------         MODULE        ?C?PLDCODE
  C:07FDH         PUBLIC        ?C?PLDCODE
  -------         ENDMOD        ?C?PLDCODE

Program Size: data=11.3 xdata=527 code=12870
LINK/LOCATE RUN COMPLETE.  0 WARNING(S),  0 ERROR(S)
